Component: ARM Compiler 5.06 update 6 (build 750) Tool: armlink [4d35ed]

==============================================================================

Section Cross References

    startup_stm32f407xx.o(RESET) refers to startup_stm32f407xx.o(STACK) for __initial_sp
    startup_stm32f407xx.o(RESET) refers to startup_stm32f407xx.o(.text) for Reset_Handler
    startup_stm32f407xx.o(RESET) refers to port.o(.emb_text) for SVC_Handler
    startup_stm32f407xx.o(RESET) refers to port.o(i.SysTick_Handler) for SysTick_Handler
    startup_stm32f407xx.o(RESET) refers to stm32f4xx_it.o(i.ADC_IRQHandler) for ADC_IRQHandler
    startup_stm32f407xx.o(RESET) refers to stm32f4xx_it.o(i.TIM4_IRQHandler) for TIM4_IRQHandler
    startup_stm32f407xx.o(RESET) refers to stm32f4xx_it.o(i.USART1_IRQHandler) for USART1_IRQHandler
    startup_stm32f407xx.o(RESET) refers to stm32f4xx_it.o(i.USART2_IRQHandler) for USART2_IRQHandler
    startup_stm32f407xx.o(RESET) refers to stm32f4xx_it.o(i.USART3_IRQHandler) for USART3_IRQHandler
    startup_stm32f407xx.o(RESET) refers to stm32f4xx_it.o(i.UART4_IRQHandler) for UART4_IRQHandler
    startup_stm32f407xx.o(.text) refers to system_stm32f4xx_1.o(i.SystemInit) for SystemInit
    startup_stm32f407xx.o(.text) refers to entry.o(.ARM.Collect$$$$00000000) for __main
    stm32f4xx_hal_timebase_tim.o(i.HAL_InitTick) refers to stm32f4xx_hal_cortex.o(i.HAL_NVIC_SetPriority) for HAL_NVIC_SetPriority
    stm32f4xx_hal_timebase_tim.o(i.HAL_InitTick) refers to stm32f4xx_hal_cortex.o(i.HAL_NVIC_EnableIRQ) for HAL_NVIC_EnableIRQ
    stm32f4xx_hal_timebase_tim.o(i.HAL_InitTick) refers to stm32f4xx_hal_rcc.o(i.HAL_RCC_GetClockConfig) for HAL_RCC_GetClockConfig
    stm32f4xx_hal_timebase_tim.o(i.HAL_InitTick) refers to stm32f4xx_hal_rcc.o(i.HAL_RCC_GetPCLK1Freq) for HAL_RCC_GetPCLK1Freq
    stm32f4xx_hal_timebase_tim.o(i.HAL_InitTick) refers to stm32f4xx_hal_tim.o(i.HAL_TIM_Base_Init) for HAL_TIM_Base_Init
    stm32f4xx_hal_timebase_tim.o(i.HAL_InitTick) refers to stm32f4xx_hal_tim.o(i.HAL_TIM_Base_Start_IT) for HAL_TIM_Base_Start_IT
    stm32f4xx_hal_timebase_tim.o(i.HAL_InitTick) refers to stm32f4xx_hal_timebase_tim.o(.bss) for .bss
    stm32f4xx_hal_timebase_tim.o(i.HAL_ResumeTick) refers to stm32f4xx_hal_timebase_tim.o(.bss) for .bss
    stm32f4xx_hal_timebase_tim.o(i.HAL_SuspendTick) refers to stm32f4xx_hal_timebase_tim.o(.bss) for .bss
    stm32f4xx_it.o(i.ADC_IRQHandler) refers to stm32f4xx_hal_adc.o(i.HAL_ADC_IRQHandler) for HAL_ADC_IRQHandler
    stm32f4xx_it.o(i.ADC_IRQHandler) refers to battery.o(.bss) for hadc1
    stm32f4xx_it.o(i.HAL_UART_RxCpltCallback) refers to slamware.o(i.Slamware_DataHandler) for Slamware_DataHandler
    stm32f4xx_it.o(i.HAL_UART_RxCpltCallback) refers to sonar.o(i.Sonar_DataHandler) for Sonar_DataHandler
    stm32f4xx_it.o(i.HAL_UART_RxCpltCallback) refers to slamware.o(.bss) for slamwareRecieveBuffer
    stm32f4xx_it.o(i.HAL_UART_RxCpltCallback) refers to sonar.o(.data) for sonarRecieveBuffer
    stm32f4xx_it.o(i.TIM4_IRQHandler) refers to stm32f4xx_hal_tim.o(i.HAL_TIM_IRQHandler) for HAL_TIM_IRQHandler
    stm32f4xx_it.o(i.TIM4_IRQHandler) refers to stm32f4xx_hal_timebase_tim.o(.bss) for htim4
    stm32f4xx_it.o(i.UART4_IRQHandler) refers to stm32f4xx_hal_uart.o(i.HAL_UART_IRQHandler) for HAL_UART_IRQHandler
    stm32f4xx_it.o(i.UART4_IRQHandler) refers to sonar.o(.bss) for huart4
    stm32f4xx_it.o(i.USART1_IRQHandler) refers to stm32f4xx_hal_uart.o(i.HAL_UART_IRQHandler) for HAL_UART_IRQHandler
    stm32f4xx_it.o(i.USART1_IRQHandler) refers to servo.o(.bss) for huart1
    stm32f4xx_it.o(i.USART2_IRQHandler) refers to stm32f4xx_hal_uart.o(i.HAL_UART_IRQHandler) for HAL_UART_IRQHandler
    stm32f4xx_it.o(i.USART2_IRQHandler) refers to host.o(.bss) for huart2
    stm32f4xx_it.o(i.USART3_IRQHandler) refers to stm32f4xx_hal_uart.o(i.HAL_UART_IRQHandler) for HAL_UART_IRQHandler
    stm32f4xx_it.o(i.USART3_IRQHandler) refers to slamware.o(.bss) for huart3
    main.o(i.main) refers to stm32f4xx_hal.o(i.HAL_Init) for HAL_Init
    main.o(i.main) refers to system.o(i.System_Clock_Config) for System_Clock_Config
    main.o(i.main) refers to cmsis_os2.o(i.osKernelInitialize) for osKernelInitialize
    main.o(i.main) refers to host.o(i.Host_Init) for Host_Init
    main.o(i.main) refers to motor.o(i.Motor_Init) for Motor_Init
    main.o(i.main) refers to servo.o(i.Servo_Init) for Servo_Init
    main.o(i.main) refers to beep.o(i.Beep_Init) for Beep_Init
    main.o(i.main) refers to battery.o(i.Battery_Init) for Battery_Init
    main.o(i.main) refers to sonar.o(i.Sonar_Init) for Sonar_Init
    main.o(i.main) refers to watchdog.o(i.Watchdog_Init) for Watchdog_Init
    main.o(i.main) refers to motor.o(i.Motor_RunTask) for Motor_RunTask
    main.o(i.main) refers to servo.o(i.Servo_RunTask) for Servo_RunTask
    main.o(i.main) refers to beep.o(i.Beep_RunTask) for Beep_RunTask
    main.o(i.main) refers to battery.o(i.Battery_RunTask) for Battery_RunTask
[...]
    i.xTaskResumeAll                         0x08006178   Section        0  tasks.o(i.xTaskResumeAll)
    i.xTimerCreate                           0x0800623c   Section        0  timers.o(i.xTimerCreate)
    i.xTimerCreateStatic                     0x08006270   Section        0  timers.o(i.xTimerCreateStatic)
    i.xTimerCreateTimerTask                  0x080062a0   Section        0  timers.o(i.xTimerCreateTimerTask)
    i.xTimerGenericCommand                   0x08006300   Section        0  timers.o(i.xTimerGenericCommand)
    .constdata                               0x08006368   Section       32  motor.o(.constdata)
    .constdata                               0x08006388   Section       36  observer.o(.constdata)
    .constdata                               0x080063ac   Section       76  servo.o(.constdata)
    .constdata                               0x080063f8   Section       76  beep.o(.constdata)
    .constdata                               0x08006444   Section       52  battery.o(.constdata)
    .constdata                               0x08006478   Section       76  sonar.o(.constdata)
    .constdata                               0x080064c4   Section       16  system_stm32f4xx_1.o(.constdata)
    .constdata                               0x080064d4   Section        8  system_stm32f4xx_1.o(.constdata)
    .constdata                               0x080064e0   Section       48  cos_i.o(.constdata)
    C                                        0x080064e0   Data          48  cos_i.o(.constdata)
    .constdata                               0x08006510   Section      200  rred.o(.constdata)
    pio2s                                    0x08006510   Data          48  rred.o(.constdata)
    twooverpi                                0x08006540   Data         152  rred.o(.constdata)
    .constdata                               0x080065d8   Section       40  sin_i.o(.constdata)
    S                                        0x080065d8   Data          40  sin_i.o(.constdata)
    .conststring                             0x08006600   Section       39  motor.o(.conststring)
    .conststring                             0x08006628   Section       13  observer.o(.conststring)
    .conststring                             0x08006638   Section       44  servo.o(.conststring)
    .conststring                             0x08006664   Section       47  beep.o(.conststring)
    .conststring                             0x08006694   Section       37  battery.o(.conststring)
    .conststring                             0x080066bc   Section       43  sonar.o(.conststring)
    .data                                    0x20000000   Section        8  motor.o(.data)
    .data                                    0x20000008   Section        4  observer.o(.data)
    .data                                    0x2000000c   Section       16  servo.o(.data)
    .data                                    0x2000001c   Section       16  beep.o(.data)
    .data                                    0x2000002c   Section        8  battery.o(.data)
    .data                                    0x20000034   Section       32  sonar.o(.data)
    .data                                    0x20000054   Section       12  stm32f4xx_hal.o(.data)
    .data                                    0x20000060   Section        4  system_stm32f4xx_1.o(.data)
    .data                                    0x20000064   Section       60  tasks.o(.data)
    pxDelayedTaskList                        0x20000068   Data           4  tasks.o(.data)
    pxOverflowDelayedTaskList                0x2000006c   Data           4  tasks.o(.data)
    uxDeletedTasksWaitingCleanUp             0x20000070   Data           4  tasks.o(.data)
    uxCurrentNumberOfTasks                   0x20000074   Data           4  tasks.o(.data)
    xTickCount                               0x20000078   Data           4  tasks.o(.data)
    uxTopReadyPriority                       0x2000007c   Data           4  tasks.o(.data)
    xSchedulerRunning                        0x20000080   Data           4  tasks.o(.data)
    uxPendedTicks                            0x20000084   Data           4  tasks.o(.data)
    xYieldPending                            0x20000088   Data           4  tasks.o(.data)
    xNumOfOverflows                          0x2000008c   Data           4  tasks.o(.data)
    uxTaskNumber                             0x20000090   Data           4  tasks.o(.data)
    xNextTaskUnblockTime                     0x20000094   Data           4  tasks.o(.data)
    xIdleTaskHandle                          0x20000098   Data           4  tasks.o(.data)
    uxSchedulerSuspended                     0x2000009c   Data           4  tasks.o(.data)
    .data                                    0x200000a0   Section       20  timers.o(.data)
    pxCurrentTimerList                       0x200000a0   Data           4  timers.o(.data)
    pxOverflowTimerList                      0x200000a4   Data           4  timers.o(.data)
    xTimerQueue                              0x200000a8   Data           4  timers.o(.data)
    xTimerTaskHandle                         0x200000ac   Data           4  timers.o(.data)
    xLastTime                                0x200000b0   Data           4  timers.o(.data)
    .data                                    0x200000b4   Section        4  cmsis_os2.o(.data)
    KernelState                              0x200000b4   Data           4  cmsis_os2.o(.data)
    .data                                    0x200000b8   Section       24  heap_4.o(.data)
    pxEnd                                    0x200000b8   Data           4  heap_4.o(.data)
    xFreeBytesRemaining                      0x200000bc   Data           4  heap_4.o(.data)
    xMinimumEverFreeBytesRemaining           0x200000c0   Data           4  heap_4.o(.data)
    xBlockAllocatedBit                       0x200000c4   Data           4  heap_4.o(.data)
    xStart                                   0x200000c8   Data           8  heap_4.o(.data)
    .data                                    0x200000d0   Section       12  port.o(.data)
    ucMaxSysCallPriority                     0x200000d0   Data           1  port.o(.data)
    uxCriticalNesting                        0x200000d4   Data           4  port.o(.data)
    ulMaxPRIGROUPValue                       0x200000d8   Data           4  port.o(.data)
    .data                                    0x200000dc   Section        4  errno.o(.data)
    _errno                                   0x200000dc   Data           4  errno.o(.data)
    .bss                                     0x200000e0   Section       64  stm32f4xx_hal_timebase_tim.o(.bss)
    .bss                                     0x20000120   Section       64  host.o(.bss)
    .bss                                     0x20000160   Section      248  motor.o(.bss)
    .bss                                     0x20000258   Section       64  servo.o(.bss)
    .bss                                     0x20000298   Section       12  watchdog.o(.bss)
    .bss                                     0x200002a4   Section       88  battery.o(.bss)
    .bss                                     0x200002fc   Section       64  sonar.o(.bss)
    .bss                                     0x2000033c   Section       12  kinematic.o(.bss)
    .bss                                     0x20000348   Section      512  slamware.o(.bss)
    .bss                                     0x20000548   Section       64  slamware.o(.bss)
    .bss                                     0x20000588   Section       64  queue.o(.bss)
    .bss                                     0x200005c8   Section     1220  tasks.o(.bss)
    pxReadyTasksLists                        0x200005c8   Data        1120  tasks.o(.bss)
    xDelayedTaskList1                        0x20000a28   Data          20  tasks.o(.bss)
    xDelayedTaskList2                        0x20000a3c   Data          20  tasks.o(.bss)
    xPendingReadyList                        0x20000a50   Data          20  tasks.o(.bss)
    xTasksWaitingTermination                 0x20000a64   Data          20  tasks.o(.bss)
    xSuspendedTaskList                       0x20000a78   Data          20  tasks.o(.bss)
    .bss                                     0x20000a8c   Section      280  timers.o(.bss)
    xActiveTimerList1                        0x20000a8c   Data          20  timers.o(.bss)
    xActiveTimerList2                        0x20000aa0   Data          20  timers.o(.bss)
    xStaticTimerQueue                        0x20000ab4   Data          80  timers.o(.bss)
    ucStaticTimerQueueStorage                0x20000b04   Data         160  timers.o(.bss)
    .bss                                     0x20000ba4   Section     2744  cmsis_os2.o(.bss)
    Idle_TCB                                 0x20000ba4   Data          92  cmsis_os2.o(.bss)
    Idle_Stack                               0x20000c00   Data         512  cmsis_os2.o(.bss)
    Timer_TCB                                0x20000e00   Data          92  cmsis_os2.o(.bss)
    Timer_Stack                              0x20000e5c   Data        2048  cmsis_os2.o(.bss)
    .bss                                     0x2000165c   Section    15360  heap_4.o(.bss)
    ucHeap                                   0x2000165c   Data       15360  heap_4.o(.bss)
    STACK                                    0x20005260   Section     1024  startup_stm32f407xx.o(STACK)

    Global Symbols

    Symbol Name                              Value     Ov Type        Size  Object(Section)

    BuildAttributes$$THM_ISAv4$E$P$D$K$B$S$7EM$VFPi3$EXTD16$VFPS$VFMA$PE$A:L22UL41UL21$X:L11$S22US41US21$IEEE1$IW$USESV6$~STKCKD$USESV7$~SHL$OTIME$ROPI$IEEEX$EBA8$MICROLIB$REQ8$PRES8$EABIv2 0x00000000   Number         0  anon$$obj.o ABSOLUTE
    __ARM_use_no_argv                        0x00000000   Number         0  main.o ABSOLUTE
    __cpp_initialize__aeabi_                  - Undefined Weak Reference
    __cxa_finalize                            - Undefined Weak Reference
    __decompress                              - Undefined Weak Reference
    _clock_init                               - Undefined Weak Reference
    _microlib_exit                            - Undefined Weak Reference
    __Vectors_Size                           0x00000188   Number         0  startup_stm32f407xx.o ABSOLUTE
    __Vectors                                0x08000000   Data           4  startup_stm32f407xx.o(RESET)
    __Vectors_End                            0x08000188   Data           0  startup_stm32f407xx.o(RESET)
    __main                                   0x08000189   Thumb Code     0  entry.o(.ARM.Collect$$$$00000000)
    _main_stk                                0x08000189   Thumb Code     0  entry2.o(.ARM.Collect$$$$00000001)
    _main_scatterload                        0x0800018d   Thumb Code     0  entry5.o(.ARM.Collect$$$$00000004)
    __main_after_scatterload                 0x08000191   Thumb Code     0  entry5.o(.ARM.Collect$$$$00000004)
    _main_clock                              0x08000191   Thumb Code     0  entry7b.o(.ARM.Collect$$$$00000008)
    _main_cpp_init                           0x08000191   Thumb Code     0  entry8b.o(.ARM.Collect$$$$0000000A)
    _main_init                               0x08000191   Thumb Code     0  entry9a.o(.ARM.Collect$$$$0000000B)
    __rt_final_cpp                           0x08000199   Thumb Code     0  entry10a.o(.ARM.Collect$$$$0000000D)
    __rt_final_exit                          0x08000199   Thumb Code     0  entry11a.o(.ARM.Collect$$$$0000000F)
    SVC_Handler                              0x0800019d   Thumb Code    28  port.o(.emb_text)
    __asm___6_port_c_39a90d8d__prvStartFirstTask 0x080001bd   Thumb Code    36  port.o(.emb_text)
    __asm___6_port_c_39a90d8d__prvEnableVFP  0x080001e5   Thumb Code    16  port.o(.emb_text)
    PendSV_Handler                           0x080001f9   Thumb Code    88  port.o(.emb_text)
    vPortGetIPSR                             0x08000255   Thumb Code     6  port.o(.emb_text)
    Reset_Handler                            0x0800025d   Thumb Code     8  startup_stm32f407xx.o(.text)
    NMI_Handler                              0x08000265   Thumb Code     2  startup_stm32f407xx.o(.text)
    HardFault_Handler                        0x08000267   Thumb Code     2  startup_stm32f407xx.o(.text)
    MemManage_Handler                        0x08000269   Thumb Code     2  startup_stm32f407xx.o(.text)
    BusFault_Handler                         0x0800026b   Thumb Code     2  startup_stm32f407xx.o(.text)
    UsageFault_Handler                       0x0800026d   Thumb Code     2  startup_stm32f407xx.o(.text)
    DebugMon_Handler                         0x08000271   Thumb Code     2  startup_stm32f407xx.o(.text)
    CAN1_RX0_IRQHandler                      0x08000277   Thumb Code     0  startup_stm32f407xx.o(.text)
    CAN1_RX1_IRQHandler                      0x08000277   Thumb Code     0  startup_stm32f407xx.o(.text)
    CAN1_SCE_IRQHandler                      0x08000277   Thumb Code     0  startup_stm32f407xx.o(.text)
    CAN1_TX_IRQHandler                       0x08000277   Thumb Code     0  startup_stm32f407xx.o(.text)
    CAN2_RX0_IRQHandler                      0x08000277   Thumb Code     0  startup_stm32f407xx.o(.text)
    CAN2_RX1_IRQHandler                      0x08000277   Thumb Code     0  startup_stm32f407xx.o(.text)
    CAN2_SCE_IRQHandler                      0x08000277   Thumb Code     0  startup_stm32f407xx.o(.text)
    CAN2_TX_IRQHandler                       0x08000277   Thumb Code     0  startup_stm32f407xx.o(.text)
    DCMI_IRQHandler                          0x08000277   Thumb Code     0  startup_stm32f407xx.o(.text)
    DMA1_Stream0_IRQHandler                  0x08000277   Thumb Code     0  startup_stm32f407xx.o(.text)
    DMA1_Stream1_IRQHandler                  0x08000277   Thumb Code     0  startup_stm32f407xx.o(.text)
    DMA1_Stream2_IRQHandler                  0x08000277   Thumb Code     0  startup_stm32f407xx.o(.text)
    DMA1_Stream3_IRQHandler                  0x08000277   Thumb Code     0  startup_stm32f407xx.o(.text)
    DMA1_Stream4_IRQHandler                  0x08000277   Thumb Code     0  startup_stm32f407xx.o(.text)
    DMA1_Stream5_IRQHandler                  0x08000277   Thumb Code     0  startup_stm32f407xx.o(.text)
    DMA1_Stream6_IRQHandler                  0x08000277   Thumb Code     0  startup_stm32f407xx.o(.text)
    DMA1_Stream7_IRQHandler                  0x08000277   Thumb Code     0  startup_stm32f407xx.o(.text)
    DMA2_Stream0_IRQHandler                  0x08000277   Thumb Code     0  startup_stm32f407xx.o(.text)
    DMA2_Stream1_IRQHandler                  0x08000277   Thumb Code     0  startup_stm32f407xx.o(.text)
    DMA2_Stream2_IRQHandler                  0x08000277   Thumb Code     0  startup_stm32f407xx.o(.text)
    DMA2_Stream3_IRQHandler                  0x08000277   Thumb Code     0  startup_stm32f407xx.o(.text)
    DMA2_Stream4_IRQHandler                  0x08000277   Thumb Code     0  startup_stm32f407xx.o(.text)
    DMA2_Stream5_IRQHandler                  0x08000277   Thumb Code     0  startup_stm32f407xx.o(.text)
    DMA2_Stream6_IRQHandler                  0x08000277   Thumb Code     0  startup_stm32f407xx.o(.text)
    DMA2_Stream7_IRQHandler                  0x08000277   Thumb Code     0  startup_stm32f407xx.o(.text)
    ETH_IRQHandler                           0x08000277   Thumb Code     0  startup_stm32f407xx.o(.text)
    ETH_WKUP_IRQHandler                      0x08000277   Thumb Code     0  startup_stm32f407xx.o(.text)
    EXTI0_IRQHandler                         0x08000277   Thumb Code     0  startup_stm32f407xx.o(.text)
    EXTI15_10_IRQHandler                     0x08000277   Thumb Code     0  startup_stm32f407xx.o(.text)
    EXTI1_IRQHandler                         0x08000277   Thumb Code     0  startup_stm32f407xx.o(.text)
    EXTI2_IRQHandler                         0x08000277   Thumb Code     0  startup_stm32f407xx.o(.text)
    EXTI3_IRQHandler                         0x08000277   Thumb Code     0  startup_stm32f407xx.o(.text)
    EXTI4_IRQHandler                         0x08000277   Thumb Code     0  startup_stm32f407xx.o(.text)
    EXTI9_5_IRQHandler                       0x08000277   Thumb Code     0  startup_stm32f407xx.o(.text)
    FLASH_IRQHandler                         0x08000277   Thumb Code     0  startup_stm32f407xx.o(.text)
    FMC_IRQHandler                           0x08000277   Thumb Code     0  startup_stm32f407xx.o(.text)
    FPU_IRQHandler                           0x08000277   Thumb Code     0  startup_stm32f407xx.o(.text)
    HASH_RNG_IRQHandler                      0x08000277   Thumb Code     0  startup_stm32f407xx.o(.text)
    I2C1_ER_IRQHandler                       0x08000277   Thumb Code     0  startup_stm32f407xx.o(.text)
    I2C1_EV_IRQHandler                       0x08000277   Thumb Code     0  startup_stm32f407xx.o(.text)
    I2C2_ER_IRQHandler                       0x08000277   Thumb Code     0  startup_stm32f407xx.o(.text)
    I2C2_EV_IRQHandler                       0x08000277   Thumb Code     0  startup_stm32f407xx.o(.text)
    I2C3_ER_IRQHandler                       0x08000277   Thumb Code     0  startup_stm32f407xx.o(.text)
    I2C3_EV_IRQHandler                       0x08000277   Thumb Code     0  startup_stm32f407xx.o(.text)
    OTG_FS_IRQHandler                        0x08000277   Thumb Code     0  startup_stm32f407xx.o(.text)
    OTG_FS_WKUP_IRQHandler                   0x08000277   Thumb Code     0  startup_stm32f407xx.o(.text)
    OTG_HS_EP1_IN_IRQHandler                 0x08000277   Thumb Code     0  startup_stm32f407xx.o(.text)
    OTG_HS_EP1_OUT_IRQHandler                0x08000277   Thumb Code     0  startup_stm32f407xx.o(.text)
    OTG_HS_IRQHandler                        0x08000277   Thumb Code     0  startup_stm32f407xx.o(.text)
    OTG_HS_WKUP_IRQHandler                   0x08000277   Thumb Code     0  startup_stm32f407xx.o(.text)
    PVD_IRQHandler                           0x08000277   Thumb Code     0  startup_stm32f407xx.o(.text)
    RCC_IRQHandler                           0x08000277   Thumb Code     0  startup_stm32f407xx.o(.text)
    RTC_Alarm_IRQHandler                     0x08000277   Thumb Code     0  startup_stm32f407xx.o(.text)
    RTC_WKUP_IRQHandler                      0x08000277   Thumb Code     0  startup_stm32f407xx.o(.text)
    SDIO_IRQHandler                          0x08000277   Thumb Code     0  startup_stm32f407xx.o(.text)
    SPI1_IRQHandler                          0x08000277   Thumb Code     0  startup_stm32f407xx.o(.text)
    SPI2_IRQHandler                          0x08000277   Thumb Code     0  startup_stm32f407xx.o(.text)
    SPI3_IRQHandler                          0x08000277   Thumb Code     0  startup_stm32f407xx.o(.text)
    TAMP_STAMP_IRQHandler                    0x08000277   Thumb Code     0  startup_stm32f407xx.o(.text)
    TIM1_BRK_TIM9_IRQHandler                 0x08000277   Thumb Code     0  startup_stm32f407xx.o(.text)
    TIM1_CC_IRQHandler                       0x08000277   Thumb Code     0  startup_stm32f407xx.o(.text)
    TIM1_TRG_COM_TIM11_IRQHandler            0x08000277   Thumb Code     0  startup_stm32f407xx.o(.text)
    TIM1_UP_TIM10_IRQHandler                 0x08000277   Thumb Code     0  startup_stm32f407xx.o(.text)
    TIM2_IRQHandler                          0x08000277   Thumb Code     0  startup_stm32f407xx.o(.text)
    TIM3_IRQHandler                          0x08000277   Thumb Code     0  startup_stm32f407xx.o(.text)
    TIM5_IRQHandler                          0x08000277   Thumb Code     0  startup_stm32f407xx.o(.text)
    TIM6_DAC_IRQHandler                      0x08000277   Thumb Code     0  startup_stm32f407xx.o(.text)
    TIM7_IRQHandler                          0x08000277   Thumb Code     0  startup_stm32f407xx.o(.text)
    TIM8_BRK_TIM12_IRQHandler                0x08000277   Thumb Code     0  startup_stm32f407xx.o(.text)
    TIM8_CC_IRQHandler                       0x08000277   Thumb Code     0  startup_stm32f407xx.o(.text)
    TIM8_TRG_COM_TIM14_IRQHandler            0x08000277   Thumb Code     0  startup_stm32f407xx.o(.text)
    TIM8_UP_TIM13_IRQHandler                 0x08000277   Thumb Code     0  startup_stm32f407xx.o(.text)
    UART5_IRQHandler                         0x08000277   Thumb Code     0  startup_stm32f407xx.o(.text)
    USART6_IRQHandler                        0x08000277   Thumb Code     0  startup_stm32f407xx.o(.text)
    WWDG_IRQHandler                          0x08000277   Thumb Code     0  startup_stm32f407xx.o(.text)
    __aeabi_uldivmod                         0x08000281   Thumb Code    98  uldiv.o(.text)
    __aeabi_memcpy                           0x080002e3   Thumb Code    36  memcpya.o(.text)
    __aeabi_memcpy4                          0x080002e3   Thumb Code     0  memcpya.o(.text)
    __aeabi_memcpy8                          0x080002e3   Thumb Code     0  memcpya.o(.text)
    __aeabi_memset                           0x08000307   Thumb Code    14  memseta.o(.text)
    __aeabi_memset4                          0x08000307   Thumb Code     0  memseta.o(.text)
    __aeabi_memset8                          0x08000307   Thumb Code     0  memseta.o(.text)
    __aeabi_memclr                           0x08000315   Thumb Code     4  memseta.o(.text)
    __aeabi_memclr4                          0x08000315   Thumb Code     0  memseta.o(.text)
    __aeabi_memclr8                          0x08000315   Thumb Code     0  memseta.o(.text)
    memset                                   0x08000319   Thumb Code    18  memseta.o(.text)
    __aeabi_dmul                             0x0800032b   Thumb Code   228  dmul.o(.text)
    __aeabi_f2d                              0x0800040f   Thumb Code    38  f2d.o(.text)
    __aeabi_d2f                              0x08000435   Thumb Code    56  d2f.o(.text)
    __aeabi_llsl                             0x0800046d   Thumb Code    30  llshl.o(.text)
    _ll_shift_l                              0x0800046d   Thumb Code     0  llshl.o(.text)
    __aeabi_llsr                             0x0800048b   Thumb Code    32  llushr.o(.text)
    _ll_ushift_r                             0x0800048b   Thumb Code     0  llushr.o(.text)
    __I$use$fp                               0x080004ab   Thumb Code     0  iusefp.o(.text)
    _float_round                             0x080004ab   Thumb Code    18  fepilogue.o(.text)
    _float_epilogue                          0x080004bd   Thumb Code    92  fepilogue.o(.text)
    _double_round                            0x08000519   Thumb Code    30  depilogue.o(.text)
    _double_epilogue                         0x08000537   Thumb Code   156  depilogue.o(.text)
    __scatterload                            0x080005d5   Thumb Code    28  init.o(.text)
    __scatterload_rt2                        0x080005d5   Thumb Code     0  init.o(.text)
    __aeabi_dadd                             0x080005f9   Thumb Code   322  dadd.o(.text)
    __aeabi_dsub                             0x0800073b   Thumb Code     6  dadd.o(.text)
    __aeabi_drsub                            0x08000741   Thumb Code     6  dadd.o(.text)
    __aeabi_ddiv                             0x08000747   Thumb Code   222  ddiv.o(.text)
    __aeabi_i2d                              0x08000825   Thumb Code    34  dflti.o(.text)
    __aeabi_ui2d                             0x08000847   Thumb Code    26  dfltui.o(.text)
    __aeabi_d2iz                             0x08000861   Thumb Code    62  dfixi.o(.text)
    __aeabi_lasr                             0x0800089f   Thumb Code    36  llsshr.o(.text)
    _ll_sshift_r                             0x0800089f   Thumb Code     0  llsshr.o(.text)
    ADC_IRQHandler                           0x080008c5   Thumb Code     6  stm32f4xx_it.o(i.ADC_IRQHandler)
    Battery_ADC_Init                         0x080009f9   Thumb Code   130  battery.o(i.Battery_ADC_Init)
    Battery_Init                             0x08000a91   Thumb Code    20  battery.o(i.Battery_Init)
    Battery_RunTask                          0x08000aa9   Thumb Code    28  battery.o(i.Battery_RunTask)
    Battery_Task                             0x08000ad1   Thumb Code    36  battery.o(i.Battery_Task)
    Battery_UpdateData                       0x08000af9   Thumb Code   116  battery.o(i.Battery_UpdateData)
    Beep_Init                                0x08000b81   Thumb Code    20  beep.o(i.Beep_Init)
    Beep_RunTask                             0x08000b99   Thumb Code    42  beep.o(i.Beep_RunTask)
    Beep_Start                               0x08000bd1   Thumb Code    36  beep.o(i.Beep_Start)
    Beep_Task                                0x08000bf9   Thumb Code    72  beep.o(i.Beep_Task)
    HAL_ADCEx_InjectedConvCpltCallback       0x08000c49   Thumb Code     2  stm32f4xx_hal_adc_ex.o(i.HAL_ADCEx_InjectedConvCpltCallback)
    HAL_ADC_ConfigChannel                    0x08000c4d   Thumb Code   316  stm32f4xx_hal_adc.o(i.HAL_ADC_ConfigChannel)
    HAL_ADC_ConvCpltCallback                 0x08000d99   Thumb Code     2  stm32f4xx_hal_adc.o(i.HAL_ADC_ConvCpltCallback)
    HAL_ADC_ErrorCallback                    0x08000d9b   Thumb Code     2  stm32f4xx_hal_adc.o(i.HAL_ADC_ErrorCallback)
    HAL_ADC_GetState                         0x08000d9d   Thumb Code     4  stm32f4xx_hal_adc.o(i.HAL_ADC_GetState)
    HAL_ADC_GetValue                         0x08000da1   Thumb Code     6  stm32f4xx_hal_adc.o(i.HAL_ADC_GetValue)
    HAL_ADC_IRQHandler                       0x08000da7   Thumb Code   316  stm32f4xx_hal_adc.o(i.HAL_ADC_IRQHandler)
    HAL_ADC_Init                             0x08000ee3   Thumb Code    84  stm32f4xx_hal_adc.o(i.HAL_ADC_Init)
    HAL_ADC_LevelOutOfWindowCallback         0x08000f37   Thumb Code     2  stm32f4xx_hal_adc.o(i.HAL_ADC_LevelOutOfWindowCallback)
    HAL_ADC_MspInit                          0x08000f39   Thumb Code     2  stm32f4xx_hal_adc.o(i.HAL_ADC_MspInit)
    HAL_ADC_PollForConversion                0x08000f3b   Thumb Code   162  stm32f4xx_hal_adc.o(i.HAL_ADC_PollForConversion)
    HAL_ADC_Start                            0x08000fdd   Thumb Code   210  stm32f4xx_hal_adc.o(i.HAL_ADC_Start)
    HAL_DMA_Abort_IT                         0x080010c9   Thumb Code    36  stm32f4xx_hal_dma.o(i.HAL_DMA_Abort_IT)
    HAL_Delay                                0x080010ed   Thumb Code    32  stm32f4xx_hal.o(i.HAL_Delay)
    HAL_GPIO_Init                            0x08001111   Thumb Code   394  stm32f4xx_hal_gpio.o(i.HAL_GPIO_Init)
    HAL_GPIO_WritePin                        0x080012c9   Thumb Code    10  stm32f4xx_hal_gpio.o(i.HAL_GPIO_WritePin)
    HAL_GetTick                              0x080012d5   Thumb Code     6  stm32f4xx_hal.o(i.HAL_GetTick)
    HAL_IWDG_Init                            0x080012e1   Thumb Code    82  stm32f4xx_hal_iwdg.o(i.HAL_IWDG_Init)
    HAL_IWDG_Refresh                         0x08001333   Thumb Code    12  stm32f4xx_hal_iwdg.o(i.HAL_IWDG_Refresh)
    HAL_Init                                 0x08001341   Thumb Code    48  stm32f4xx_hal.o(i.HAL_Init)
    HAL_InitTick                             0x08001375   Thumb Code   100  stm32f4xx_hal_timebase_tim.o(i.HAL_InitTick)
    HAL_MspInit                              0x080013e9   Thumb Code     2  stm32f4xx_hal.o(i.HAL_MspInit)
    HAL_NVIC_EnableIRQ                       0x080013eb   Thumb Code    26  stm32f4xx_hal_cortex.o(i.HAL_NVIC_EnableIRQ)
    HAL_NVIC_SetPriority                     0x08001405   Thumb Code    60  stm32f4xx_hal_cortex.o(i.HAL_NVIC_SetPriority)
    HAL_NVIC_SetPriorityGrouping             0x08001445   Thumb Code    26  stm32f4xx_hal_cortex.o(i.HAL_NVIC_SetPriorityGrouping)
    HAL_RCC_ClockConfig                      0x08001469   Thumb Code   288  stm32f4xx_hal_rcc.o(i.HAL_RCC_ClockConfig)
    HAL_RCC_GetClockConfig                   0x0800159d   Thumb Code    54  stm32f4xx_hal_rcc.o(i.HAL_RCC_GetClockConfig)
    HAL_RCC_GetPCLK1Freq                     0x080015dd   Thumb Code    20  stm32f4xx_hal_rcc.o(i.HAL_RCC_GetPCLK1Freq)
    HAL_RCC_GetPCLK2Freq                     0x080015fd   Thumb Code    20  stm32f4xx_hal_rcc.o(i.HAL_RCC_GetPCLK2Freq)
    HAL_RCC_GetSysClockFreq                  0x0800161d   Thumb Code    88  stm32f4xx_hal_rcc.o(i.HAL_RCC_GetSysClockFreq)
    HAL_RCC_OscConfig                        0x0800167d   Thumb Code   840  stm32f4xx_hal_rcc.o(i.HAL_RCC_OscConfig)
    HAL_TIMEx_BreakCallback                  0x080019d9   Thumb Code     2  stm32f4xx_hal_tim_ex.o(i.HAL_TIMEx_BreakCallback)
    HAL_TIMEx_CommutCallback                 0x080019db   Thumb Code     2  stm32f4xx_hal_tim_ex.o(i.HAL_TIMEx_CommutCallback)
    HAL_TIMEx_ConfigBreakDeadTime            0x080019dd   Thumb Code    84  stm32f4xx_hal_tim_ex.o(i.HAL_TIMEx_ConfigBreakDeadTime)
    HAL_TIMEx_MasterConfigSynchronization    0x08001a31   Thumb Code   116  stm32f4xx_hal_tim_ex.o(i.HAL_TIMEx_MasterConfigSynchronization)
    HAL_TIM_Base_Init                        0x08001ac1   Thumb Code    54  stm32f4xx_hal_tim.o(i.HAL_TIM_Base_Init)
    HAL_TIM_Base_MspInit                     0x08001af7   Thumb Code     2  stm32f4xx_hal_tim.o(i.HAL_TIM_Base_MspInit)
    HAL_TIM_Base_Start_IT                    0x08001af9   Thumb Code    34  stm32f4xx_hal_tim.o(i.HAL_TIM_Base_Start_IT)
    HAL_TIM_Encoder_Init                     0x08001b1b   Thumb Code   152  stm32f4xx_hal_tim.o(i.HAL_TIM_Encoder_Init)
    HAL_TIM_Encoder_MspInit                  0x08001bb3   Thumb Code     2  stm32f4xx_hal_tim.o(i.HAL_TIM_Encoder_MspInit)
    HAL_TIM_Encoder_Start                    0x08001bb5   Thumb Code    52  stm32f4xx_hal_tim.o(i.HAL_TIM_Encoder_Start)
    HAL_TIM_IC_CaptureCallback               0x08001be9   Thumb Code     2  stm32f4xx_hal_tim.o(i.HAL_TIM_IC_CaptureCallback)
    HAL_TIM_IRQHandler                       0x08001beb   Thumb Code   358  stm32f4xx_hal_tim.o(i.HAL_TIM_IRQHandler)
    HAL_TIM_OC_DelayElapsedCallback          0x08001d51   Thumb Code     2  stm32f4xx_hal_tim.o(i.HAL_TIM_OC_DelayElapsedCallback)
    HAL_TIM_PWM_ConfigChannel                0x08001d53   Thumb Code   208  stm32f4xx_hal_tim.o(i.HAL_TIM_PWM_ConfigChannel)
    HAL_TIM_PWM_Init                         0x08001e23   Thumb Code    54  stm32f4xx_hal_tim.o(i.HAL_TIM_PWM_Init)
    HAL_TIM_PWM_MspInit                      0x08001e59   Thumb Code     2  stm32f4xx_hal_tim.o(i.HAL_TIM_PWM_MspInit)
    HAL_TIM_PWM_PulseFinishedCallback        0x08001e5b   Thumb Code     2  stm32f4xx_hal_tim.o(i.HAL_TIM_PWM_PulseFinishedCallback)
    HAL_TIM_PWM_Start                        0x08001e5d   Thumb Code    58  stm32f4xx_hal_tim.o(i.HAL_TIM_PWM_Start)
    HAL_TIM_PeriodElapsedCallback            0x08001ea1   Thumb Code     2  stm32f4xx_hal_tim.o(i.HAL_TIM_PeriodElapsedCallback)
    HAL_TIM_TriggerCallback                  0x08001ea3   Thumb Code     2  stm32f4xx_hal_tim.o(i.HAL_TIM_TriggerCallback)
    HAL_UART_ErrorCallback                   0x08001ea5   Thumb Code     2  stm32f4xx_hal_uart.o(i.HAL_UART_ErrorCallback)
    HAL_UART_IRQHandler                      0x08001ea9   Thumb Code   270  stm32f4xx_hal_uart.o(i.HAL_UART_IRQHandler)
    HAL_UART_Init                            0x08001fbd   Thumb Code    98  stm32f4xx_hal_uart.o(i.HAL_UART_Init)
    HAL_UART_MspInit                         0x0800201f   Thumb Code     2  stm32f4xx_hal_uart.o(i.HAL_UART_MspInit)
    HAL_UART_Receive_IT                      0x08002021   Thumb Code    82  stm32f4xx_hal_uart.o(i.HAL_UART_Receive_IT)
    HAL_UART_RxCpltCallback                  0x08002075   Thumb Code    28  stm32f4xx_it.o(i.HAL_UART_RxCpltCallback)
    HAL_UART_Transmit                        0x080020a1   Thumb Code   186  stm32f4xx_hal_uart.o(i.HAL_UART_Transmit)
    HAL_UART_TxCpltCallback                  0x0800215b   Thumb Code     2  stm32f4xx_hal_uart.o(i.HAL_UART_TxCpltCallback)
    Host_Init                                0x0800215d   Thumb Code   112  host.o(i.Host_Init)
    Host_SendNumber                          0x080021dd   Thumb Code   122  host.o(i.Host_SendNumber)
    Host_SendStream                          0x08002261   Thumb Code    14  host.o(i.Host_SendStream)
    Kinematic_ClearDisplacement              0x08002275   Thumb Code    20  kinematic.o(i.Kinematic_ClearDisplacement)
    Kinematic_SetSpeed                       0x08002291   Thumb Code    76  kinematic.o(i.Kinematic_SetSpeed)
    Kinematic_UpdateDisplacement             0x080022e9   Thumb Code   220  kinematic.o(i.Kinematic_UpdateDisplacement)
    Motor_ClearEncoder                       0x080023e1   Thumb Code    18  motor.o(i.Motor_ClearEncoder)
    Motor_Encoder_Init                       0x080023f9   Thumb Code   230  motor.o(i.Motor_Encoder_Init)
    Motor_Init                               0x080024f5   Thumb Code   148  motor.o(i.Motor_Init)
    Motor_ReadEncoder                        0x08002591   Thumb Code    24  motor.o(i.Motor_ReadEncoder)
    Motor_RunTask                            0x080025ad   Thumb Code    38  motor.o(i.Motor_RunTask)
    Motor_SetPWM                             0x080025e1   Thumb Code   208  motor.o(i.Motor_SetPWM)
    Motor_SetSpeedPPS                        0x080026bd   Thumb Code    40  motor.o(i.Motor_SetSpeedPPS)
    Motor_Task                               0x080026ed   Thumb Code   260  motor.o(i.Motor_Task)
    Motor_Timer_Init                         0x0800280d   Thumb Code   186  motor.o(i.Motor_Timer_Init)
    Observer_RunTask                         0x080028d9   Thumb Code    18  observer.o(i.Observer_RunTask)
    Observer_Task                            0x080028f9   Thumb Code   560  observer.o(i.Observer_Task)
    Servo_Init                               0x08002ba9   Thumb Code   140  servo.o(i.Servo_Init)
    Servo_RunTask                            0x08002c49   Thumb Code    42  servo.o(i.Servo_RunTask)
    Servo_SendByte                           0x08002c81   Thumb Code    18  servo.o(i.Servo_SendByte)
    Servo_SendControlStream                  0x08002c99   Thumb Code    88  servo.o(i.Servo_SendControlStream)
    Servo_SetAngle                           0x08002cf9   Thumb Code    50  servo.o(i.Servo_SetAngle)
    Servo_Task                               0x08002d31   Thumb Code    68  servo.o(i.Servo_Task)
    Slamware_DataHandler                     0x08002d79   Thumb Code     2  slamware.o(i.Slamware_DataHandler)
    Sonar_DataHandler                        0x08002d7d   Thumb Code    86  sonar.o(i.Sonar_DataHandler)
    Sonar_Init                               0x08002ddd   Thumb Code   122  sonar.o(i.Sonar_Init)
    Sonar_Multiplexer_Init                   0x08002e69   Thumb Code    64  sonar.o(i.Sonar_Multiplexer_Init)
    Sonar_Multiplexer_SetChannel             0x08002ead   Thumb Code   114  sonar.o(i.Sonar_Multiplexer_SetChannel)
    Sonar_RunTask                            0x08002f25   Thumb Code    42  sonar.o(i.Sonar_RunTask)
    Sonar_SendByte                           0x08002f5d   Thumb Code    18  sonar.o(i.Sonar_SendByte)
    Sonar_Task                               0x08002f75   Thumb Code    98  sonar.o(i.Sonar_Task)
    SysTick_Handler                          0x08002fe1   Thumb Code    38  port.o(i.SysTick_Handler)
    SystemInit                               0x0800300d   Thumb Code    22  system_stm32f4xx_1.o(i.SystemInit)
    System_Clock_Config                      0x08003029   Thumb Code   158  system.o(i.System_Clock_Config)
    System_GPIO_Alt_Init                     0x080030d1   Thumb Code    72  system.o(i.System_GPIO_Alt_Init)
    System_GPIO_CLK_Config                   0x08003119   Thumb Code   230  system.o(i.System_GPIO_CLK_Config)
    System_GPIO_Init                         0x08003225   Thumb Code    70  system.o(i.System_GPIO_Init)
    System_GPIO_Write                        0x0800326b   Thumb Code     6  system.o(i.System_GPIO_Write)
    TIM4_IRQHandler                          0x08003271   Thumb Code     6  stm32f4xx_it.o(i.TIM4_IRQHandler)
    TIM_Base_SetConfig                       0x0800327d   Thumb Code   156  stm32f4xx_hal_tim.o(i.TIM_Base_SetConfig)
    TIM_CCxChannelCmd                        0x08003345   Thumb Code    26  stm32f4xx_hal_tim.o(i.TIM_CCxChannelCmd)
    TIM_OC2_SetConfig                        0x080033c1   Thumb Code    98  stm32f4xx_hal_tim.o(i.TIM_OC2_SetConfig)
    UART4_IRQHandler                         0x080034fd   Thumb Code     6  stm32f4xx_it.o(i.UART4_IRQHandler)
    USART1_IRQHandler                        0x080037bd   Thumb Code     6  stm32f4xx_it.o(i.USART1_IRQHandler)
    USART2_IRQHandler                        0x080037c9   Thumb Code     6  stm32f4xx_it.o(i.USART2_IRQHandler)
    USART3_IRQHandler                        0x080037d5   Thumb Code     6  stm32f4xx_it.o(i.USART3_IRQHandler)
    Watchdog_Feed                            0x080037e1   Thumb Code     6  watchdog.o(i.Watchdog_Feed)
    Watchdog_Init                            0x080037ed   Thumb Code    20  watchdog.o(i.Watchdog_Init)
    __ARM_fpclassify                         0x08003809   Thumb Code    48  fpclassify.o(i.__ARM_fpclassify)
    __hardfp_cos                             0x08003859   Thumb Code   180  cos.o(i.__hardfp_cos)
    __hardfp_sin                             0x08003921   Thumb Code   180  sin.o(i.__hardfp_sin)
    __ieee754_rem_pio2                       0x080039e9   Thumb Code   938  rred.o(i.__ieee754_rem_pio2)
    __kernel_cos                             0x08003e21   Thumb Code   322  cos_i.o(i.__kernel_cos)
    __kernel_poly                            0x08003f91   Thumb Code   248  poly.o(i.__kernel_poly)
    __kernel_sin                             0x08004089   Thumb Code   280  sin_i.o(i.__kernel_sin)
    __mathlib_dbl_infnan                     0x080041b9   Thumb Code    20  dunder.o(i.__mathlib_dbl_infnan)
    __mathlib_dbl_invalid                    0x080041d1   Thumb Code    24  dunder.o(i.__mathlib_dbl_invalid)
    __mathlib_dbl_underflow                  0x080041f1   Thumb Code    24  dunder.o(i.__mathlib_dbl_underflow)
    __scatterload_copy                       0x08004211   Thumb Code    14  handlers.o(i.__scatterload_copy)
    __scatterload_null                       0x0800421f   Thumb Code     2  handlers.o(i.__scatterload_null)
    __scatterload_zeroinit                   0x08004221   Thumb Code    14  handlers.o(i.__scatterload_zeroinit)
    __set_errno                              0x08004231   Thumb Code     6  errno.o(i.__set_errno)
    fabs                                     0x0800423d   Thumb Code    24  fabs.o(i.fabs)
    main                                     0x08004255   Thumb Code    74  main.o(i.main)
    osDelay                                  0x080042a1   Thumb Code    46  cmsis_os2.o(i.osDelay)
    osKernelInitialize                       0x080042d5   Thumb Code    48  cmsis_os2.o(i.osKernelInitialize)
    osKernelStart                            0x08004309   Thumb Code    56  cmsis_os2.o(i.osKernelStart)
    osMessageQueueGet                        0x08004345   Thumb Code   118  cmsis_os2.o(i.osMessageQueueGet)
    osMessageQueueNew                        0x080043c5   Thumb Code   110  cmsis_os2.o(i.osMessageQueueNew)
    osMessageQueuePut                        0x08004439   Thumb Code   122  cmsis_os2.o(i.osMessageQueuePut)
    osMessageQueueReset                      0x080044bd   Thumb Code    54  cmsis_os2.o(i.osMessageQueueReset)
    osMutexAcquire                           0x080044f9   Thumb Code   104  cmsis_os2.o(i.osMutexAcquire)
    osMutexNew                               0x08004565   Thumb Code   124  cmsis_os2.o(i.osMutexNew)
    osMutexRelease                           0x080045e5   Thumb Code    88  cmsis_os2.o(i.osMutexRelease)
    osThreadNew                              0x08004641   Thumb Code   158  cmsis_os2.o(i.osThreadNew)
    osTimerNew                               0x080046e5   Thumb Code   124  cmsis_os2.o(i.osTimerNew)
    osTimerStart                             0x08004769   Thumb Code    70  cmsis_os2.o(i.osTimerStart)
    pvPortMalloc                             0x08004fb1   Thumb Code   210  heap_4.o(i.pvPortMalloc)
    pvTaskIncrementMutexHeldCount            0x08005089   Thumb Code    18  tasks.o(i.pvTaskIncrementMutexHeldCount)
    pvTimerGetTimerID                        0x080050a1   Thumb Code    36  timers.o(i.pvTimerGetTimerID)
    pxPortInitialiseStack                    0x080050c5   Thumb Code    40  port.o(i.pxPortInitialiseStack)
    uxListRemove                             0x080050f1   Thumb Code    38  list.o(i.uxListRemove)
    vApplicationGetIdleTaskMemory            0x08005119   Thumb Code    16  cmsis_os2.o(i.vApplicationGetIdleTaskMemory)
    vApplicationGetTimerTaskMemory           0x0800512d   Thumb Code    18  cmsis_os2.o(i.vApplicationGetTimerTaskMemory)
    vListInitialise                          0x08005145   Thumb Code    22  list.o(i.vListInitialise)
    vListInitialiseItem                      0x0800515b   Thumb Code     6  list.o(i.vListInitialiseItem)
    vListInsert                              0x08005161   Thumb Code    48  list.o(i.vListInsert)
    vListInsertEnd                           0x08005191   Thumb Code    24  list.o(i.vListInsertEnd)
    vPortEnterCritical                       0x080051a9   Thumb Code    54  port.o(i.vPortEnterCritical)
    vPortExitCritical                        0x080051e9   Thumb Code    34  port.o(i.vPortExitCritical)
    vPortFree                                0x08005211   Thumb Code    88  heap_4.o(i.vPortFree)
    vPortSetupTimerInterrupt                 0x0800526d   Thumb Code    32  port.o(i.vPortSetupTimerInterrupt)
    vPortValidateInterruptPriority           0x08005291   Thumb Code    74  port.o(i.vPortValidateInterruptPriority)
    vQueueAddToRegistry                      0x080052e5   Thumb Code    34  queue.o(i.vQueueAddToRegistry)
    vQueueWaitForMessageRestricted           0x0800530d   Thumb Code    68  queue.o(i.vQueueWaitForMessageRestricted)
    vTaskDelay                               0x08005351   Thumb Code    66  tasks.o(i.vTaskDelay)
    vTaskInternalSetTimeOutState             0x0800539d   Thumb Code    12  tasks.o(i.vTaskInternalSetTimeOutState)
    vTaskMissedYield                         0x080053ad   Thumb Code     8  tasks.o(i.vTaskMissedYield)
    vTaskPlaceOnEventList                    0x080053b9   Thumb Code    44  tasks.o(i.vTaskPlaceOnEventList)
    vTaskPlaceOnEventListRestricted          0x080053e9   Thumb Code    52  tasks.o(i.vTaskPlaceOnEventListRestricted)
    vTaskPriorityDisinheritAfterTimeout      0x08005421   Thumb Code   134  tasks.o(i.vTaskPriorityDisinheritAfterTimeout)
    vTaskStartScheduler                      0x080054b1   Thumb Code   118  tasks.o(i.vTaskStartScheduler)
    vTaskSuspendAll                          0x08005539   Thumb Code    10  tasks.o(i.vTaskSuspendAll)
    vTaskSwitchContext                       0x08005549   Thumb Code    90  tasks.o(i.vTaskSwitchContext)
    xPortStartScheduler                      0x080055ad   Thumb Code   222  port.o(i.xPortStartScheduler)
    xQueueCreateMutex                        0x080056a1   Thumb Code    22  queue.o(i.xQueueCreateMutex)
    xQueueCreateMutexStatic                  0x080056b7   Thumb Code    26  queue.o(i.xQueueCreateMutexStatic)
    xQueueGenericCreate                      0x080056d1   Thumb Code    72  queue.o(i.xQueueGenericCreate)
    xQueueGenericCreateStatic                0x08005719   Thumb Code   102  queue.o(i.xQueueGenericCreateStatic)
    xQueueGenericReset                       0x08005781   Thumb Code   132  queue.o(i.xQueueGenericReset)
    xQueueGenericSend                        0x08005809   Thumb Code   346  queue.o(i.xQueueGenericSend)
    xQueueGenericSendFromISR                 0x08005969   Thumb Code   188  queue.o(i.xQueueGenericSendFromISR)
    xQueueGiveMutexRecursive                 0x08005a25   Thumb Code    62  queue.o(i.xQueueGiveMutexRecursive)
    xQueueReceive                            0x08005a65   Thumb Code   308  queue.o(i.xQueueReceive)
    xQueueReceiveFromISR                     0x08005b9d   Thumb Code   154  queue.o(i.xQueueReceiveFromISR)
    xQueueSemaphoreTake                      0x08005c39   Thumb Code   372  queue.o(i.xQueueSemaphoreTake)
    xQueueTakeMutexRecursive                 0x08005db1   Thumb Code    64  queue.o(i.xQueueTakeMutexRecursive)
    xTaskCheckForTimeOut                     0x08005df1   Thumb Code   112  tasks.o(i.xTaskCheckForTimeOut)
    xTaskCreate                              0x08005e65   Thumb Code    90  tasks.o(i.xTaskCreate)
    xTaskCreateStatic                        0x08005ebf   Thumb Code    86  tasks.o(i.xTaskCreateStatic)
    xTaskGetCurrentTaskHandle                0x08005f15   Thumb Code     6  tasks.o(i.xTaskGetCurrentTaskHandle)
    xTaskGetSchedulerState                   0x08005f21   Thumb Code    22  tasks.o(i.xTaskGetSchedulerState)
    xTaskGetTickCount                        0x08005f3d   Thumb Code     6  tasks.o(i.xTaskGetTickCount)
    xTaskIncrementTick                       0x08005f49   Thumb Code   190  tasks.o(i.xTaskIncrementTick)
    xTaskPriorityDisinherit                  0x08006011   Thumb Code   118  tasks.o(i.xTaskPriorityDisinherit)
    xTaskPriorityInherit                     0x08006091   Thumb Code   112  tasks.o(i.xTaskPriorityInherit)
    xTaskRemoveFromEventList                 0x08006109   Thumb Code    98  tasks.o(i.xTaskRemoveFromEventList)
    xTaskResumeAll                           0x08006179   Thumb Code   182  tasks.o(i.xTaskResumeAll)
    xTimerCreate                             0x0800623d   Thumb Code    52  timers.o(i.xTimerCreate)
    xTimerCreateStatic                       0x08006271   Thumb Code    46  timers.o(i.xTimerCreateStatic)
    xTimerCreateTimerTask                    0x080062a1   Thumb Code    78  timers.o(i.xTimerCreateTimerTask)
    xTimerGenericCommand                     0x08006301   Thumb Code    98  timers.o(i.xTimerGenericCommand)
    motorControlTask_attributes              0x08006368   Data          16  motor.o(.constdata)
    motorDataMutexHandle_attributes          0x08006378   Data          16  motor.o(.constdata)
    observerTask_attributes                  0x08006388   Data          36  observer.o(.constdata)
    servoTask_attributes                     0x080063ac   Data          36  servo.o(.constdata)
    servoStateMutex_attributes               0x080063d0   Data          16  servo.o(.constdata)
    servoDataQueue_attributes                0x080063e0   Data          24  servo.o(.constdata)
    beepTask_attributes                      0x080063f8   Data          36  beep.o(.constdata)
    beepStateMutex_attributes                0x0800641c   Data          16  beep.o(.constdata)
    beepDurationQueue_attributes             0x0800642c   Data          24  beep.o(.constdata)
    batterySamplingTask_attributes           0x08006444   Data          36  battery.o(.constdata)
    batteryDataMutex_attributes              0x08006468   Data          16  battery.o(.constdata)
    sonarTask_attributes                     0x08006478   Data          36  sonar.o(.constdata)
    sonarDataMutex_attributes                0x0800649c   Data          16  sonar.o(.constdata)
    sonarDataQueue_attributes                0x080064ac   Data          24  sonar.o(.constdata)
    AHBPrescTable                            0x080064c4   Data          16  system_stm32f4xx_1.o(.constdata)
    APBPrescTable                            0x080064d4   Data           8  system_stm32f4xx_1.o(.constdata)
    Region$$Table$$Base                      0x080066e8   Number         0  anon$$obj.o(Region$$Table)
    Region$$Table$$Limit                     0x08006708   Number         0  anon$$obj.o(Region$$Table)
    motorControlTaskHandle                   0x20000000   Data           4  motor.o(.data)
    motorDataMutexHandle                     0x20000004   Data           4  motor.o(.data)
    observerTaskHandle                       0x20000008   Data           4  observer.o(.data)
    servoData                                0x2000000c   Data           4  servo.o(.data)
    servoTaskHandle                          0x20000010   Data           4  servo.o(.data)
    servoStateMutexHandle                    0x20000014   Data           4  servo.o(.data)
    servoDataQueueHandle                     0x20000018   Data           4  servo.o(.data)
    beepDuration                             0x2000001c   Data           4  beep.o(.data)
    beepTaskHandle                           0x20000020   Data           4  beep.o(.data)
    beepStateMutexHandle                     0x20000024   Data           4  beep.o(.data)
    beepDurationQueueHandle                  0x20000028   Data           4  beep.o(.data)
    batterySamplingTaskHandle                0x2000002c   Data           4  battery.o(.data)
    batteryDataMutexHandle                   0x20000030   Data           4  battery.o(.data)
    sonarIter                                0x20000034   Data           1  sonar.o(.data)
    sonarState                               0x20000035   Data           1  sonar.o(.data)
    sonarTaskHandle                          0x20000038   Data           4  sonar.o(.data)
    sonarDataMutexHandle                     0x2000003c   Data           4  sonar.o(.data)
    sonarDataQueueHandle                     0x20000040   Data           4  sonar.o(.data)
    sonarRecieveBuffer                       0x20000044   Data           8  sonar.o(.data)
    sonarData                                0x2000004c   Data           8  sonar.o(.data)
    uwTickFreq                               0x20000054   Data           1  stm32f4xx_hal.o(.data)
    uwTickPrio                               0x20000058   Data           4  stm32f4xx_hal.o(.data)
    uwTick                                   0x2000005c   Data           4  stm32f4xx_hal.o(.data)
    SystemCoreClock                          0x20000060   Data           4  system_stm32f4xx_1.o(.data)
    pxCurrentTCB                             0x20000064   Data           4  tasks.o(.data)
    htim4                                    0x200000e0   Data          64  stm32f4xx_hal_timebase_tim.o(.bss)
    huart2                                   0x20000120   Data          64  host.o(.bss)
    htim1                                    0x20000160   Data          64  motor.o(.bss)
    htim2                                    0x200001a0   Data          64  motor.o(.bss)
    htim3                                    0x200001e0   Data          64  motor.o(.bss)
    robotMotorData                           0x20000220   Data          56  motor.o(.bss)
    huart1                                   0x20000258   Data          64  servo.o(.bss)
    hiwdg                                    0x20000298   Data          12  watchdog.o(.bss)
    hadc1                                    0x200002a4   Data          72  battery.o(.bss)
    batteryData                              0x200002ec   Data          16  battery.o(.bss)
    huart4                                   0x200002fc   Data          64  sonar.o(.bss)
    robotDisplacement                        0x2000033c   Data          12  kinematic.o(.bss)
    slamwareRecieveBuffer                    0x20000348   Data         512  slamware.o(.bss)
    huart3                                   0x20000548   Data          64  slamware.o(.bss)
    xQueueRegistry                           0x20000588   Data          64  queue.o(.bss)
    __initial_sp                             0x20005660   Data           0  startup_stm32f407xx.o(STACK)



==============================================================================

Memory Map of the image

  Image Entry point : 0x08000189

  Load Region LR_IROM1 (Base: 0x08000000, Size: 0x000067e8, Max: 0x00100000, ABSOLUTE)

    Execution Region ER_IROM1 (Exec base: 0x08000000, Load base: 0x08000000, Size: 0x00006708, Max: 0x00100000, ABSOLUTE)

    Exec Addr    Load Addr    Size         Type   Attr      Idx    E Section Name        Object

    0x08000000   0x08000000   0x00000188   Data   RO            3    RESET               startup_stm32f407xx.o
    0x08000188   0x08000188   0x00000000   Code   RO         5395  * .ARM.Collect$$$$00000000  mc_w.l(entry.o)
    0x08000188   0x08000188   0x00000004   Code   RO         5442    .ARM.Collect$$$$00000001  mc_w.l(entry2.o)
    0x0800018c   0x0800018c   0x00000004   Code   RO         5445    .ARM.Collect$$$$00000004  mc_w.l(entry5.o)
    0x08000190   0x08000190   0x00000000   Code   RO         5447    .ARM.Collect$$$$00000008  mc_w.l(entry7b.o)
    0x08000190   0x08000190   0x00000000   Code   RO         5449    .ARM.Collect$$$$0000000A  mc_w.l(entry8b.o)
    0x08000190   0x08000190   0x00000008   Code   RO         5450    .ARM.Collect$$$$0000000B  mc_w.l(entry9a.o)
    0x08000198   0x08000198   0x00000000   Code   RO         5452    .ARM.Collect$$$$0000000D  mc_w.l(entry10a.o)
    0x08000198   0x08000198   0x00000000   Code   RO         5454    .ARM.Collect$$$$0000000F  mc_w.l(entry11a.o)
    0x08000198   0x08000198   0x00000004   Code   RO         5443    .ARM.Collect$$$$00002712  mc_w.l(entry2.o)
    0x0800019c   0x0800019c   0x000000be   Code   RO         5294    .emb_text           port.o
    0x0800025a   0x0800025a   0x00000002   PAD
    0x0800025c   0x0800025c   0x00000024   Code   RO            4    .text               startup_stm32f407xx.o
    0x08000280   0x08000280   0x00000062   Code   RO         5398    .text               mc_w.l(uldiv.o)
    0x080002e2   0x080002e2   0x00000024   Code   RO         5400    .text               mc_w.l(memcpya.o)
    0x08000306   0x08000306   0x00000024   Code   RO         5404    .text               mc_w.l(memseta.o)
    0x0800032a   0x0800032a   0x000000e4   Code   RO         5408    .text               mf_w.l(dmul.o)
    0x0800040e   0x0800040e   0x00000026   Code   RO         5410    .text               mf_w.l(f2d.o)
    0x08000434   0x08000434   0x00000038   Code   RO         5412    .text               mf_w.l(d2f.o)
    0x0800046c   0x0800046c   0x0000001e   Code   RO         5456    .text               mc_w.l(llshl.o)
    0x0800048a   0x0800048a   0x00000020   Code   RO         5458    .text               mc_w.l(llushr.o)
    0x080004aa   0x080004aa   0x00000000   Code   RO         5467    .text               mc_w.l(iusefp.o)
    0x080004aa   0x080004aa   0x0000006e   Code   RO         5468    .text               mf_w.l(fepilogue.o)
    0x08000518   0x08000518   0x000000ba   Code   RO         5470    .text               mf_w.l(depilogue.o)
    0x080005d2   0x080005d2   0x00000002   PAD
    0x080005d4   0x080005d4   0x00000024   Code   RO         5484    .text               mc_w.l(init.o)
    0x080005f8   0x080005f8   0x0000014e   Code   RO         5486    .text               mf_w.l(dadd.o)
    0x08000746   0x08000746   0x000000de   Code   RO         5488    .text               mf_w.l(ddiv.o)
    0x08000824   0x08000824   0x00000022   Code   RO         5490    .text               mf_w.l(dflti.o)
    0x08000846   0x08000846   0x0000001a   Code   RO         5492    .text               mf_w.l(dfltui.o)
    0x08000860   0x08000860   0x0000003e   Code   RO         5494    .text               mf_w.l(dfixi.o)
    0x0800089e   0x0800089e   0x00000024   Code   RO         5496    .text               mc_w.l(llsshr.o)
    0x080008c2   0x080008c2   0x00000002   PAD
    0x080008c4   0x080008c4   0x0000000c   Code   RO          155    i.ADC_IRQHandler    stm32f4xx_it.o
    0x080008d0   0x080008d0   0x00000128   Code   RO          995    i.ADC_Init          stm32f4xx_hal_adc.o
    0x080009f8   0x080009f8   0x00000098   Code   RO          706    i.Battery_ADC_Init  battery.o
    0x08000a90   0x08000a90   0x00000018   Code   RO          707    i.Battery_Init      battery.o
    0x08000aa8   0x08000aa8   0x00000028   Code   RO          708    i.Battery_RunTask   battery.o
    0x08000ad0   0x08000ad0   0x00000028   Code   RO          709    i.Battery_Task      battery.o
    0x08000af8   0x08000af8   0x00000088   Code   RO          710    i.Battery_UpdateData  battery.o
    0x08000b80   0x08000b80   0x00000018   Code   RO          620    i.Beep_Init         beep.o
    0x08000b98   0x08000b98   0x00000038   Code   RO          621    i.Beep_RunTask      beep.o
    0x08000bd0   0x08000bd0   0x00000028   Code   RO          622    i.Beep_Start        beep.o
    0x08000bf8   0x08000bf8   0x00000050   Code   RO          623    i.Beep_Task         beep.o
    0x08000c48   0x08000c48   0x00000002   Code   RO         1166    i.HAL_ADCEx_InjectedConvCpltCallback  stm32f4xx_hal_adc_ex.o
    0x08000c4a   0x08000c4a   0x00000002   PAD
    0x08000c4c   0x08000c4c   0x0000014c   Code   RO          997    i.HAL_ADC_ConfigChannel  stm32f4xx_hal_adc.o
    0x08000d98   0x08000d98   0x00000002   Code   RO          998    i.HAL_ADC_ConvCpltCallback  stm32f4xx_hal_adc.o
    0x08000d9a   0x08000d9a   0x00000002   Code   RO         1001    i.HAL_ADC_ErrorCallback  stm32f4xx_hal_adc.o
    0x08000d9c   0x08000d9c   0x00000004   Code   RO         1003    i.HAL_ADC_GetState  stm32f4xx_hal_adc.o
    0x08000da0   0x08000da0   0x00000006   Code   RO         1004    i.HAL_ADC_GetValue  stm32f4xx_hal_adc.o
    0x08000da6   0x08000da6   0x0000013c   Code   RO         1005    i.HAL_ADC_IRQHandler  stm32f4xx_hal_adc.o
    0x08000ee2   0x08000ee2   0x00000054   Code   RO         1006    i.HAL_ADC_Init      stm32f4xx_hal_adc.o
    0x08000f36   0x08000f36   0x00000002   Code   RO         1007    i.HAL_ADC_LevelOutOfWindowCallback  stm32f4xx_hal_adc.o
    0x08000f38   0x08000f38   0x00000002   Code   RO         1009    i.HAL_ADC_MspInit   stm32f4xx_hal_adc.o
    0x08000f3a   0x08000f3a   0x000000a2   Code   RO         1010    i.HAL_ADC_PollForConversion  stm32f4xx_hal_adc.o
    0x08000fdc   0x08000fdc   0x000000ec   Code   RO         1012    i.HAL_ADC_Start     stm32f4xx_hal_adc.o
    0x080010c8   0x080010c8   0x00000024   Code   RO         1730    i.HAL_DMA_Abort_IT  stm32f4xx_hal_dma.o
    0x080010ec   0x080010ec   0x00000024   Code   RO         2148    i.HAL_Delay         stm32f4xx_hal.o
    0x08001110   0x08001110   0x000001b8   Code   RO         1622    i.HAL_GPIO_Init     stm32f4xx_hal_gpio.o
    0x080012c8   0x080012c8   0x0000000a   Code   RO         1626    i.HAL_GPIO_WritePin  stm32f4xx_hal_gpio.o
    0x080012d2   0x080012d2   0x00000002   PAD
    0x080012d4   0x080012d4   0x0000000c   Code   RO         2154    i.HAL_GetTick       stm32f4xx_hal.o
    0x080012e0   0x080012e0   0x00000052   Code   RO         2399    i.HAL_IWDG_Init     stm32f4xx_hal_iwdg.o
    0x08001332   0x08001332   0x0000000c   Code   RO         2400    i.HAL_IWDG_Refresh  stm32f4xx_hal_iwdg.o
    0x0800133e   0x0800133e   0x00000002   PAD
    0x08001340   0x08001340   0x00000034   Code   RO         2161    i.HAL_Init          stm32f4xx_hal.o
    0x08001374   0x08001374   0x00000074   Code   RO           13    i.HAL_InitTick      stm32f4xx_hal_timebase_tim.o
    0x080013e8   0x080013e8   0x00000002   Code   RO         2164    i.HAL_MspInit       stm32f4xx_hal.o
    0x080013ea   0x080013ea   0x0000001a   Code   RO         2011    i.HAL_NVIC_EnableIRQ  stm32f4xx_hal_cortex.o
    0x08001404   0x08001404   0x00000040   Code   RO         2017    i.HAL_NVIC_SetPriority  stm32f4xx_hal_cortex.o
    0x08001444   0x08001444   0x00000024   Code   RO         2018    i.HAL_NVIC_SetPriorityGrouping  stm32f4xx_hal_cortex.o
    0x08001468   0x08001468   0x00000134   Code   RO         1268    i.HAL_RCC_ClockConfig  stm32f4xx_hal_rcc.o
    0x0800159c   0x0800159c   0x00000040   Code   RO         1272    i.HAL_RCC_GetClockConfig  stm32f4xx_hal_rcc.o
    0x080015dc   0x080015dc   0x00000020   Code   RO         1275    i.HAL_RCC_GetPCLK1Freq  stm32f4xx_hal_rcc.o
    0x080015fc   0x080015fc   0x00000020   Code   RO         1276    i.HAL_RCC_GetPCLK2Freq  stm32f4xx_hal_rcc.o
    0x0800161c   0x0800161c   0x00000060   Code   RO         1277    i.HAL_RCC_GetSysClockFreq  stm32f4xx_hal_rcc.o
    0x0800167c   0x0800167c   0x0000035c   Code   RO         1280    i.HAL_RCC_OscConfig  stm32f4xx_hal_rcc.o
    0x080019d8   0x080019d8   0x00000002   Code   RO         3106    i.HAL_TIMEx_BreakCallback  stm32f4xx_hal_tim_ex.o
    0x080019da   0x080019da   0x00000002   Code   RO         3107    i.HAL_TIMEx_CommutCallback  stm32f4xx_hal_tim_ex.o
    0x080019dc   0x080019dc   0x00000054   Code   RO         3109    i.HAL_TIMEx_ConfigBreakDeadTime  stm32f4xx_hal_tim_ex.o
    0x08001a30   0x08001a30   0x00000090   Code   RO         3124    i.HAL_TIMEx_MasterConfigSynchronization  stm32f4xx_hal_tim_ex.o
    0x08001ac0   0x08001ac0   0x00000036   Code   RO         2431    i.HAL_TIM_Base_Init  stm32f4xx_hal_tim.o
    0x08001af6   0x08001af6   0x00000002   Code   RO         2433    i.HAL_TIM_Base_MspInit  stm32f4xx_hal_tim.o
    0x08001af8   0x08001af8   0x00000022   Code   RO         2436    i.HAL_TIM_Base_Start_IT  stm32f4xx_hal_tim.o
    0x08001b1a   0x08001b1a   0x00000098   Code   RO         2449    i.HAL_TIM_Encoder_Init  stm32f4xx_hal_tim.o
    0x08001bb2   0x08001bb2   0x00000002   Code   RO         2451    i.HAL_TIM_Encoder_MspInit  stm32f4xx_hal_tim.o
    0x08001bb4   0x08001bb4   0x00000034   Code   RO         2452    i.HAL_TIM_Encoder_Start  stm32f4xx_hal_tim.o
    0x08001be8   0x08001be8   0x00000002   Code   RO         2460    i.HAL_TIM_IC_CaptureCallback  stm32f4xx_hal_tim.o
    0x08001bea   0x08001bea   0x00000166   Code   RO         2474    i.HAL_TIM_IRQHandler  stm32f4xx_hal_tim.o
    0x08001d50   0x08001d50   0x00000002   Code   RO         2477    i.HAL_TIM_OC_DelayElapsedCallback  stm32f4xx_hal_tim.o
    0x08001d52   0x08001d52   0x000000d0   Code   RO         2498    i.HAL_TIM_PWM_ConfigChannel  stm32f4xx_hal_tim.o
    0x08001e22   0x08001e22   0x00000036   Code   RO         2501    i.HAL_TIM_PWM_Init  stm32f4xx_hal_tim.o
    0x08001e58   0x08001e58   0x00000002   Code   RO         2503    i.HAL_TIM_PWM_MspInit  stm32f4xx_hal_tim.o
    0x08001e5a   0x08001e5a   0x00000002   Code   RO         2504    i.HAL_TIM_PWM_PulseFinishedCallback  stm32f4xx_hal_tim.o
    0x08001e5c   0x08001e5c   0x00000044   Code   RO         2506    i.HAL_TIM_PWM_Start  stm32f4xx_hal_tim.o
    0x08001ea0   0x08001ea0   0x00000002   Code   RO         2512    i.HAL_TIM_PeriodElapsedCallback  stm32f4xx_hal_tim.o
    0x08001ea2   0x08001ea2   0x00000002   Code   RO         2517    i.HAL_TIM_TriggerCallback  stm32f4xx_hal_tim.o
    0x08001ea4   0x08001ea4   0x00000002   Code   RO         3378    i.HAL_UART_ErrorCallback  stm32f4xx_hal_uart.o
    0x08001ea6   0x08001ea6   0x00000002   PAD
    0x08001ea8   0x08001ea8   0x00000114   Code   RO         3381    i.HAL_UART_IRQHandler  stm32f4xx_hal_uart.o
    0x08001fbc   0x08001fbc   0x00000062   Code   RO         3382    i.HAL_UART_Init     stm32f4xx_hal_uart.o
    0x0800201e   0x0800201e   0x00000002   Code   RO         3384    i.HAL_UART_MspInit  stm32f4xx_hal_uart.o
    0x08002020   0x08002020   0x00000052   Code   RO         3387    i.HAL_UART_Receive_IT  stm32f4xx_hal_uart.o
    0x08002072   0x08002072   0x00000002   PAD
    0x08002074   0x08002074   0x0000002c   Code   RO          156    i.HAL_UART_RxCpltCallback  stm32f4xx_it.o
    0x080020a0   0x080020a0   0x000000ba   Code   RO         3390    i.HAL_UART_Transmit  stm32f4xx_hal_uart.o
    0x0800215a   0x0800215a   0x00000002   Code   RO         3393    i.HAL_UART_TxCpltCallback  stm32f4xx_hal_uart.o
    0x0800215c   0x0800215c   0x00000080   Code   RO          386    i.Host_Init         host.o
    0x080021dc   0x080021dc   0x00000084   Code   RO          388    i.Host_SendNumber   host.o
    0x08002260   0x08002260   0x00000014   Code   RO          389    i.Host_SendStream   host.o
    0x08002274   0x08002274   0x0000001c   Code   RO          832    i.Kinematic_ClearDisplacement  kinematic.o
    0x08002290   0x08002290   0x00000058   Code   RO          833    i.Kinematic_SetSpeed  kinematic.o
    0x080022e8   0x080022e8   0x000000f8   Code   RO          834    i.Kinematic_UpdateDisplacement  kinematic.o
    0x080023e0   0x080023e0   0x00000018   Code   RO          439    i.Motor_ClearEncoder  motor.o
    0x080023f8   0x080023f8   0x000000fc   Code   RO          440    i.Motor_Encoder_Init  motor.o
    0x080024f4   0x080024f4   0x0000009c   Code   RO          441    i.Motor_Init        motor.o
    0x08002590   0x08002590   0x0000001c   Code   RO          442    i.Motor_ReadEncoder  motor.o
    0x080025ac   0x080025ac   0x00000034   Code   RO          443    i.Motor_RunTask     motor.o
    0x080025e0   0x080025e0   0x000000dc   Code   RO          444    i.Motor_SetPWM      motor.o
    0x080026bc   0x080026bc   0x00000030   Code   RO          445    i.Motor_SetSpeedPPS  motor.o
    0x080026ec   0x080026ec   0x00000120   Code   RO          446    i.Motor_Task        motor.o
    0x0800280c   0x0800280c   0x000000cc   Code   RO          447    i.Motor_Timer_Init  motor.o
    0x080028d8   0x080028d8   0x00000020   Code   RO          519    i.Observer_RunTask  observer.o
    0x080028f8   0x080028f8   0x000002b0   Code   RO          520    i.Observer_Task     observer.o
    0x08002ba8   0x08002ba8   0x000000a0   Code   RO          557    i.Servo_Init        servo.o
    0x08002c48   0x08002c48   0x00000038   Code   RO          558    i.Servo_RunTask     servo.o
    0x08002c80   0x08002c80   0x00000018   Code   RO          559    i.Servo_SendByte    servo.o
    0x08002c98   0x08002c98   0x00000060   Code   RO          560    i.Servo_SendControlStream  servo.o
    0x08002cf8   0x08002cf8   0x00000038   Code   RO          561    i.Servo_SetAngle    servo.o
    0x08002d30   0x08002d30   0x00000048   Code   RO          562    i.Servo_Task        servo.o
    0x08002d78   0x08002d78   0x00000002   Code   RO          875    i.Slamware_DataHandler  slamware.o
    0x08002d7a   0x08002d7a   0x00000002   PAD
    0x08002d7c   0x08002d7c   0x00000060   Code   RO          763    i.Sonar_DataHandler  sonar.o
    0x08002ddc   0x08002ddc   0x0000008c   Code   RO          764    i.Sonar_Init        sonar.o
    0x08002e68   0x08002e68   0x00000044   Code   RO          765    i.Sonar_Multiplexer_Init  sonar.o
    0x08002eac   0x08002eac   0x00000078   Code   RO          766    i.Sonar_Multiplexer_SetChannel  sonar.o
    0x08002f24   0x08002f24   0x00000038   Code   RO          767    i.Sonar_RunTask     sonar.o
    0x08002f5c   0x08002f5c   0x00000018   Code   RO          768    i.Sonar_SendByte    sonar.o
    0x08002f74   0x08002f74   0x0000006c   Code   RO          769    i.Sonar_Task        sonar.o
    0x08002fe0   0x08002fe0   0x0000002c   Code   RO         5295    i.SysTick_Handler   port.o
    0x0800300c   0x0800300c   0x0000001c   Code   RO         3684    i.SystemInit        system_stm32f4xx_1.o
    0x08003028   0x08003028   0x000000a8   Code   RO          332    i.System_Clock_Config  system.o
    0x080030d0   0x080030d0   0x00000048   Code   RO          333    i.System_GPIO_Alt_Init  system.o
    0x08003118   0x08003118   0x0000010c   Code   RO          334    i.System_GPIO_CLK_Config  system.o
    0x08003224   0x08003224   0x00000046   Code   RO          335    i.System_GPIO_Init  system.o
    0x0800326a   0x0800326a   0x00000006   Code   RO          337    i.System_GPIO_Write  system.o
    0x08003270   0x08003270   0x0000000c   Code   RO          157    i.TIM4_IRQHandler   stm32f4xx_it.o
    0x0800327c   0x0800327c   0x000000c8   Code   RO         2519    i.TIM_Base_SetConfig  stm32f4xx_hal_tim.o
    0x08003344   0x08003344   0x0000001a   Code   RO         2520    i.TIM_CCxChannelCmd  stm32f4xx_hal_tim.o
    0x0800335e   0x0800335e   0x00000002   PAD
    0x08003360   0x08003360   0x00000060   Code   RO         2532    i.TIM_OC1_SetConfig  stm32f4xx_hal_tim.o
    0x080033c0   0x080033c0   0x0000006c   Code   RO         2533    i.TIM_OC2_SetConfig  stm32f4xx_hal_tim.o
    0x0800342c   0x0800342c   0x00000068   Code   RO         2534    i.TIM_OC3_SetConfig  stm32f4xx_hal_tim.o
    0x08003494   0x08003494   0x00000050   Code   RO         2535    i.TIM_OC4_SetConfig  stm32f4xx_hal_tim.o
    0x080034e4   0x080034e4   0x00000018   Code   RO         4814    i.TimerCallback     cmsis_os2.o
    0x080034fc   0x080034fc   0x0000000c   Code   RO          158    i.UART4_IRQHandler  stm32f4xx_it.o
    0x08003508   0x08003508   0x00000010   Code   RO         3395    i.UART_DMAAbortOnError  stm32f4xx_hal_uart.o
    0x08003518   0x08003518   0x0000001c   Code   RO         3405    i.UART_EndRxTransfer  stm32f4xx_hal_uart.o
    0x08003534   0x08003534   0x00000096   Code   RO         3407    i.UART_Receive_IT   stm32f4xx_hal_uart.o
    0x080035ca   0x080035ca   0x00000002   PAD
    0x080035cc   0x080035cc   0x00000128   Code   RO         3408    i.UART_SetConfig    stm32f4xx_hal_uart.o
    0x080036f4   0x080036f4   0x00000062   Code   RO         3409    i.UART_Transmit_IT  stm32f4xx_hal_uart.o
    0x08003756   0x08003756   0x00000064   Code   RO         3410    i.UART_WaitOnFlagUntilTimeout  stm32f4xx_hal_uart.o
    0x080037ba   0x080037ba   0x00000002   PAD
    0x080037bc   0x080037bc   0x0000000c   Code   RO          159    i.USART1_IRQHandler  stm32f4xx_it.o
    0x080037c8   0x080037c8   0x0000000c   Code   RO          160    i.USART2_IRQHandler  stm32f4xx_it.o
    0x080037d4   0x080037d4   0x0000000c   Code   RO          161    i.USART3_IRQHandler  stm32f4xx_it.o
    0x080037e0   0x080037e0   0x0000000c   Code   RO          670    i.Watchdog_Feed     watchdog.o
    0x080037ec   0x080037ec   0x0000001c   Code   RO          671    i.Watchdog_Init     watchdog.o
    0x08003808   0x08003808   0x00000030   Code   RO         5480    i.__ARM_fpclassify  m_wm.l(fpclassify.o)
    0x08003838   0x08003838   0x00000020   Code   RO         2024    i.__NVIC_SetPriority  stm32f4xx_hal_cortex.o
    0x08003858   0x08003858   0x000000c8   Code   RO         5371    i.__hardfp_cos      m_wm.l(cos.o)
    0x08003920   0x08003920   0x000000c8   Code   RO         5383    i.__hardfp_sin      m_wm.l(sin.o)
    0x080039e8   0x080039e8   0x00000438   Code   RO         5431    i.__ieee754_rem_pio2  m_wm.l(rred.o)
    0x08003e20   0x08003e20   0x00000170   Code   RO         5414    i.__kernel_cos      m_wm.l(cos_i.o)
    0x08003f90   0x08003f90   0x000000f8   Code   RO         5482    i.__kernel_poly     m_wm.l(poly.o)
    0x08004088   0x08004088   0x00000130   Code   RO         5436    i.__kernel_sin      m_wm.l(sin_i.o)
    0x080041b8   0x080041b8   0x00000014   Code   RO         5418    i.__mathlib_dbl_infnan  m_wm.l(dunder.o)
    0x080041cc   0x080041cc   0x00000004   PAD
    0x080041d0   0x080041d0   0x00000020   Code   RO         5420    i.__mathlib_dbl_invalid  m_wm.l(dunder.o)
    0x080041f0   0x080041f0   0x00000020   Code   RO         5423    i.__mathlib_dbl_underflow  m_wm.l(dunder.o)
    0x08004210   0x08004210   0x0000000e   Code   RO         5500    i.__scatterload_copy  mc_w.l(handlers.o)
    0x0800421e   0x0800421e   0x00000002   Code   RO         5501    i.__scatterload_null  mc_w.l(handlers.o)
    0x08004220   0x08004220   0x0000000e   Code   RO         5502    i.__scatterload_zeroinit  mc_w.l(handlers.o)
    0x0800422e   0x0800422e   0x00000002   PAD
    0x08004230   0x08004230   0x0000000c   Code   RO         5462    i.__set_errno       mc_w.l(errno.o)
    0x0800423c   0x0800423c   0x00000018   Code   RO         5476    i.fabs              m_wm.l(fabs.o)
    0x08004254   0x08004254   0x0000004a   Code   RO          273    i.main              main.o
    0x0800429e   0x0800429e   0x00000002   PAD
    0x080042a0   0x080042a0   0x00000034   Code   RO         4815    i.osDelay           cmsis_os2.o
    0x080042d4   0x080042d4   0x00000034   Code   RO         4829    i.osKernelInitialize  cmsis_os2.o
    0x08004308   0x08004308   0x0000003c   Code   RO         4832    i.osKernelStart     cmsis_os2.o
    0x08004344   0x08004344   0x00000080   Code   RO         4835    i.osMessageQueueGet  cmsis_os2.o
    0x080043c4   0x080043c4   0x00000074   Code   RO         4840    i.osMessageQueueNew  cmsis_os2.o
    0x08004438   0x08004438   0x00000084   Code   RO         4841    i.osMessageQueuePut  cmsis_os2.o
    0x080044bc   0x080044bc   0x0000003c   Code   RO         4842    i.osMessageQueueReset  cmsis_os2.o
    0x080044f8   0x080044f8   0x0000006c   Code   RO         4843    i.osMutexAcquire    cmsis_os2.o
    0x08004564   0x08004564   0x00000080   Code   RO         4846    i.osMutexNew        cmsis_os2.o
    0x080045e4   0x080045e4   0x0000005c   Code   RO         4847    i.osMutexRelease    cmsis_os2.o
    0x08004640   0x08004640   0x000000a4   Code   RO         4865    i.osThreadNew       cmsis_os2.o
    0x080046e4   0x080046e4   0x00000084   Code   RO         4874    i.osTimerNew        cmsis_os2.o
    0x08004768   0x08004768   0x0000004c   Code   RO         4875    i.osTimerStart      cmsis_os2.o
    0x080047b4   0x080047b4   0x0000005c   Code   RO         4296    i.prvAddCurrentTaskToDelayedList  tasks.o
    0x08004810   0x08004810   0x000000d0   Code   RO         4297    i.prvAddNewTaskToReadyList  tasks.o
    0x080048e0   0x080048e0   0x00000058   Code   RO         4649    i.prvCheckForValidListAndQueue  timers.o
    0x08004938   0x08004938   0x00000026   Code   RO         3893    i.prvCopyDataFromQueue  queue.o
    0x0800495e   0x0800495e   0x0000006c   Code   RO         3894    i.prvCopyDataToQueue  queue.o
    0x080049ca   0x080049ca   0x00000034   Code   RO         4298    i.prvDeleteTCB      tasks.o
    0x080049fe   0x080049fe   0x00000002   PAD
    0x08004a00   0x08004a00   0x0000004c   Code   RO         5245    i.prvHeapInit       heap_4.o
    0x08004a4c   0x08004a4c   0x00000060   Code   RO         4299    i.prvIdleTask       tasks.o
    0x08004aac   0x08004aac   0x00000016   Code   RO         3895    i.prvInitialiseMutex  queue.o
    0x08004ac2   0x08004ac2   0x00000002   PAD
    0x08004ac4   0x08004ac4   0x00000022   Code   RO         3896    i.prvInitialiseNewQueue  queue.o
    0x08004ae6   0x08004ae6   0x00000002   PAD
    0x08004ae8   0x08004ae8   0x000000b0   Code   RO         4300    i.prvInitialiseNewTask  tasks.o
    0x08004b98   0x08004b98   0x0000004e   Code   RO         4650    i.prvInitialiseNewTimer  timers.o
    0x08004be6   0x08004be6   0x00000002   PAD
    0x08004be8   0x08004be8   0x0000004c   Code   RO         5246    i.prvInsertBlockIntoFreeList  heap_4.o
    0x08004c34   0x08004c34   0x00000038   Code   RO         4651    i.prvInsertTimerInActiveList  timers.o
    0x08004c6c   0x08004c6c   0x0000001c   Code   RO         3897    i.prvIsQueueEmpty   queue.o
    0x08004c88   0x08004c88   0x000000fc   Code   RO         4652    i.prvProcessReceivedCommands  timers.o
    0x08004d84   0x08004d84   0x000000c0   Code   RO         4653    i.prvProcessTimerOrBlockTask  timers.o
    0x08004e44   0x08004e44   0x00000020   Code   RO         4302    i.prvResetNextTaskUnblockTime  tasks.o
    0x08004e64   0x08004e64   0x00000028   Code   RO         4654    i.prvSampleTimeNow  timers.o
    0x08004e8c   0x08004e8c   0x0000006c   Code   RO         4655    i.prvSwitchTimerLists  timers.o
    0x08004ef8   0x08004ef8   0x00000028   Code   RO         5296    i.prvTaskExitError  port.o
    0x08004f20   0x08004f20   0x00000024   Code   RO         4656    i.prvTimerTask      timers.o
    0x08004f44   0x08004f44   0x0000006a   Code   RO         3898    i.prvUnlockQueue    queue.o
    0x08004fae   0x08004fae   0x00000002   PAD
    0x08004fb0   0x08004fb0   0x000000d8   Code   RO         5247    i.pvPortMalloc      heap_4.o
    0x08005088   0x08005088   0x00000018   Code   RO         4305    i.pvTaskIncrementMutexHeldCount  tasks.o
    0x080050a0   0x080050a0   0x00000024   Code   RO         4657    i.pvTimerGetTimerID  timers.o
    0x080050c4   0x080050c4   0x0000002c   Code   RO         5297    i.pxPortInitialiseStack  port.o
    0x080050f0   0x080050f0   0x00000026   Code   RO         3853    i.uxListRemove      list.o
    0x08005116   0x08005116   0x00000002   PAD
    0x08005118   0x08005118   0x00000014   Code   RO         4877    i.vApplicationGetIdleTaskMemory  cmsis_os2.o
    0x0800512c   0x0800512c   0x00000018   Code   RO         4878    i.vApplicationGetTimerTaskMemory  cmsis_os2.o
    0x08005144   0x08005144   0x00000016   Code   RO         3854    i.vListInitialise   list.o
    0x0800515a   0x0800515a   0x00000006   Code   RO         3855    i.vListInitialiseItem  list.o
    0x08005160   0x08005160   0x00000030   Code   RO         3856    i.vListInsert       list.o
    0x08005190   0x08005190   0x00000018   Code   RO         3857    i.vListInsertEnd    list.o
    0x080051a8   0x080051a8   0x00000040   Code   RO         5299    i.vPortEnterCritical  port.o
    0x080051e8   0x080051e8   0x00000028   Code   RO         5300    i.vPortExitCritical  port.o
    0x08005210   0x08005210   0x0000005c   Code   RO         5248    i.vPortFree         heap_4.o
    0x0800526c   0x0800526c   0x00000024   Code   RO         5301    i.vPortSetupTimerInterrupt  port.o
    0x08005290   0x08005290   0x00000054   Code   RO         5302    i.vPortValidateInterruptPriority  port.o
    0x080052e4   0x080052e4   0x00000028   Code   RO         3904    i.vQueueAddToRegistry  queue.o
    0x0800530c   0x0800530c   0x00000044   Code   RO         3908    i.vQueueWaitForMessageRestricted  queue.o
    0x08005350   0x08005350   0x0000004c   Code   RO         4314    i.vTaskDelay        tasks.o
    0x0800539c   0x0800539c   0x00000010   Code   RO         4319    i.vTaskInternalSetTimeOutState  tasks.o
    0x080053ac   0x080053ac   0x0000000c   Code   RO         4320    i.vTaskMissedYield  tasks.o
    0x080053b8   0x080053b8   0x00000030   Code   RO         4322    i.vTaskPlaceOnEventList  tasks.o
    0x080053e8   0x080053e8   0x00000038   Code   RO         4323    i.vTaskPlaceOnEventListRestricted  tasks.o
    0x08005420   0x08005420   0x00000090   Code   RO         4325    i.vTaskPriorityDisinheritAfterTimeout  tasks.o
    0x080054b0   0x080054b0   0x00000088   Code   RO         4331    i.vTaskStartScheduler  tasks.o
    0x08005538   0x08005538   0x00000010   Code   RO         4333    i.vTaskSuspendAll   tasks.o
    0x08005548   0x08005548   0x00000064   Code   RO         4334    i.vTaskSwitchContext  tasks.o
    0x080055ac   0x080055ac   0x000000f4   Code   RO         5303    i.xPortStartScheduler  port.o
    0x080056a0   0x080056a0   0x00000016   Code   RO         3911    i.xQueueCreateMutex  queue.o
    0x080056b6   0x080056b6   0x0000001a   Code   RO         3912    i.xQueueCreateMutexStatic  queue.o
    0x080056d0   0x080056d0   0x00000048   Code   RO         3913    i.xQueueGenericCreate  queue.o
    0x08005718   0x08005718   0x00000066   Code   RO         3914    i.xQueueGenericCreateStatic  queue.o
    0x0800577e   0x0800577e   0x00000002   PAD
    0x08005780   0x08005780   0x00000088   Code   RO         3915    i.xQueueGenericReset  queue.o
    0x08005808   0x08005808   0x00000160   Code   RO         3916    i.xQueueGenericSend  queue.o
    0x08005968   0x08005968   0x000000bc   Code   RO         3917    i.xQueueGenericSendFromISR  queue.o
    0x08005a24   0x08005a24   0x0000003e   Code   RO         3921    i.xQueueGiveMutexRecursive  queue.o
    0x08005a62   0x08005a62   0x00000002   PAD
    0x08005a64   0x08005a64   0x00000138   Code   RO         3926    i.xQueueReceive     queue.o
    0x08005b9c   0x08005b9c   0x0000009a   Code   RO         3927    i.xQueueReceiveFromISR  queue.o
    0x08005c36   0x08005c36   0x00000002   PAD
    0x08005c38   0x08005c38   0x00000178   Code   RO         3928    i.xQueueSemaphoreTake  queue.o
    0x08005db0   0x08005db0   0x00000040   Code   RO         3929    i.xQueueTakeMutexRecursive  queue.o
    0x08005df0   0x08005df0   0x00000074   Code   RO         4335    i.xTaskCheckForTimeOut  tasks.o
    0x08005e64   0x08005e64   0x0000005a   Code   RO         4336    i.xTaskCreate       tasks.o
    0x08005ebe   0x08005ebe   0x00000056   Code   RO         4337    i.xTaskCreateStatic  tasks.o
    0x08005f14   0x08005f14   0x0000000c   Code   RO         4340    i.xTaskGetCurrentTaskHandle  tasks.o
    0x08005f20   0x08005f20   0x0000001c   Code   RO         4341    i.xTaskGetSchedulerState  tasks.o
    0x08005f3c   0x08005f3c   0x0000000c   Code   RO         4342    i.xTaskGetTickCount  tasks.o
    0x08005f48   0x08005f48   0x000000c8   Code   RO         4344    i.xTaskIncrementTick  tasks.o
    0x08006010   0x08006010   0x00000080   Code   RO         4347    i.xTaskPriorityDisinherit  tasks.o
    0x08006090   0x08006090   0x00000078   Code   RO         4348    i.xTaskPriorityInherit  tasks.o
    0x08006108   0x08006108   0x00000070   Code   RO         4349    i.xTaskRemoveFromEventList  tasks.o
    0x08006178   0x08006178   0x000000c4   Code   RO         4350    i.xTaskResumeAll    tasks.o
    0x0800623c   0x0800623c   0x00000034   Code   RO         4662    i.xTimerCreate      timers.o
    0x08006270   0x08006270   0x0000002e   Code   RO         4663    i.xTimerCreateStatic  timers.o
    0x0800629e   0x0800629e   0x00000002   PAD
    0x080062a0   0x080062a0   0x00000060   Code   RO         4664    i.xTimerCreateTimerTask  timers.o
    0x08006300   0x08006300   0x00000068   Code   RO         4665    i.xTimerGenericCommand  timers.o
    0x08006368   0x08006368   0x00000020   Data   RO          449    .constdata          motor.o
    0x08006388   0x08006388   0x00000024   Data   RO          521    .constdata          observer.o
    0x080063ac   0x080063ac   0x0000004c   Data   RO          564    .constdata          servo.o
    0x080063f8   0x080063f8   0x0000004c   Data   RO          624    .constdata          beep.o
    0x08006444   0x08006444   0x00000034   Data   RO          712    .constdata          battery.o
    0x08006478   0x08006478   0x0000004c   Data   RO          771    .constdata          sonar.o
    0x080064c4   0x080064c4   0x00000010   Data   RO         3685    .constdata          system_stm32f4xx_1.o
    0x080064d4   0x080064d4   0x00000008   Data   RO         3686    .constdata          system_stm32f4xx_1.o
    0x080064dc   0x080064dc   0x00000004   PAD
    0x080064e0   0x080064e0   0x00000030   Data   RO         5415    .constdata          m_wm.l(cos_i.o)
    0x08006510   0x08006510   0x000000c8   Data   RO         5433    .constdata          m_wm.l(rred.o)
    0x080065d8   0x080065d8   0x00000028   Data   RO         5437    .constdata          m_wm.l(sin_i.o)
    0x08006600   0x08006600   0x00000027   Data   RO          450    .conststring        motor.o
    0x08006627   0x08006627   0x00000001   PAD
    0x08006628   0x08006628   0x0000000d   Data   RO          522    .conststring        observer.o
    0x08006635   0x08006635   0x00000003   PAD
    0x08006638   0x08006638   0x0000002c   Data   RO          565    .conststring        servo.o
    0x08006664   0x08006664   0x0000002f   Data   RO          625    .conststring        beep.o
    0x08006693   0x08006693   0x00000001   PAD
    0x08006694   0x08006694   0x00000025   Data   RO          713    .conststring        battery.o
    0x080066b9   0x080066b9   0x00000003   PAD
    0x080066bc   0x080066bc   0x0000002b   Data   RO          772    .conststring        sonar.o
    0x080066e7   0x080066e7   0x00000001   PAD
    0x080066e8   0x080066e8   0x00000020   Data   RO         5498    Region$$Table       anon$$obj.o


    Execution Region RW_IRAM2 (Exec base: 0x10000000, Load base: 0x080067e8, Size: 0x00000000, Max: 0x00010000, ABSOLUTE)

    **** No section assigned to this execution region ****


    Execution Region RW_IRAM1 (Exec base: 0x20000000, Load base: 0x08006708, Size: 0x00005660, Max: 0x00020000, ABSOLUTE)

    Exec Addr    Load Addr    Size         Type   Attr      Idx    E Section Name        Object

    0x20000000   0x08006708   0x00000008   Data   RW          451    .data               motor.o
    0x20000008   0x08006710   0x00000004   Data   RW          523    .data               observer.o
    0x2000000c   0x08006714   0x00000010   Data   RW          566    .data               servo.o
    0x2000001c   0x08006724   0x00000010   Data   RW          626    .data               beep.o
    0x2000002c   0x08006734   0x00000008   Data   RW          714    .data               battery.o
    0x20000034   0x0800673c   0x00000020   Data   RW          773    .data               sonar.o
    0x20000054   0x0800675c   0x0000000c   Data   RW         2168    .data               stm32f4xx_hal.o
    0x20000060   0x08006768   0x00000004   Data   RW         3687    .data               system_stm32f4xx_1.o
    0x20000064   0x0800676c   0x0000003c   Data   RW         4353    .data               tasks.o
    0x200000a0   0x080067a8   0x00000014   Data   RW         4673    .data               timers.o
    0x200000b4   0x080067bc   0x00000004   Data   RW         4880    .data               cmsis_os2.o
    0x200000b8   0x080067c0   0x00000018   Data   RW         5253    .data               heap_4.o
    0x200000d0   0x080067d8   0x0000000c   Data   RW         5304    .data               port.o
    0x200000dc   0x080067e4   0x00000004   Data   RW         5463    .data               mc_w.l(errno.o)
    0x200000e0        -       0x00000040   Zero   RW           16    .bss                stm32f4xx_hal_timebase_tim.o
    0x20000120        -       0x00000040   Zero   RW          392    .bss                host.o
    0x20000160        -       0x000000f8   Zero   RW          448    .bss                motor.o
    0x20000258        -       0x00000040   Zero   RW          563    .bss                servo.o
    0x20000298        -       0x0000000c   Zero   RW          672    .bss                watchdog.o
    0x200002a4        -       0x00000058   Zero   RW          711    .bss                battery.o
    0x200002fc        -       0x00000040   Zero   RW          770    .bss                sonar.o
    0x2000033c        -       0x0000000c   Zero   RW          835    .bss                kinematic.o
    0x20000348        -       0x00000200   Zero   RW          877    .bss                slamware.o
    0x20000548        -       0x00000040   Zero   RW          879    .bss                slamware.o
    0x20000588        -       0x00000040   Zero   RW         3930    .bss                queue.o
    0x200005c8        -       0x000004c4   Zero   RW         4352    .bss                tasks.o
    0x20000a8c        -       0x00000118   Zero   RW         4672    .bss                timers.o
    0x20000ba4        -       0x00000ab8   Zero   RW         4879    .bss                cmsis_os2.o
    0x2000165c        -       0x00003c00   Zero   RW         5252    .bss                heap_4.o
    0x2000525c   0x080067e8   0x00000004   PAD
    0x20005260        -       0x00000400   Zero   RW            1    STACK               startup_stm32f407xx.o


==============================================================================

Image component sizes


      Code (inc. data)   RO Data    RW Data    ZI Data      Debug   Object Name

       392         62         89          8         88       4688   battery.o
       200         30        123         16          0       3094   beep.o
      1368         88          0          4       2744      44579   cmsis_os2.o
         0          0          0          0          0      21032   event_groups.o
       460         24          0         24      15360       5003   heap_4.o
       280         32          0          0         64       2846   host.o
       364         48          0          0         12       3424   kinematic.o
       138          0          0          0          0       3774   list.o
        74          0          0          0          0        591   main.o
      1272        120         71          8        248       8511   motor.o
       720        142         49          4          0       2328   observer.o
       786         82          0         12          0      12049   port.o
      2310         24          0          0         64      26383   queue.o
       464         58        120         16         64       5430   servo.o
         2          0          0          0        576       1295   slamware.o
       612         74        119         32         64       6585   sonar.o
        36          8        392          0       1024        876   startup_stm32f407xx.o
       102         14          0         12          0       8986   stm32f4xx_hal.o
      1444         54          0          0          0       9426   stm32f4xx_hal_adc.o
         2          0          0          0          0       1061   stm32f4xx_hal_adc_ex.o
       158         14          0          0          0      33346   stm32f4xx_hal_cortex.o
        36          0          0          0          0       1291   stm32f4xx_hal_dma.o
       450         46          0          0          0       2516   stm32f4xx_hal_gpio.o
        94          0          0          0          0       1871   stm32f4xx_hal_iwdg.o
      1392         82          0          0          0       6157   stm32f4xx_hal_rcc.o
      1610         90          0          0          0      17358   stm32f4xx_hal_tim.o
       232         28          0          0          0       3469   stm32f4xx_hal_tim_ex.o
       116         16          0          0         64     708687   stm32f4xx_hal_timebase_tim.o
      1336         16          0          0          0      10854   stm32f4xx_hal_uart.o
       116         52          0          0          0      15156   stm32f4xx_it.o
         0          0          0          0          0        392   stream_buffer.o
       584         48          0          0          0       4413   system.o
        28          6         24          4          0       1295   system_stm32f4xx_1.o
      2384        200          0         60       1220      31221   tasks.o
      1184         80          0         20        280      36707   timers.o
        40         14          0          0         12       1260   watchdog.o

    ----------------------------------------------------------------------
     20828       1552       1032        220      21888    1047954   Object Totals
         0          0         32          0          0          0   (incl. Generated)
        42          0         13          0          4          0   (incl. Padding)

    ----------------------------------------------------------------------

      Code (inc. data)   RO Data    RW Data    ZI Data      Debug   Library Member Name

       200         20          0          0          0        164   cos.o
       368         46         48          0          0        200   cos_i.o
        84         16          0          0          0        372   dunder.o
        24          0          0          0          0        124   fabs.o
        48          0          0          0          0        124   fpclassify.o
       248          0          0          0          0        152   poly.o
      1080        142        200          0          0        188   rred.o
       200         20          0          0          0        164   sin.o
       304         24         40          0          0        208   sin_i.o
         0          0          0          0          0          0   entry.o
         0          0          0          0          0          0   entry10a.o
         0          0          0          0          0          0   entry11a.o
         8          4          0          0          0          0   entry2.o
         4          0          0          0          0          0   entry5.o
         0          0          0          0          0          0   entry7b.o
         0          0          0          0          0          0   entry8b.o
         8          4          0          0          0          0   entry9a.o
        12          6          0          4          0         68   errno.o
        30          0          0          0          0          0   handlers.o
        36          8          0          0          0         68   init.o
         0          0          0          0          0          0   iusefp.o
        30          0          0          0          0         68   llshl.o
        36          0          0          0          0         68   llsshr.o
        32          0          0          0          0         68   llushr.o
        36          0          0          0          0         68   memcpya.o
        36          0          0          0          0        108   memseta.o
        98          0          0          0          0         92   uldiv.o
        56          0          0          0          0         88   d2f.o
       334          0          0          0          0        148   dadd.o
       222          0          0          0          0        100   ddiv.o
       186          0          0          0          0        176   depilogue.o
        62          0          0          0          0         80   dfixi.o
        34          0          0          0          0         76   dflti.o
        26          0          0          0          0         76   dfltui.o
       228          0          0          0          0         96   dmul.o
        38          0          0          0          0         68   f2d.o
       110          0          0          0          0        168   fepilogue.o

    ----------------------------------------------------------------------
      4228        290        288          4          0       3380   Library Totals
        10          0          0          0          0          0   (incl. Padding)

    ----------------------------------------------------------------------

      Code (inc. data)   RO Data    RW Data    ZI Data      Debug   Library Name

      2556        268        288          0          0       1696   m_wm.l
       366         22          0          4          0        608   mc_w.l
      1296          0          0          0          0       1076   mf_w.l

    ----------------------------------------------------------------------
      4228        290        288          4          0       3380   Library Totals

    ----------------------------------------------------------------------

==============================================================================


      Code (inc. data)   RO Data    RW Data    ZI Data      Debug   

     25056       1842       1320        224      21888    1028158   Grand Totals
     25056       1842       1320        224      21888    1028158   ELF Image Totals
     25056       1842       1320        224          0          0   ROM Totals

==============================================================================

    Total RO  Size (Code + RO Data)                26376 (  25.76kB)
    Total RW  Size (RW Data + ZI Data)             22112 (  21.59kB)
    Total ROM Size (Code + RO Data + RW Data)      26600 (  25.98kB)

==============================================================================

