Component: ARM Compiler 5.06 update 6 (build 750) Tool: armlink [4d35ed]

==============================================================================

Section Cross References

    startup_stm32f407xx.o(RESET) refers to startup_stm32f407xx.o(STACK) for __initial_sp
    startup_stm32f407xx.o(RESET) refers to startup_stm32f407xx.o(.text) for Reset_Handler
    startup_stm32f407xx.o(RESET) refers to port.o(.emb_text) for SVC_Handler
    startup_stm32f407xx.o(RESET) refers to port.o(i.SysTick_Handler) for SysTick_Handler
    startup_stm32f407xx.o(RESET) refers to stm32f4xx_it.o(i.DMA1_Stream1_IRQHandler) for DMA1_Stream1_IRQHandler
    startup_stm32f407xx.o(RESET) refers to stm32f4xx_it.o(i.DMA1_Stream2_IRQHandler) for DMA1_Stream2_IRQHandler
    startup_stm32f407xx.o(RESET) refers to stm32f4xx_it.o(i.DMA1_Stream3_IRQHandler) for DMA1_Stream3_IRQHandler
    startup_stm32f407xx.o(RESET) refers to stm32f4xx_it.o(i.DMA1_Stream5_IRQHandler) for DMA1_Stream5_IRQHandler
    startup_stm32f407xx.o(RESET) refers to stm32f4xx_it.o(i.DMA1_Stream6_IRQHandler) for DMA1_Stream6_IRQHandler
    startup_stm32f407xx.o(RESET) refers to stm32f4xx_it.o(i.ADC_IRQHandler) for ADC_IRQHandler
    startup_stm32f407xx.o(RESET) refers to stm32f4xx_it.o(i.TIM4_IRQHandler) for TIM4_IRQHandler
    startup_stm32f407xx.o(RESET) refers to stm32f4xx_it.o(i.USART1_IRQHandler) for USART1_IRQHandler
    startup_stm32f407xx.o(RESET) refers to stm32f4xx_it.o(i.USART2_IRQHandler) for USART2_IRQHandler
    startup_stm32f407xx.o(RESET) refers to stm32f4xx_it.o(i.USART3_IRQHandler) for USART3_IRQHandler
    startup_stm32f407xx.o(RESET) refers to stm32f4xx_it.o(i.UART4_IRQHandler) for UART4_IRQHandler
    startup_stm32f407xx.o(.text) refers to system_stm32f4xx_1.o(i.SystemInit) for SystemInit
    startup_stm32f407xx.o(.text) refers to entry.o(.ARM.Collect$$$$00000000) for __main
    stm32f4xx_hal_timebase_tim.o(i.HAL_InitTick) refers to stm32f4xx_hal_cortex.o(i.HAL_NVIC_SetPriority) for HAL_NVIC_SetPriority
    stm32f4xx_hal_timebase_tim.o(i.HAL_InitTick) refers to stm32f4xx_hal_cortex.o(i.HAL_NVIC_EnableIRQ) for HAL_NVIC_EnableIRQ
    stm32f4xx_hal_timebase_tim.o(i.HAL_InitTick) refers to stm32f4xx_hal_rcc.o(i.HAL_RCC_GetClockConfig) for HAL_RCC_GetClockConfig
    stm32f4xx_hal_timebase_tim.o(i.HAL_InitTick) refers to stm32f4xx_hal_rcc.o(i.HAL_RCC_GetPCLK1Freq) for HAL_RCC_GetPCLK1Freq
    stm32f4xx_hal_timebase_tim.o(i.HAL_InitTick) refers to stm32f4xx_hal_tim.o(i.HAL_TIM_Base_Init) for HAL_TIM_Base_Init
    stm32f4xx_hal_timebase_tim.o(i.HAL_InitTick) refers to stm32f4xx_hal_tim.o(i.HAL_TIM_Base_Start_IT) for HAL_TIM_Base_Start_IT
    stm32f4xx_hal_timebase_tim.o(i.HAL_InitTick) refers to stm32f4xx_hal_timebase_tim.o(.bss) for htim4
    stm32f4xx_hal_timebase_tim.o(i.HAL_ResumeTick) refers to stm32f4xx_hal_timebase_tim.o(.bss) for htim4
    stm32f4xx_hal_timebase_tim.o(i.HAL_SuspendTick) refers to stm32f4xx_hal_timebase_tim.o(.bss) for htim4
    stm32f4xx_it.o(i.ADC_IRQHandler) refers to stm32f4xx_hal_adc.o(i.HAL_ADC_IRQHandler) for HAL_ADC_IRQHandler
    stm32f4xx_it.o(i.ADC_IRQHandler) refers to battery.o(.bss) for hadc1
    stm32f4xx_it.o(i.DMA1_Stream1_IRQHandler) refers to stm32f4xx_hal_dma.o(i.HAL_DMA_IRQHandler) for HAL_DMA_IRQHandler
    stm32f4xx_it.o(i.DMA1_Stream1_IRQHandler) refers to slamware.o(.bss) for hdma_usart3_rx
    stm32f4xx_it.o(i.DMA1_Stream2_IRQHandler) refers to stm32f4xx_hal_dma.o(i.HAL_DMA_IRQHandler) for HAL_DMA_IRQHandler
    stm32f4xx_it.o(i.DMA1_Stream2_IRQHandler) refers to sonar.o(.bss) for hdma_uart4_rx
    stm32f4xx_it.o(i.DMA1_Stream3_IRQHandler) refers to stm32f4xx_hal_dma.o(i.HAL_DMA_IRQHandler) for HAL_DMA_IRQHandler
    stm32f4xx_it.o(i.DMA1_Stream3_IRQHandler) refers to stm32f4xx_it.o(i.DMA_TxCallback) for DMA_TxCallback
    stm32f4xx_it.o(i.DMA1_Stream3_IRQHandler) refers to slamware.o(.bss) for hdma_usart3_tx
    stm32f4xx_it.o(i.DMA1_Stream5_IRQHandler) refers to stm32f4xx_hal_dma.o(i.HAL_DMA_IRQHandler) for HAL_DMA_IRQHandler
    stm32f4xx_it.o(i.DMA1_Stream5_IRQHandler) refers to host.o(.bss) for hdma_usart2_rx
    stm32f4xx_it.o(i.DMA1_Stream6_IRQHandler) refers to stm32f4xx_hal_dma.o(i.HAL_DMA_IRQHandler) for HAL_DMA_IRQHandler
    stm32f4xx_it.o(i.DMA1_Stream6_IRQHandler) refers to stm32f4xx_it.o(i.DMA_TxCallback) for DMA_TxCallback
    stm32f4xx_it.o(i.DMA1_Stream6_IRQHandler) refers to host.o(.bss) for hdma_usart2_tx
    stm32f4xx_it.o(i.TIM4_IRQHandler) refers to stm32f4xx_hal_tim.o(i.HAL_TIM_IRQHandler) for HAL_TIM_IRQHandler
    stm32f4xx_it.o(i.TIM4_IRQHandler) refers to stm32f4xx_hal_timebase_tim.o(.bss) for htim4
    stm32f4xx_it.o(i.UART4_IRQHandler) refers to stm32f4xx_hal_uart.o(i.HAL_UART_IRQHandler) for HAL_UART_IRQHandler
    stm32f4xx_it.o(i.UART4_IRQHandler) refers to stm32f4xx_it.o(i.UART_RxIdleCallback) for UART_RxIdleCallback
    stm32f4xx_it.o(i.UART4_IRQHandler) refers to sonar.o(.bss) for huart4
[...]
    __cxa_finalize                            - Undefined Weak Reference
    __decompress                              - Undefined Weak Reference
    _clock_init                               - Undefined Weak Reference
    _microlib_exit                            - Undefined Weak Reference
    __Vectors_Size                           0x00000188   Number         0  startup_stm32f407xx.o ABSOLUTE
    __Vectors                                0x08000000   Data           4  startup_stm32f407xx.o(RESET)
    __Vectors_End                            0x08000188   Data           0  startup_stm32f407xx.o(RESET)
    __main                                   0x08000189   Thumb Code     0  entry.o(.ARM.Collect$$$$00000000)
    _main_stk                                0x08000189   Thumb Code     0  entry2.o(.ARM.Collect$$$$00000001)
    _main_scatterload                        0x0800018d   Thumb Code     0  entry5.o(.ARM.Collect$$$$00000004)
    __main_after_scatterload                 0x08000191   Thumb Code     0  entry5.o(.ARM.Collect$$$$00000004)
    _main_clock                              0x08000191   Thumb Code     0  entry7b.o(.ARM.Collect$$$$00000008)
    _main_cpp_init                           0x08000191   Thumb Code     0  entry8b.o(.ARM.Collect$$$$0000000A)
    _main_init                               0x08000191   Thumb Code     0  entry9a.o(.ARM.Collect$$$$0000000B)
    __rt_final_cpp                           0x08000199   Thumb Code     0  entry10a.o(.ARM.Collect$$$$0000000D)
    __rt_final_exit                          0x08000199   Thumb Code     0  entry11a.o(.ARM.Collect$$$$0000000F)
    SVC_Handler                              0x0800019d   Thumb Code    28  port.o(.emb_text)
    __asm___6_port_c_39a90d8d__prvStartFirstTask 0x080001bd   Thumb Code    36  port.o(.emb_text)
    __asm___6_port_c_39a90d8d__prvEnableVFP  0x080001e5   Thumb Code    16  port.o(.emb_text)
    PendSV_Handler                           0x080001f9   Thumb Code    88  port.o(.emb_text)
    vPortGetIPSR                             0x08000255   Thumb Code     6  port.o(.emb_text)
    Reset_Handler                            0x0800025d   Thumb Code     8  startup_stm32f407xx.o(.text)
    NMI_Handler                              0x08000265   Thumb Code     2  startup_stm32f407xx.o(.text)
    HardFault_Handler                        0x08000267   Thumb Code     2  startup_stm32f407xx.o(.text)
    MemManage_Handler                        0x08000269   Thumb Code     2  startup_stm32f407xx.o(.text)
    BusFault_Handler                         0x0800026b   Thumb Code     2  startup_stm32f407xx.o(.text)
    UsageFault_Handler                       0x0800026d   Thumb Code     2  startup_stm32f407xx.o(.text)
    DebugMon_Handler                         0x08000271   Thumb Code     2  startup_stm32f407xx.o(.text)
    CAN1_RX0_IRQHandler                      0x08000277   Thumb Code     0  startup_stm32f407xx.o(.text)
    CAN1_RX1_IRQHandler                      0x08000277   Thumb Code     0  startup_stm32f407xx.o(.text)
    CAN1_SCE_IRQHandler                      0x08000277   Thumb Code     0  startup_stm32f407xx.o(.text)
    CAN1_TX_IRQHandler                       0x08000277   Thumb Code     0  startup_stm32f407xx.o(.text)
    CAN2_RX0_IRQHandler                      0x08000277   Thumb Code     0  startup_stm32f407xx.o(.text)
    CAN2_RX1_IRQHandler                      0x08000277   Thumb Code     0  startup_stm32f407xx.o(.text)
    CAN2_SCE_IRQHandler                      0x08000277   Thumb Code     0  startup_stm32f407xx.o(.text)
    CAN2_TX_IRQHandler                       0x08000277   Thumb Code     0  startup_stm32f407xx.o(.text)
    DCMI_IRQHandler                          0x08000277   Thumb Code     0  startup_stm32f407xx.o(.text)
    DMA1_Stream0_IRQHandler                  0x08000277   Thumb Code     0  startup_stm32f407xx.o(.text)
    DMA1_Stream4_IRQHandler                  0x08000277   Thumb Code     0  startup_stm32f407xx.o(.text)
    DMA1_Stream7_IRQHandler                  0x08000277   Thumb Code     0  startup_stm32f407xx.o(.text)
    DMA2_Stream0_IRQHandler                  0x08000277   Thumb Code     0  startup_stm32f407xx.o(.text)
    DMA2_Stream1_IRQHandler                  0x08000277   Thumb Code     0  startup_stm32f407xx.o(.text)
    DMA2_Stream2_IRQHandler                  0x08000277   Thumb Code     0  startup_stm32f407xx.o(.text)
    DMA2_Stream3_IRQHandler                  0x08000277   Thumb Code     0  startup_stm32f407xx.o(.text)
    DMA2_Stream4_IRQHandler                  0x08000277   Thumb Code     0  startup_stm32f407xx.o(.text)
    DMA2_Stream5_IRQHandler                  0x08000277   Thumb Code     0  startup_stm32f407xx.o(.text)
    DMA2_Stream6_IRQHandler                  0x08000277   Thumb Code     0  startup_stm32f407xx.o(.text)
    DMA2_Stream7_IRQHandler                  0x08000277   Thumb Code     0  startup_stm32f407xx.o(.text)
    ETH_IRQHandler                           0x08000277   Thumb Code     0  startup_stm32f407xx.o(.text)
    ETH_WKUP_IRQHandler                      0x08000277   Thumb Code     0  startup_stm32f407xx.o(.text)
    EXTI0_IRQHandler                         0x08000277   Thumb Code     0  startup_stm32f407xx.o(.text)
    EXTI15_10_IRQHandler                     0x08000277   Thumb Code     0  startup_stm32f407xx.o(.text)
    EXTI1_IRQHandler                         0x08000277   Thumb Code     0  startup_stm32f407xx.o(.text)
    EXTI2_IRQHandler                         0x08000277   Thumb Code     0  startup_stm32f407xx.o(.text)
    EXTI3_IRQHandler                         0x08000277   Thumb Code     0  startup_stm32f407xx.o(.text)
    EXTI4_IRQHandler                         0x08000277   Thumb Code     0  startup_stm32f407xx.o(.text)
    EXTI9_5_IRQHandler                       0x08000277   Thumb Code     0  startup_stm32f407xx.o(.text)
    FLASH_IRQHandler                         0x08000277   Thumb Code     0  startup_stm32f407xx.o(.text)
    FMC_IRQHandler                           0x08000277   Thumb Code     0  startup_stm32f407xx.o(.text)
    FPU_IRQHandler                           0x08000277   Thumb Code     0  startup_stm32f407xx.o(.text)
    HASH_RNG_IRQHandler                      0x08000277   Thumb Code     0  startup_stm32f407xx.o(.text)
    I2C1_ER_IRQHandler                       0x08000277   Thumb Code     0  startup_stm32f407xx.o(.text)
    I2C1_EV_IRQHandler                       0x08000277   Thumb Code     0  startup_stm32f407xx.o(.text)
    I2C2_ER_IRQHandler                       0x08000277   Thumb Code     0  startup_stm32f407xx.o(.text)
    I2C2_EV_IRQHandler                       0x08000277   Thumb Code     0  startup_stm32f407xx.o(.text)
    I2C3_ER_IRQHandler                       0x08000277   Thumb Code     0  startup_stm32f407xx.o(.text)
    I2C3_EV_IRQHandler                       0x08000277   Thumb Code     0  startup_stm32f407xx.o(.text)
    OTG_FS_IRQHandler                        0x08000277   Thumb Code     0  startup_stm32f407xx.o(.text)
    OTG_FS_WKUP_IRQHandler                   0x08000277   Thumb Code     0  startup_stm32f407xx.o(.text)
    OTG_HS_EP1_IN_IRQHandler                 0x08000277   Thumb Code     0  startup_stm32f407xx.o(.text)
    OTG_HS_EP1_OUT_IRQHandler                0x08000277   Thumb Code     0  startup_stm32f407xx.o(.text)
    OTG_HS_IRQHandler                        0x08000277   Thumb Code     0  startup_stm32f407xx.o(.text)
    OTG_HS_WKUP_IRQHandler                   0x08000277   Thumb Code     0  startup_stm32f407xx.o(.text)
    PVD_IRQHandler                           0x08000277   Thumb Code     0  startup_stm32f407xx.o(.text)
    RCC_IRQHandler                           0x08000277   Thumb Code     0  startup_stm32f407xx.o(.text)
    RTC_Alarm_IRQHandler                     0x08000277   Thumb Code     0  startup_stm32f407xx.o(.text)
    RTC_WKUP_IRQHandler                      0x08000277   Thumb Code     0  startup_stm32f407xx.o(.text)
    SDIO_IRQHandler                          0x08000277   Thumb Code     0  startup_stm32f407xx.o(.text)
    SPI1_IRQHandler                          0x08000277   Thumb Code     0  startup_stm32f407xx.o(.text)
    SPI2_IRQHandler                          0x08000277   Thumb Code     0  startup_stm32f407xx.o(.text)
    SPI3_IRQHandler                          0x08000277   Thumb Code     0  startup_stm32f407xx.o(.text)
    TAMP_STAMP_IRQHandler                    0x08000277   Thumb Code     0  startup_stm32f407xx.o(.text)
    TIM1_BRK_TIM9_IRQHandler                 0x08000277   Thumb Code     0  startup_stm32f407xx.o(.text)
    TIM1_CC_IRQHandler                       0x08000277   Thumb Code     0  startup_stm32f407xx.o(.text)
    TIM1_TRG_COM_TIM11_IRQHandler            0x08000277   Thumb Code     0  startup_stm32f407xx.o(.text)
    TIM1_UP_TIM10_IRQHandler                 0x08000277   Thumb Code     0  startup_stm32f407xx.o(.text)
    TIM2_IRQHandler                          0x08000277   Thumb Code     0  startup_stm32f407xx.o(.text)
    TIM3_IRQHandler                          0x08000277   Thumb Code     0  startup_stm32f407xx.o(.text)
    TIM5_IRQHandler                          0x08000277   Thumb Code     0  startup_stm32f407xx.o(.text)
    TIM6_DAC_IRQHandler                      0x08000277   Thumb Code     0  startup_stm32f407xx.o(.text)
    TIM7_IRQHandler                          0x08000277   Thumb Code     0  startup_stm32f407xx.o(.text)
    TIM8_BRK_TIM12_IRQHandler                0x08000277   Thumb Code     0  startup_stm32f407xx.o(.text)
    TIM8_CC_IRQHandler                       0x08000277   Thumb Code     0  startup_stm32f407xx.o(.text)
    TIM8_TRG_COM_TIM14_IRQHandler            0x08000277   Thumb Code     0  startup_stm32f407xx.o(.text)
    TIM8_UP_TIM13_IRQHandler                 0x08000277   Thumb Code     0  startup_stm32f407xx.o(.text)
    UART5_IRQHandler                         0x08000277   Thumb Code     0  startup_stm32f407xx.o(.text)
    USART6_IRQHandler                        0x08000277   Thumb Code     0  startup_stm32f407xx.o(.text)
    WWDG_IRQHandler                          0x08000277   Thumb Code     0  startup_stm32f407xx.o(.text)
    __aeabi_uldivmod                         0x08000281   Thumb Code    98  uldiv.o(.text)
    __aeabi_memcpy                           0x080002e3   Thumb Code    36  memcpya.o(.text)
    __aeabi_memcpy4                          0x080002e3   Thumb Code     0  memcpya.o(.text)
    __aeabi_memcpy8                          0x080002e3   Thumb Code     0  memcpya.o(.text)
    __aeabi_memset                           0x08000307   Thumb Code    14  memseta.o(.text)
    __aeabi_memset4                          0x08000307   Thumb Code     0  memseta.o(.text)
    __aeabi_memset8                          0x08000307   Thumb Code     0  memseta.o(.text)
    __aeabi_memclr                           0x08000315   Thumb Code     4  memseta.o(.text)
    __aeabi_memclr4                          0x08000315   Thumb Code     0  memseta.o(.text)
    __aeabi_memclr8                          0x08000315   Thumb Code     0  memseta.o(.text)
    memset                                   0x08000319   Thumb Code    18  memseta.o(.text)
    __aeabi_dmul                             0x0800032b   Thumb Code   228  dmul.o(.text)
    __aeabi_f2d                              0x0800040f   Thumb Code    38  f2d.o(.text)
    __aeabi_d2f                              0x08000435   Thumb Code    56  d2f.o(.text)
    __aeabi_llsl                             0x0800046d   Thumb Code    30  llshl.o(.text)
    _ll_shift_l                              0x0800046d   Thumb Code     0  llshl.o(.text)
    __aeabi_llsr                             0x0800048b   Thumb Code    32  llushr.o(.text)
    _ll_ushift_r                             0x0800048b   Thumb Code     0  llushr.o(.text)
    __I$use$fp                               0x080004ab   Thumb Code     0  iusefp.o(.text)
    _float_round                             0x080004ab   Thumb Code    18  fepilogue.o(.text)
    _float_epilogue                          0x080004bd   Thumb Code    92  fepilogue.o(.text)
    _double_round                            0x08000519   Thumb Code    30  depilogue.o(.text)
    _double_epilogue                         0x08000537   Thumb Code   156  depilogue.o(.text)
    __scatterload                            0x080005d5   Thumb Code    28  init.o(.text)
    __scatterload_rt2                        0x080005d5   Thumb Code     0  init.o(.text)
    __aeabi_dadd                             0x080005f9   Thumb Code   322  dadd.o(.text)
    __aeabi_dsub                             0x0800073b   Thumb Code     6  dadd.o(.text)
    __aeabi_drsub                            0x08000741   Thumb Code     6  dadd.o(.text)
    __aeabi_ddiv                             0x08000747   Thumb Code   222  ddiv.o(.text)
    __aeabi_i2d                              0x08000825   Thumb Code    34  dflti.o(.text)
    __aeabi_ui2d                             0x08000847   Thumb Code    26  dfltui.o(.text)
    __aeabi_d2iz                             0x08000861   Thumb Code    62  dfixi.o(.text)
    __aeabi_lasr                             0x0800089f   Thumb Code    36  llsshr.o(.text)
    _ll_sshift_r                             0x0800089f   Thumb Code     0  llsshr.o(.text)
    ADC_IRQHandler                           0x080008c5   Thumb Code    10  stm32f4xx_it.o(i.ADC_IRQHandler)
    Battery_ADC_Init                         0x08000a35   Thumb Code   156  battery.o(i.Battery_ADC_Init)
    Battery_Init                             0x08000ae5   Thumb Code    12  battery.o(i.Battery_Init)
    Battery_RunTask                          0x08000af1   Thumb Code    28  battery.o(i.Battery_RunTask)
    Battery_Task                             0x08000b21   Thumb Code    36  battery.o(i.Battery_Task)
    Battery_UpdateData                       0x08000b49   Thumb Code   154  battery.o(i.Battery_UpdateData)
    Beep_Init                                0x08000c01   Thumb Code    20  beep.o(i.Beep_Init)
    Beep_RunTask                             0x08000c19   Thumb Code    42  beep.o(i.Beep_RunTask)
    Beep_Start                               0x08000c61   Thumb Code    42  beep.o(i.Beep_Start)
    Beep_Task                                0x08000c95   Thumb Code    78  beep.o(i.Beep_Task)
    DMA1_Stream1_IRQHandler                  0x08000cf5   Thumb Code    10  stm32f4xx_it.o(i.DMA1_Stream1_IRQHandler)
    DMA1_Stream2_IRQHandler                  0x08000d05   Thumb Code    10  stm32f4xx_it.o(i.DMA1_Stream2_IRQHandler)
    DMA1_Stream3_IRQHandler                  0x08000d15   Thumb Code    16  stm32f4xx_it.o(i.DMA1_Stream3_IRQHandler)
    DMA1_Stream5_IRQHandler                  0x08000d2d   Thumb Code    10  stm32f4xx_it.o(i.DMA1_Stream5_IRQHandler)
    DMA1_Stream6_IRQHandler                  0x08000d3d   Thumb Code    16  stm32f4xx_it.o(i.DMA1_Stream6_IRQHandler)
    DMA_TxCallback                           0x08000e5f   Thumb Code    32  stm32f4xx_it.o(i.DMA_TxCallback)
    HAL_ADCEx_InjectedConvCpltCallback       0x08000e7f   Thumb Code     2  stm32f4xx_hal_adc_ex.o(i.HAL_ADCEx_InjectedConvCpltCallback)
    HAL_ADC_ConfigChannel                    0x08000e81   Thumb Code   380  stm32f4xx_hal_adc.o(i.HAL_ADC_ConfigChannel)
    HAL_ADC_ConvCpltCallback                 0x0800100d   Thumb Code     2  stm32f4xx_hal_adc.o(i.HAL_ADC_ConvCpltCallback)
    HAL_ADC_ErrorCallback                    0x0800100f   Thumb Code     2  stm32f4xx_hal_adc.o(i.HAL_ADC_ErrorCallback)
    HAL_ADC_GetState                         0x08001011   Thumb Code     6  stm32f4xx_hal_adc.o(i.HAL_ADC_GetState)
    HAL_ADC_GetValue                         0x08001017   Thumb Code     8  stm32f4xx_hal_adc.o(i.HAL_ADC_GetValue)
    HAL_ADC_IRQHandler                       0x0800101f   Thumb Code   372  stm32f4xx_hal_adc.o(i.HAL_ADC_IRQHandler)
    HAL_ADC_Init                             0x08001195   Thumb Code   100  stm32f4xx_hal_adc.o(i.HAL_ADC_Init)
    HAL_ADC_LevelOutOfWindowCallback         0x080011fd   Thumb Code     2  stm32f4xx_hal_adc.o(i.HAL_ADC_LevelOutOfWindowCallback)
    HAL_ADC_MspInit                          0x080011ff   Thumb Code     2  stm32f4xx_hal_adc.o(i.HAL_ADC_MspInit)
    HAL_ADC_PollForConversion                0x08001201   Thumb Code   194  stm32f4xx_hal_adc.o(i.HAL_ADC_PollForConversion)
    HAL_ADC_Start                            0x080012c5   Thumb Code   290  stm32f4xx_hal_adc.o(i.HAL_ADC_Start)
    HAL_DMA_Abort                            0x08001401   Thumb Code   170  stm32f4xx_hal_dma.o(i.HAL_DMA_Abort)
    HAL_DMA_Abort_IT                         0x080014ab   Thumb Code    40  stm32f4xx_hal_dma.o(i.HAL_DMA_Abort_IT)
    HAL_DMA_IRQHandler                       0x080014d5   Thumb Code   570  stm32f4xx_hal_dma.o(i.HAL_DMA_IRQHandler)
    HAL_DMA_Init                             0x08001715   Thumb Code   232  stm32f4xx_hal_dma.o(i.HAL_DMA_Init)
    HAL_DMA_Start_IT                         0x08001801   Thumb Code   146  stm32f4xx_hal_dma.o(i.HAL_DMA_Start_IT)
    HAL_GPIO_Init                            0x08001895   Thumb Code   466  stm32f4xx_hal_gpio.o(i.HAL_GPIO_Init)
    HAL_GPIO_WritePin                        0x08001a95   Thumb Code    12  stm32f4xx_hal_gpio.o(i.HAL_GPIO_WritePin)
    HAL_GetTick                              0x08001aa1   Thumb Code     6  stm32f4xx_hal.o(i.HAL_GetTick)
    HAL_IWDG_Init                            0x08001aad   Thumb Code    80  stm32f4xx_hal_iwdg.o(i.HAL_IWDG_Init)
    HAL_IWDG_Refresh                         0x08001afd   Thumb Code    14  stm32f4xx_hal_iwdg.o(i.HAL_IWDG_Refresh)
    HAL_Init                                 0x08001b0d   Thumb Code    54  stm32f4xx_hal.o(i.HAL_Init)
    HAL_InitTick                             0x08001b49   Thumb Code   122  stm32f4xx_hal_timebase_tim.o(i.HAL_InitTick)
    HAL_MspInit                              0x08001bd5   Thumb Code     2  stm32f4xx_hal.o(i.HAL_MspInit)
    HAL_NVIC_EnableIRQ                       0x08001bd7   Thumb Code    32  stm32f4xx_hal_cortex.o(i.HAL_NVIC_EnableIRQ)
    HAL_NVIC_SetPriority                     0x08001bf7   Thumb Code   124  stm32f4xx_hal_cortex.o(i.HAL_NVIC_SetPriority)
    HAL_NVIC_SetPriorityGrouping             0x08001c75   Thumb Code    32  stm32f4xx_hal_cortex.o(i.HAL_NVIC_SetPriorityGrouping)
    HAL_RCC_ClockConfig                      0x08001c9d   Thumb Code   368  stm32f4xx_hal_rcc.o(i.HAL_RCC_ClockConfig)
    HAL_RCC_GetClockConfig                   0x08001e21   Thumb Code    58  stm32f4xx_hal_rcc.o(i.HAL_RCC_GetClockConfig)
    HAL_RCC_GetHCLKFreq                      0x08001e65   Thumb Code     6  stm32f4xx_hal_rcc.o(i.HAL_RCC_GetHCLKFreq)
    HAL_RCC_GetPCLK1Freq                     0x08001e71   Thumb Code    22  stm32f4xx_hal_rcc.o(i.HAL_RCC_GetPCLK1Freq)
    HAL_RCC_GetPCLK2Freq                     0x08001e91   Thumb Code    22  stm32f4xx_hal_rcc.o(i.HAL_RCC_GetPCLK2Freq)
    HAL_RCC_GetSysClockFreq                  0x08001eb1   Thumb Code   162  stm32f4xx_hal_rcc.o(i.HAL_RCC_GetSysClockFreq)
    HAL_RCC_OscConfig                        0x08001f61   Thumb Code  1152  stm32f4xx_hal_rcc.o(i.HAL_RCC_OscConfig)
    HAL_TIMEx_BreakCallback                  0x080023e9   Thumb Code     2  stm32f4xx_hal_tim_ex.o(i.HAL_TIMEx_BreakCallback)
    HAL_TIMEx_CommutCallback                 0x080023eb   Thumb Code     2  stm32f4xx_hal_tim_ex.o(i.HAL_TIMEx_CommutCallback)
    HAL_TIMEx_ConfigBreakDeadTime            0x080023ed   Thumb Code   116  stm32f4xx_hal_tim_ex.o(i.HAL_TIMEx_ConfigBreakDeadTime)
    HAL_TIMEx_MasterConfigSynchronization    0x08002461   Thumb Code   150  stm32f4xx_hal_tim_ex.o(i.HAL_TIMEx_MasterConfigSynchronization)
    HAL_TIM_Base_Init                        0x08002515   Thumb Code    52  stm32f4xx_hal_tim.o(i.HAL_TIM_Base_Init)
    HAL_TIM_Base_MspInit                     0x08002549   Thumb Code     2  stm32f4xx_hal_tim.o(i.HAL_TIM_Base_MspInit)
    HAL_TIM_Base_Start_IT                    0x0800254b   Thumb Code    42  stm32f4xx_hal_tim.o(i.HAL_TIM_Base_Start_IT)
    HAL_TIM_Encoder_Init                     0x08002575   Thumb Code   174  stm32f4xx_hal_tim.o(i.HAL_TIM_Encoder_Init)
    HAL_TIM_Encoder_MspInit                  0x08002623   Thumb Code     2  stm32f4xx_hal_tim.o(i.HAL_TIM_Encoder_MspInit)
    HAL_TIM_Encoder_Start                    0x08002625   Thumb Code    78  stm32f4xx_hal_tim.o(i.HAL_TIM_Encoder_Start)
    HAL_TIM_IC_CaptureCallback               0x08002673   Thumb Code     2  stm32f4xx_hal_tim.o(i.HAL_TIM_IC_CaptureCallback)
    HAL_TIM_IRQHandler                       0x08002675   Thumb Code   406  stm32f4xx_hal_tim.o(i.HAL_TIM_IRQHandler)
    HAL_TIM_OC_DelayElapsedCallback          0x0800280b   Thumb Code     2  stm32f4xx_hal_tim.o(i.HAL_TIM_OC_DelayElapsedCallback)
    HAL_TIM_PWM_ConfigChannel                0x0800280d   Thumb Code   264  stm32f4xx_hal_tim.o(i.HAL_TIM_PWM_ConfigChannel)
    HAL_TIM_PWM_Init                         0x08002915   Thumb Code    52  stm32f4xx_hal_tim.o(i.HAL_TIM_PWM_Init)
    HAL_TIM_PWM_MspInit                      0x08002949   Thumb Code     2  stm32f4xx_hal_tim.o(i.HAL_TIM_PWM_MspInit)
    HAL_TIM_PWM_PulseFinishedCallback        0x0800294b   Thumb Code     2  stm32f4xx_hal_tim.o(i.HAL_TIM_PWM_PulseFinishedCallback)
    HAL_TIM_PWM_Start                        0x0800294d   Thumb Code    80  stm32f4xx_hal_tim.o(i.HAL_TIM_PWM_Start)
    HAL_TIM_PeriodElapsedCallback            0x080029a5   Thumb Code     2  stm32f4xx_hal_tim.o(i.HAL_TIM_PeriodElapsedCallback)
    HAL_TIM_TriggerCallback                  0x080029a7   Thumb Code     2  stm32f4xx_hal_tim.o(i.HAL_TIM_TriggerCallback)
    HAL_UART_DMAStop                         0x080029a9   Thumb Code   102  stm32f4xx_hal_uart.o(i.HAL_UART_DMAStop)
    HAL_UART_ErrorCallback                   0x08002a0f   Thumb Code     2  stm32f4xx_hal_uart.o(i.HAL_UART_ErrorCallback)
    HAL_UART_IRQHandler                      0x08002a11   Thumb Code   336  stm32f4xx_hal_uart.o(i.HAL_UART_IRQHandler)
    HAL_UART_Init                            0x08002b65   Thumb Code   114  stm32f4xx_hal_uart.o(i.HAL_UART_Init)
    HAL_UART_MspInit                         0x08002bd7   Thumb Code     2  stm32f4xx_hal_uart.o(i.HAL_UART_MspInit)
    HAL_UART_Receive_DMA                     0x08002bd9   Thumb Code   182  stm32f4xx_hal_uart.o(i.HAL_UART_Receive_DMA)
    HAL_UART_RxCpltCallback                  0x08002c9d   Thumb Code     2  stm32f4xx_hal_uart.o(i.HAL_UART_RxCpltCallback)
    HAL_UART_RxHalfCpltCallback              0x08002c9f   Thumb Code     2  stm32f4xx_hal_uart.o(i.HAL_UART_RxHalfCpltCallback)
    HAL_UART_Transmit                        0x08002ca1   Thumb Code   216  stm32f4xx_hal_uart.o(i.HAL_UART_Transmit)
    HAL_UART_Transmit_DMA                    0x08002d79   Thumb Code   142  stm32f4xx_hal_uart.o(i.HAL_UART_Transmit_DMA)
    HAL_UART_TxCpltCallback                  0x08002e15   Thumb Code     2  stm32f4xx_hal_uart.o(i.HAL_UART_TxCpltCallback)
    HAL_UART_TxHalfCpltCallback              0x08002e17   Thumb Code     2  stm32f4xx_hal_uart.o(i.HAL_UART_TxHalfCpltCallback)
    Host_DataHandler                         0x08002e19   Thumb Code   226  host.o(i.Host_DataHandler)
    Host_Init                                0x08002f21   Thumb Code   344  host.o(i.Host_Init)
    Host_ProcessStream                       0x0800309d   Thumb Code   842  host.o(i.Host_ProcessStream)
    Host_RunTask                             0x08003415   Thumb Code    32  host.o(i.Host_RunTask)
    Host_SendStream                          0x08003449   Thumb Code    28  host.o(i.Host_SendStream)
    Host_Task                                0x08003469   Thumb Code   180  host.o(i.Host_Task)
    Kinematic_SetSpeed                       0x08003539   Thumb Code   112  kinematic.o(i.Kinematic_SetSpeed)
    Kinematic_UpdateDisplacement             0x080035b5   Thumb Code   294  kinematic.o(i.Kinematic_UpdateDisplacement)
    Motor_ClearEncoder                       0x080036f9   Thumb Code    22  motor.o(i.Motor_ClearEncoder)
    Motor_Encoder_Init                       0x08003719   Thumb Code   290  motor.o(i.Motor_Encoder_Init)
    Motor_Init                               0x08003855   Thumb Code   190  motor.o(i.Motor_Init)
    Motor_ReadEncoder                        0x08003929   Thumb Code    26  motor.o(i.Motor_ReadEncoder)
    Motor_RunTask                            0x0800394d   Thumb Code    40  motor.o(i.Motor_RunTask)
    Motor_SetPWM                             0x08003989   Thumb Code   260  motor.o(i.Motor_SetPWM)
    Motor_SetSpeedPPS                        0x08003a99   Thumb Code    40  motor.o(i.Motor_SetSpeedPPS)
    Motor_Task                               0x08003ac9   Thumb Code   420  motor.o(i.Motor_Task)
    Motor_Timer_Init                         0x08003c91   Thumb Code   220  motor.o(i.Motor_Timer_Init)
    Observer_RunTask                         0x08003d7d   Thumb Code    18  observer.o(i.Observer_RunTask)
    Observer_Task                            0x08003d9d   Thumb Code    70  observer.o(i.Observer_Task)
    Servo_Init                               0x08003df1   Thumb Code   156  servo.o(i.Servo_Init)
    Servo_RunTask                            0x08003ea1   Thumb Code    42  servo.o(i.Servo_RunTask)
    Servo_SendByte                           0x08003ee9   Thumb Code    18  servo.o(i.Servo_SendByte)
    Servo_SendControlStream                  0x08003f01   Thumb Code    96  servo.o(i.Servo_SendControlStream)
    Servo_SetAngle                           0x08003f69   Thumb Code    54  servo.o(i.Servo_SetAngle)
    Servo_Task                               0x08003fa9   Thumb Code    82  servo.o(i.Servo_Task)
    Slamware_DataHandler                     0x08004009   Thumb Code     2  slamware.o(i.Slamware_DataHandler)
    Sonar_DataHandler                        0x0800400d   Thumb Code   194  sonar.o(i.Sonar_DataHandler)
    Sonar_Init                               0x080040f1   Thumb Code   256  sonar.o(i.Sonar_Init)
    Sonar_Multiplexer_Init                   0x08004209   Thumb Code    68  sonar.o(i.Sonar_Multiplexer_Init)
    Sonar_Multiplexer_SetChannel             0x08004251   Thumb Code   274  sonar.o(i.Sonar_Multiplexer_SetChannel)
    Sonar_RunTask                            0x08004369   Thumb Code    42  sonar.o(i.Sonar_RunTask)
    Sonar_SendByte                           0x080043b1   Thumb Code    18  sonar.o(i.Sonar_SendByte)
    Sonar_Task                               0x080043c9   Thumb Code   128  sonar.o(i.Sonar_Task)
    StreamBuilder_AddCheckSum                0x0800446d   Thumb Code    38  streambuilder.o(i.StreamBuilder_AddCheckSum)
    StreamBuilder_AddFloat                   0x08004495   Thumb Code    68  streambuilder.o(i.StreamBuilder_AddFloat)
    StreamBuilder_AddInt                     0x080044e1   Thumb Code    84  streambuilder.o(i.StreamBuilder_AddInt)
    StreamBuilder_AddUnsignedFloat           0x08004535   Thumb Code    68  streambuilder.o(i.StreamBuilder_AddUnsignedFloat)
    StreamBuilder_AddUnsignedInt             0x08004581   Thumb Code    82  streambuilder.o(i.StreamBuilder_AddUnsignedInt)
    StreamBuilder_GetFloat                   0x080045d5   Thumb Code   108  streambuilder.o(i.StreamBuilder_GetFloat)
    StreamBuilder_GetInt                     0x0800464d   Thumb Code    70  streambuilder.o(i.StreamBuilder_GetInt)
    StreamBuilder_GetUnsignedInt             0x08004693   Thumb Code    70  streambuilder.o(i.StreamBuilder_GetUnsignedInt)
    StreamBuilder_VerifyCheckSum             0x080046d9   Thumb Code    32  streambuilder.o(i.StreamBuilder_VerifyCheckSum)
    SysTick_Handler                          0x080046f9   Thumb Code    46  port.o(i.SysTick_Handler)
    SystemInit                               0x0800472d   Thumb Code    24  system_stm32f4xx_1.o(i.SystemInit)
    System_Clock_Config                      0x08004749   Thumb Code   210  system.o(i.System_Clock_Config)
    System_GPIO_Alt_Init                     0x08004825   Thumb Code    78  system.o(i.System_GPIO_Alt_Init)
    System_GPIO_CLK_Config                   0x08004875   Thumb Code   388  system.o(i.System_GPIO_CLK_Config)
    System_GPIO_Init                         0x08004a1d   Thumb Code    74  system.o(i.System_GPIO_Init)
    System_GPIO_Write                        0x08004a67   Thumb Code    20  system.o(i.System_GPIO_Write)
    TIM4_IRQHandler                          0x08004a7d   Thumb Code    10  stm32f4xx_it.o(i.TIM4_IRQHandler)
    TIM_Base_SetConfig                       0x08004a8d   Thumb Code   170  stm32f4xx_hal_tim.o(i.TIM_Base_SetConfig)
    TIM_CCxChannelCmd                        0x08004b65   Thumb Code    34  stm32f4xx_hal_tim.o(i.TIM_CCxChannelCmd)
    TIM_OC2_SetConfig                        0x08004bf9   Thumb Code   114  stm32f4xx_hal_tim.o(i.TIM_OC2_SetConfig)
    UART4_IRQHandler                         0x08004d59   Thumb Code    16  stm32f4xx_it.o(i.UART4_IRQHandler)
    UART_RxIdleCallback                      0x08004f65   Thumb Code   166  stm32f4xx_it.o(i.UART_RxIdleCallback)
    USART1_IRQHandler                        0x080054ed   Thumb Code    10  stm32f4xx_it.o(i.USART1_IRQHandler)
    USART2_IRQHandler                        0x080054fd   Thumb Code    16  stm32f4xx_it.o(i.USART2_IRQHandler)
    USART3_IRQHandler                        0x08005511   Thumb Code    16  stm32f4xx_it.o(i.USART3_IRQHandler)
    Watchdog_Feed                            0x08005525   Thumb Code    10  watchdog.o(i.Watchdog_Feed)
    Watchdog_Init                            0x08005535   Thumb Code    26  watchdog.o(i.Watchdog_Init)
    __ARM_fpclassify                         0x08005559   Thumb Code    48  fpclassify.o(i.__ARM_fpclassify)
    __hardfp_cos                             0x080055d9   Thumb Code   180  cos.o(i.__hardfp_cos)
    __hardfp_sin                             0x080056a1   Thumb Code   180  sin.o(i.__hardfp_sin)
    __ieee754_rem_pio2                       0x08005769   Thumb Code   938  rred.o(i.__ieee754_rem_pio2)
    __kernel_cos                             0x08005ba1   Thumb Code   322  cos_i.o(i.__kernel_cos)
    __kernel_poly                            0x08005d11   Thumb Code   248  poly.o(i.__kernel_poly)
    __kernel_sin                             0x08005e09   Thumb Code   280  sin_i.o(i.__kernel_sin)
    __mathlib_dbl_infnan                     0x08005f39   Thumb Code    20  dunder.o(i.__mathlib_dbl_infnan)
    __mathlib_dbl_invalid                    0x08005f51   Thumb Code    24  dunder.o(i.__mathlib_dbl_invalid)
    __mathlib_dbl_underflow                  0x08005f71   Thumb Code    24  dunder.o(i.__mathlib_dbl_underflow)
    __scatterload_copy                       0x08005f91   Thumb Code    14  handlers.o(i.__scatterload_copy)
    __scatterload_null                       0x08005f9f   Thumb Code     2  handlers.o(i.__scatterload_null)
    __scatterload_zeroinit                   0x08005fa1   Thumb Code    14  handlers.o(i.__scatterload_zeroinit)
    __set_errno                              0x08005fb1   Thumb Code     6  errno.o(i.__set_errno)
    fabs                                     0x08005fbd   Thumb Code    24  fabs.o(i.fabs)
    main                                     0x08005fd5   Thumb Code    78  main.o(i.main)
    osDelay                                  0x08006025   Thumb Code    50  cmsis_os2.o(i.osDelay)
    osKernelInitialize                       0x0800605d   Thumb Code    58  cmsis_os2.o(i.osKernelInitialize)
    osKernelStart                            0x0800609d   Thumb Code    68  cmsis_os2.o(i.osKernelStart)
    osMessageQueueGet                        0x080060e5   Thumb Code   144  cmsis_os2.o(i.osMessageQueueGet)
    osMessageQueueNew                        0x0800617d   Thumb Code   176  cmsis_os2.o(i.osMessageQueueNew)
    osMessageQueuePut                        0x08006231   Thumb Code   148  cmsis_os2.o(i.osMessageQueuePut)
    osMessageQueueReset                      0x080062cd   Thumb Code    60  cmsis_os2.o(i.osMessageQueueReset)
    osMutexAcquire                           0x0800630d   Thumb Code   120  cmsis_os2.o(i.osMutexAcquire)
    osMutexNew                               0x08006389   Thumb Code   198  cmsis_os2.o(i.osMutexNew)
    osMutexRelease                           0x08006455   Thumb Code   100  cmsis_os2.o(i.osMutexRelease)
    osThreadNew                              0x080064bd   Thumb Code   208  cmsis_os2.o(i.osThreadNew)
    osTimerNew                               0x08006591   Thumb Code   190  cmsis_os2.o(i.osTimerNew)
    osTimerStart                             0x08006659   Thumb Code    80  cmsis_os2.o(i.osTimerStart)
    pvPortMalloc                             0x0800715d   Thumb Code   296  heap_4.o(i.pvPortMalloc)
    pvTaskIncrementMutexHeldCount            0x08007299   Thumb Code    26  tasks.o(i.pvTaskIncrementMutexHeldCount)
    pvTimerGetTimerID                        0x080072b9   Thumb Code    44  timers.o(i.pvTimerGetTimerID)
    pxPortInitialiseStack                    0x080072e5   Thumb Code    38  port.o(i.pxPortInitialiseStack)
    uxListRemove                             0x08007311   Thumb Code    40  list.o(i.uxListRemove)
    vApplicationGetIdleTaskMemory            0x08007339   Thumb Code    14  cmsis_os2.o(i.vApplicationGetIdleTaskMemory)
    vApplicationGetTimerTaskMemory           0x08007351   Thumb Code    16  cmsis_os2.o(i.vApplicationGetTimerTaskMemory)
    vListInitialise                          0x08007369   Thumb Code    26  list.o(i.vListInitialise)
    vListInitialiseItem                      0x08007383   Thumb Code     6  list.o(i.vListInitialiseItem)
    vListInsert                              0x08007389   Thumb Code    52  list.o(i.vListInsert)
    vListInsertEnd                           0x080073bd   Thumb Code    24  list.o(i.vListInsertEnd)
    vPortEnterCritical                       0x080073d5   Thumb Code    76  port.o(i.vPortEnterCritical)
    vPortExitCritical                        0x08007429   Thumb Code    56  port.o(i.vPortExitCritical)
    vPortFree                                0x08007465   Thumb Code   140  heap_4.o(i.vPortFree)
    vPortSetupTimerInterrupt                 0x080074f9   Thumb Code    36  port.o(i.vPortSetupTimerInterrupt)
    vPortValidateInterruptPriority           0x08007521   Thumb Code   106  port.o(i.vPortValidateInterruptPriority)
    vQueueAddToRegistry                      0x08007599   Thumb Code    38  queue.o(i.vQueueAddToRegistry)
    vQueueWaitForMessageRestricted           0x080075c5   Thumb Code    74  queue.o(i.vQueueWaitForMessageRestricted)
    vTaskDelay                               0x08007611   Thumb Code    82  tasks.o(i.vTaskDelay)
    vTaskInternalSetTimeOutState             0x0800766d   Thumb Code    14  tasks.o(i.vTaskInternalSetTimeOutState)
    vTaskMissedYield                         0x08007685   Thumb Code     8  tasks.o(i.vTaskMissedYield)
    vTaskPlaceOnEventList                    0x08007691   Thumb Code    52  tasks.o(i.vTaskPlaceOnEventList)
    vTaskPlaceOnEventListRestricted          0x080076c9   Thumb Code    60  tasks.o(i.vTaskPlaceOnEventListRestricted)
    vTaskPriorityDisinheritAfterTimeout      0x08007709   Thumb Code   194  tasks.o(i.vTaskPriorityDisinheritAfterTimeout)
    vTaskStartScheduler                      0x080077d9   Thumb Code   156  tasks.o(i.vTaskStartScheduler)
    vTaskSuspendAll                          0x08007891   Thumb Code    12  tasks.o(i.vTaskSuspendAll)
    vTaskSwitchContext                       0x080078a1   Thumb Code   122  tasks.o(i.vTaskSwitchContext)
    xPortStartScheduler                      0x08007931   Thumb Code   330  port.o(i.xPortStartScheduler)
    xQueueCreateMutex                        0x08007a99   Thumb Code    34  queue.o(i.xQueueCreateMutex)
    xQueueCreateMutexStatic                  0x08007abb   Thumb Code    42  queue.o(i.xQueueCreateMutexStatic)
    xQueueGenericCreate                      0x08007ae5   Thumb Code    96  queue.o(i.xQueueGenericCreate)
    xQueueGenericCreateStatic                0x08007b45   Thumb Code   224  queue.o(i.xQueueGenericCreateStatic)
    xQueueGenericReset                       0x08007c25   Thumb Code   146  queue.o(i.xQueueGenericReset)
    xQueueGenericSend                        0x08007cbd   Thumb Code   420  queue.o(i.xQueueGenericSend)
    xQueueGenericSendFromISR                 0x08007e65   Thumb Code   248  queue.o(i.xQueueGenericSendFromISR)
    xQueueGiveMutexRecursive                 0x08007f5d   Thumb Code    72  queue.o(i.xQueueGiveMutexRecursive)
    xQueueReceive                            0x08007fa5   Thumb Code   356  queue.o(i.xQueueReceive)
    xQueueReceiveFromISR                     0x0800810d   Thumb Code   202  queue.o(i.xQueueReceiveFromISR)
    xQueueSemaphoreTake                      0x080081d9   Thumb Code   434  queue.o(i.xQueueSemaphoreTake)
    xQueueTakeMutexRecursive                 0x08008391   Thumb Code    78  queue.o(i.xQueueTakeMutexRecursive)
    xTaskCheckForTimeOut                     0x080083e1   Thumb Code   132  tasks.o(i.xTaskCheckForTimeOut)
    xTaskCreate                              0x0800846d   Thumb Code   100  tasks.o(i.xTaskCreate)
    xTaskCreateStatic                        0x080084d1   Thumb Code   186  tasks.o(i.xTaskCreateStatic)
    xTaskGetCurrentTaskHandle                0x0800858d   Thumb Code     6  tasks.o(i.xTaskGetCurrentTaskHandle)
    xTaskGetSchedulerState                   0x08008599   Thumb Code    24  tasks.o(i.xTaskGetSchedulerState)
    xTaskGetTickCount                        0x080085b9   Thumb Code     6  tasks.o(i.xTaskGetTickCount)
    xTaskIncrementTick                       0x080085c5   Thumb Code   280  tasks.o(i.xTaskIncrementTick)
    xTaskPriorityDisinherit                  0x08008709   Thumb Code   152  tasks.o(i.xTaskPriorityDisinherit)
    xTaskPriorityInherit                     0x080087ad   Thumb Code   150  tasks.o(i.xTaskPriorityInherit)
    xTaskRemoveFromEventList                 0x08008851   Thumb Code   126  tasks.o(i.xTaskRemoveFromEventList)
    xTaskResumeAll                           0x080088e9   Thumb Code   222  tasks.o(i.xTaskResumeAll)
    xTimerCreate                             0x080089ed   Thumb Code    54  timers.o(i.xTimerCreate)
    xTimerCreateStatic                       0x08008a23   Thumb Code   114  timers.o(i.xTimerCreateStatic)
    xTimerCreateTimerTask                    0x08008a95   Thumb Code   100  timers.o(i.xTimerCreateTimerTask)
    xTimerGenericCommand                     0x08008b0d   Thumb Code   128  timers.o(i.xTimerGenericCommand)
    hostTask_attributes                      0x08008b90   Data          36  host.o(.constdata)
    hostStreamQueue_attributes               0x08008bb4   Data          24  host.o(.constdata)
    motorControlTask_attributes              0x08008bcc   Data          16  motor.o(.constdata)
    motorDataMutexHandle_attributes          0x08008bdc   Data          16  motor.o(.constdata)
    observerTask_attributes                  0x08008bec   Data          36  observer.o(.constdata)
    servoTask_attributes                     0x08008c10   Data          36  servo.o(.constdata)
    servoStateMutex_attributes               0x08008c34   Data          16  servo.o(.constdata)
    servoDataQueue_attributes                0x08008c44   Data          24  servo.o(.constdata)
    beepTask_attributes                      0x08008c5c   Data          36  beep.o(.constdata)
    beepStateMutex_attributes                0x08008c80   Data          16  beep.o(.constdata)
    beepDurationQueue_attributes             0x08008c90   Data          24  beep.o(.constdata)
    batterySamplingTask_attributes           0x08008ca8   Data          36  battery.o(.constdata)
    batteryDataMutex_attributes              0x08008ccc   Data          16  battery.o(.constdata)
    sonarTask_attributes                     0x08008cdc   Data          36  sonar.o(.constdata)
    sonarDataMutex_attributes                0x08008d00   Data          16  sonar.o(.constdata)
    sonarDataQueue_attributes                0x08008d10   Data          24  sonar.o(.constdata)
    AHBPrescTable                            0x08008d30   Data          16  system_stm32f4xx_1.o(.constdata)
    APBPrescTable                            0x08008d40   Data           8  system_stm32f4xx_1.o(.constdata)
    Region$$Table$$Base                      0x08008f6c   Number         0  anon$$obj.o(Region$$Table)
    Region$$Table$$Limit                     0x08008f8c   Number         0  anon$$obj.o(Region$$Table)
    hostConnectionState                      0x20000000   Data           1  host.o(.data)
    hostStreamState                          0x20000001   Data           1  host.o(.data)
    hostLastDMAStreamSetLength               0x20000002   Data           2  host.o(.data)
    hostCurrentDMAStreamLength               0x20000004   Data           2  host.o(.data)
    hostFullStreamLength                     0x20000006   Data           2  host.o(.data)
    hostPayloadStreamLength                  0x20000008   Data           2  host.o(.data)
    hostTaskHandle                           0x2000000c   Data           4  host.o(.data)
    hostStreamQueueHandle                    0x20000010   Data           4  host.o(.data)
    motorControlTaskHandle                   0x20000014   Data           4  motor.o(.data)
    motorDataMutexHandle                     0x20000018   Data           4  motor.o(.data)
    observerTaskHandle                       0x2000001c   Data           4  observer.o(.data)
    servoData                                0x20000020   Data           4  servo.o(.data)
    servoTaskHandle                          0x20000024   Data           4  servo.o(.data)
    servoStateMutexHandle                    0x20000028   Data           4  servo.o(.data)
    servoDataQueueHandle                     0x2000002c   Data           4  servo.o(.data)
    beepDuration                             0x20000030   Data           4  beep.o(.data)
    beepTaskHandle                           0x20000034   Data           4  beep.o(.data)
    beepStateMutexHandle                     0x20000038   Data           4  beep.o(.data)
    beepDurationQueueHandle                  0x2000003c   Data           4  beep.o(.data)
    batterySamplingTaskHandle                0x20000040   Data           4  battery.o(.data)
    batteryDataMutexHandle                   0x20000044   Data           4  battery.o(.data)
    sonarRecieveBuffer                       0x20000048   Data           8  sonar.o(.data)
    sonarIter                                0x20000050   Data           1  sonar.o(.data)
    sonarState                               0x20000051   Data           1  sonar.o(.data)
    sonarData                                0x20000054   Data           8  sonar.o(.data)
    sonarLastDMAStreamSetLength              0x2000005c   Data           2  sonar.o(.data)
    sonarCurrentDMAStreamLength              0x2000005e   Data           2  sonar.o(.data)
    sonarFullStreamLength                    0x20000060   Data           2  sonar.o(.data)
    sonarTaskHandle                          0x20000064   Data           4  sonar.o(.data)
    sonarDataMutexHandle                     0x20000068   Data           4  sonar.o(.data)
    sonarDataQueueHandle                     0x2000006c   Data           4  sonar.o(.data)
    slamwareState                            0x20000070   Data           1  slamware.o(.data)
    uwTick                                   0x20000074   Data           4  stm32f4xx_hal.o(.data)
    uwTickPrio                               0x20000078   Data           4  stm32f4xx_hal.o(.data)
    uwTickFreq                               0x2000007c   Data           1  stm32f4xx_hal.o(.data)
    SystemCoreClock                          0x20000080   Data           4  system_stm32f4xx_1.o(.data)
    pxCurrentTCB                             0x20000084   Data           4  tasks.o(.data)
    htim4                                    0x20000100   Data          64  stm32f4xx_hal_timebase_tim.o(.bss)
    huart2                                   0x20000140   Data          64  host.o(.bss)
    hdma_usart2_rx                           0x20000180   Data          96  host.o(.bss)
    hdma_usart2_tx                           0x200001e0   Data          96  host.o(.bss)
    hostRecieveBuffer                        0x20000240   Data         256  host.o(.bss)
    htim1                                    0x20000340   Data          64  motor.o(.bss)
    htim2                                    0x20000380   Data          64  motor.o(.bss)
    htim3                                    0x200003c0   Data          64  motor.o(.bss)
    robotMotorData                           0x20000400   Data          56  motor.o(.bss)
    huart1                                   0x20000438   Data          64  servo.o(.bss)
    hiwdg                                    0x20000478   Data          12  watchdog.o(.bss)
    hadc1                                    0x20000484   Data          72  battery.o(.bss)
    batteryData                              0x200004cc   Data          16  battery.o(.bss)
    huart4                                   0x200004dc   Data          64  sonar.o(.bss)
    hdma_uart4_rx                            0x2000051c   Data          96  sonar.o(.bss)
    robotDisplacement                        0x2000057c   Data          12  kinematic.o(.bss)
    huart3                                   0x20000588   Data          64  slamware.o(.bss)
    hdma_usart3_rx                           0x200005c8   Data          96  slamware.o(.bss)
    hdma_usart3_tx                           0x20000628   Data          96  slamware.o(.bss)
    slamwareRecieveBuffer                    0x20000688   Data         512  slamware.o(.bss)
    slamwareSendBuffer                       0x20000888   Data         512  slamware.o(.bss)
    xQueueRegistry                           0x20000a88   Data          64  queue.o(.bss)
    __initial_sp                             0x20009760   Data           0  startup_stm32f407xx.o(STACK)



==============================================================================

Memory Map of the image

  Image Entry point : 0x08000189

  Load Region LR_IROM1 (Base: 0x08000000, Size: 0x0000908c, Max: 0x00100000, ABSOLUTE)

    Execution Region ER_IROM1 (Exec base: 0x08000000, Load base: 0x08000000, Size: 0x00008f8c, Max: 0x00100000, ABSOLUTE)

    Exec Addr    Load Addr    Size         Type   Attr      Idx    E Section Name        Object

    0x08000000   0x08000000   0x00000188   Data   RO            3    RESET               startup_stm32f407xx.o
    0x08000188   0x08000188   0x00000000   Code   RO         5567  * .ARM.Collect$$$$00000000  mc_w.l(entry.o)
    0x08000188   0x08000188   0x00000004   Code   RO         5614    .ARM.Collect$$$$00000001  mc_w.l(entry2.o)
    0x0800018c   0x0800018c   0x00000004   Code   RO         5617    .ARM.Collect$$$$00000004  mc_w.l(entry5.o)
    0x08000190   0x08000190   0x00000000   Code   RO         5619    .ARM.Collect$$$$00000008  mc_w.l(entry7b.o)
    0x08000190   0x08000190   0x00000000   Code   RO         5621    .ARM.Collect$$$$0000000A  mc_w.l(entry8b.o)
    0x08000190   0x08000190   0x00000008   Code   RO         5622    .ARM.Collect$$$$0000000B  mc_w.l(entry9a.o)
    0x08000198   0x08000198   0x00000000   Code   RO         5624    .ARM.Collect$$$$0000000D  mc_w.l(entry10a.o)
    0x08000198   0x08000198   0x00000000   Code   RO         5626    .ARM.Collect$$$$0000000F  mc_w.l(entry11a.o)
    0x08000198   0x08000198   0x00000004   Code   RO         5615    .ARM.Collect$$$$00002712  mc_w.l(entry2.o)
    0x0800019c   0x0800019c   0x000000be   Code   RO         5466    .emb_text           port.o
    0x0800025a   0x0800025a   0x00000002   PAD
    0x0800025c   0x0800025c   0x00000024   Code   RO            4    .text               startup_stm32f407xx.o
    0x08000280   0x08000280   0x00000062   Code   RO         5570    .text               mc_w.l(uldiv.o)
    0x080002e2   0x080002e2   0x00000024   Code   RO         5572    .text               mc_w.l(memcpya.o)
    0x08000306   0x08000306   0x00000024   Code   RO         5576    .text               mc_w.l(memseta.o)
    0x0800032a   0x0800032a   0x000000e4   Code   RO         5580    .text               mf_w.l(dmul.o)
    0x0800040e   0x0800040e   0x00000026   Code   RO         5582    .text               mf_w.l(f2d.o)
    0x08000434   0x08000434   0x00000038   Code   RO         5584    .text               mf_w.l(d2f.o)
    0x0800046c   0x0800046c   0x0000001e   Code   RO         5628    .text               mc_w.l(llshl.o)
    0x0800048a   0x0800048a   0x00000020   Code   RO         5630    .text               mc_w.l(llushr.o)
    0x080004aa   0x080004aa   0x00000000   Code   RO         5639    .text               mc_w.l(iusefp.o)
    0x080004aa   0x080004aa   0x0000006e   Code   RO         5640    .text               mf_w.l(fepilogue.o)
    0x08000518   0x08000518   0x000000ba   Code   RO         5642    .text               mf_w.l(depilogue.o)
    0x080005d2   0x080005d2   0x00000002   PAD
    0x080005d4   0x080005d4   0x00000024   Code   RO         5656    .text               mc_w.l(init.o)
    0x080005f8   0x080005f8   0x0000014e   Code   RO         5658    .text               mf_w.l(dadd.o)
    0x08000746   0x08000746   0x000000de   Code   RO         5660    .text               mf_w.l(ddiv.o)
    0x08000824   0x08000824   0x00000022   Code   RO         5662    .text               mf_w.l(dflti.o)
    0x08000846   0x08000846   0x0000001a   Code   RO         5664    .text               mf_w.l(dfltui.o)
    0x08000860   0x08000860   0x0000003e   Code   RO         5666    .text               mf_w.l(dfixi.o)
    0x0800089e   0x0800089e   0x00000024   Code   RO         5668    .text               mc_w.l(llsshr.o)
    0x080008c2   0x080008c2   0x00000002   PAD
    0x080008c4   0x080008c4   0x00000010   Code   RO          155    i.ADC_IRQHandler    stm32f4xx_it.o
    0x080008d4   0x080008d4   0x00000160   Code   RO         1060    i.ADC_Init          stm32f4xx_hal_adc.o
    0x08000a34   0x08000a34   0x000000b0   Code   RO          773    i.Battery_ADC_Init  battery.o
    0x08000ae4   0x08000ae4   0x0000000c   Code   RO          774    i.Battery_Init      battery.o
    0x08000af0   0x08000af0   0x00000030   Code   RO          775    i.Battery_RunTask   battery.o
    0x08000b20   0x08000b20   0x00000028   Code   RO          776    i.Battery_Task      battery.o
    0x08000b48   0x08000b48   0x000000b8   Code   RO          777    i.Battery_UpdateData  battery.o
    0x08000c00   0x08000c00   0x00000018   Code   RO          687    i.Beep_Init         beep.o
    0x08000c18   0x08000c18   0x00000048   Code   RO          688    i.Beep_RunTask      beep.o
    0x08000c60   0x08000c60   0x00000034   Code   RO          689    i.Beep_Start        beep.o
    0x08000c94   0x08000c94   0x00000060   Code   RO          690    i.Beep_Task         beep.o
    0x08000cf4   0x08000cf4   0x00000010   Code   RO          156    i.DMA1_Stream1_IRQHandler  stm32f4xx_it.o
    0x08000d04   0x08000d04   0x00000010   Code   RO          157    i.DMA1_Stream2_IRQHandler  stm32f4xx_it.o
    0x08000d14   0x08000d14   0x00000018   Code   RO          158    i.DMA1_Stream3_IRQHandler  stm32f4xx_it.o
    0x08000d2c   0x08000d2c   0x00000010   Code   RO          159    i.DMA1_Stream5_IRQHandler  stm32f4xx_it.o
    0x08000d3c   0x08000d3c   0x00000018   Code   RO          160    i.DMA1_Stream6_IRQHandler  stm32f4xx_it.o
    0x08000d54   0x08000d54   0x00000034   Code   RO         1836    i.DMA_CalcBaseAndBitshift  stm32f4xx_hal_dma.o
    0x08000d88   0x08000d88   0x000000aa   Code   RO         1837    i.DMA_CheckFifoParam  stm32f4xx_hal_dma.o
    0x08000e32   0x08000e32   0x0000002c   Code   RO         1838    i.DMA_SetConfig     stm32f4xx_hal_dma.o
    0x08000e5e   0x08000e5e   0x00000020   Code   RO          161    i.DMA_TxCallback    stm32f4xx_it.o
    0x08000e7e   0x08000e7e   0x00000002   Code   RO         1231    i.HAL_ADCEx_InjectedConvCpltCallback  stm32f4xx_hal_adc_ex.o
    0x08000e80   0x08000e80   0x0000018c   Code   RO         1062    i.HAL_ADC_ConfigChannel  stm32f4xx_hal_adc.o
    0x0800100c   0x0800100c   0x00000002   Code   RO         1063    i.HAL_ADC_ConvCpltCallback  stm32f4xx_hal_adc.o
    0x0800100e   0x0800100e   0x00000002   Code   RO         1066    i.HAL_ADC_ErrorCallback  stm32f4xx_hal_adc.o
    0x08001010   0x08001010   0x00000006   Code   RO         1068    i.HAL_ADC_GetState  stm32f4xx_hal_adc.o
    0x08001016   0x08001016   0x00000008   Code   RO         1069    i.HAL_ADC_GetValue  stm32f4xx_hal_adc.o
    0x0800101e   0x0800101e   0x00000174   Code   RO         1070    i.HAL_ADC_IRQHandler  stm32f4xx_hal_adc.o
    0x08001192   0x08001192   0x00000002   PAD
    0x08001194   0x08001194   0x00000068   Code   RO         1071    i.HAL_ADC_Init      stm32f4xx_hal_adc.o
    0x080011fc   0x080011fc   0x00000002   Code   RO         1072    i.HAL_ADC_LevelOutOfWindowCallback  stm32f4xx_hal_adc.o
    0x080011fe   0x080011fe   0x00000002   Code   RO         1074    i.HAL_ADC_MspInit   stm32f4xx_hal_adc.o
    0x08001200   0x08001200   0x000000c2   Code   RO         1075    i.HAL_ADC_PollForConversion  stm32f4xx_hal_adc.o
    0x080012c2   0x080012c2   0x00000002   PAD
    0x080012c4   0x080012c4   0x0000013c   Code   RO         1077    i.HAL_ADC_Start     stm32f4xx_hal_adc.o
    0x08001400   0x08001400   0x000000aa   Code   RO         1839    i.HAL_DMA_Abort     stm32f4xx_hal_dma.o
    0x080014aa   0x080014aa   0x00000028   Code   RO         1840    i.HAL_DMA_Abort_IT  stm32f4xx_hal_dma.o
    0x080014d2   0x080014d2   0x00000002   PAD
    0x080014d4   0x080014d4   0x00000240   Code   RO         1844    i.HAL_DMA_IRQHandler  stm32f4xx_hal_dma.o
    0x08001714   0x08001714   0x000000ec   Code   RO         1845    i.HAL_DMA_Init      stm32f4xx_hal_dma.o
    0x08001800   0x08001800   0x00000092   Code   RO         1849    i.HAL_DMA_Start_IT  stm32f4xx_hal_dma.o
    0x08001892   0x08001892   0x00000002   PAD
    0x08001894   0x08001894   0x00000200   Code   RO         1732    i.HAL_GPIO_Init     stm32f4xx_hal_gpio.o
    0x08001a94   0x08001a94   0x0000000c   Code   RO         1736    i.HAL_GPIO_WritePin  stm32f4xx_hal_gpio.o
    0x08001aa0   0x08001aa0   0x0000000c   Code   RO         2269    i.HAL_GetTick       stm32f4xx_hal.o
    0x08001aac   0x08001aac   0x00000050   Code   RO         2514    i.HAL_IWDG_Init     stm32f4xx_hal_iwdg.o
    0x08001afc   0x08001afc   0x0000000e   Code   RO         2515    i.HAL_IWDG_Refresh  stm32f4xx_hal_iwdg.o
    0x08001b0a   0x08001b0a   0x00000002   PAD
    0x08001b0c   0x08001b0c   0x0000003c   Code   RO         2276    i.HAL_Init          stm32f4xx_hal.o
    0x08001b48   0x08001b48   0x0000008c   Code   RO           13    i.HAL_InitTick      stm32f4xx_hal_timebase_tim.o
    0x08001bd4   0x08001bd4   0x00000002   Code   RO         2279    i.HAL_MspInit       stm32f4xx_hal.o
    0x08001bd6   0x08001bd6   0x00000020   Code   RO         2121    i.HAL_NVIC_EnableIRQ  stm32f4xx_hal_cortex.o
    0x08001bf6   0x08001bf6   0x0000007c   Code   RO         2127    i.HAL_NVIC_SetPriority  stm32f4xx_hal_cortex.o
    0x08001c72   0x08001c72   0x00000002   PAD
    0x08001c74   0x08001c74   0x00000028   Code   RO         2128    i.HAL_NVIC_SetPriorityGrouping  stm32f4xx_hal_cortex.o
    0x08001c9c   0x08001c9c   0x00000184   Code   RO         1333    i.HAL_RCC_ClockConfig  stm32f4xx_hal_rcc.o
    0x08001e20   0x08001e20   0x00000044   Code   RO         1337    i.HAL_RCC_GetClockConfig  stm32f4xx_hal_rcc.o
    0x08001e64   0x08001e64   0x0000000c   Code   RO         1338    i.HAL_RCC_GetHCLKFreq  stm32f4xx_hal_rcc.o
    0x08001e70   0x08001e70   0x00000020   Code   RO         1340    i.HAL_RCC_GetPCLK1Freq  stm32f4xx_hal_rcc.o
    0x08001e90   0x08001e90   0x00000020   Code   RO         1341    i.HAL_RCC_GetPCLK2Freq  stm32f4xx_hal_rcc.o
    0x08001eb0   0x08001eb0   0x000000b0   Code   RO         1342    i.HAL_RCC_GetSysClockFreq  stm32f4xx_hal_rcc.o
    0x08001f60   0x08001f60   0x00000488   Code   RO         1345    i.HAL_RCC_OscConfig  stm32f4xx_hal_rcc.o
    0x080023e8   0x080023e8   0x00000002   Code   RO         3232    i.HAL_TIMEx_BreakCallback  stm32f4xx_hal_tim_ex.o
    0x080023ea   0x080023ea   0x00000002   Code   RO         3233    i.HAL_TIMEx_CommutCallback  stm32f4xx_hal_tim_ex.o
    0x080023ec   0x080023ec   0x00000074   Code   RO         3235    i.HAL_TIMEx_ConfigBreakDeadTime  stm32f4xx_hal_tim_ex.o
    0x08002460   0x08002460   0x000000b4   Code   RO         3250    i.HAL_TIMEx_MasterConfigSynchronization  stm32f4xx_hal_tim_ex.o
    0x08002514   0x08002514   0x00000034   Code   RO         2546    i.HAL_TIM_Base_Init  stm32f4xx_hal_tim.o
    0x08002548   0x08002548   0x00000002   Code   RO         2548    i.HAL_TIM_Base_MspInit  stm32f4xx_hal_tim.o
    0x0800254a   0x0800254a   0x0000002a   Code   RO         2551    i.HAL_TIM_Base_Start_IT  stm32f4xx_hal_tim.o
    0x08002574   0x08002574   0x000000ae   Code   RO         2564    i.HAL_TIM_Encoder_Init  stm32f4xx_hal_tim.o
    0x08002622   0x08002622   0x00000002   Code   RO         2566    i.HAL_TIM_Encoder_MspInit  stm32f4xx_hal_tim.o
    0x08002624   0x08002624   0x0000004e   Code   RO         2567    i.HAL_TIM_Encoder_Start  stm32f4xx_hal_tim.o
    0x08002672   0x08002672   0x00000002   Code   RO         2575    i.HAL_TIM_IC_CaptureCallback  stm32f4xx_hal_tim.o
    0x08002674   0x08002674   0x00000196   Code   RO         2589    i.HAL_TIM_IRQHandler  stm32f4xx_hal_tim.o
    0x0800280a   0x0800280a   0x00000002   Code   RO         2592    i.HAL_TIM_OC_DelayElapsedCallback  stm32f4xx_hal_tim.o
    0x0800280c   0x0800280c   0x00000108   Code   RO         2613    i.HAL_TIM_PWM_ConfigChannel  stm32f4xx_hal_tim.o
    0x08002914   0x08002914   0x00000034   Code   RO         2616    i.HAL_TIM_PWM_Init  stm32f4xx_hal_tim.o
    0x08002948   0x08002948   0x00000002   Code   RO         2618    i.HAL_TIM_PWM_MspInit  stm32f4xx_hal_tim.o
    0x0800294a   0x0800294a   0x00000002   Code   RO         2619    i.HAL_TIM_PWM_PulseFinishedCallback  stm32f4xx_hal_tim.o
    0x0800294c   0x0800294c   0x00000058   Code   RO         2621    i.HAL_TIM_PWM_Start  stm32f4xx_hal_tim.o
    0x080029a4   0x080029a4   0x00000002   Code   RO         2627    i.HAL_TIM_PeriodElapsedCallback  stm32f4xx_hal_tim.o
    0x080029a6   0x080029a6   0x00000002   Code   RO         2632    i.HAL_TIM_TriggerCallback  stm32f4xx_hal_tim.o
    0x080029a8   0x080029a8   0x00000066   Code   RO         3502    i.HAL_UART_DMAStop  stm32f4xx_hal_uart.o
    0x08002a0e   0x08002a0e   0x00000002   Code   RO         3504    i.HAL_UART_ErrorCallback  stm32f4xx_hal_uart.o
    0x08002a10   0x08002a10   0x00000154   Code   RO         3507    i.HAL_UART_IRQHandler  stm32f4xx_hal_uart.o
    0x08002b64   0x08002b64   0x00000072   Code   RO         3508    i.HAL_UART_Init     stm32f4xx_hal_uart.o
    0x08002bd6   0x08002bd6   0x00000002   Code   RO         3510    i.HAL_UART_MspInit  stm32f4xx_hal_uart.o
    0x08002bd8   0x08002bd8   0x000000c4   Code   RO         3512    i.HAL_UART_Receive_DMA  stm32f4xx_hal_uart.o
    0x08002c9c   0x08002c9c   0x00000002   Code   RO         3514    i.HAL_UART_RxCpltCallback  stm32f4xx_hal_uart.o
    0x08002c9e   0x08002c9e   0x00000002   Code   RO         3515    i.HAL_UART_RxHalfCpltCallback  stm32f4xx_hal_uart.o
    0x08002ca0   0x08002ca0   0x000000d8   Code   RO         3516    i.HAL_UART_Transmit  stm32f4xx_hal_uart.o
    0x08002d78   0x08002d78   0x0000009c   Code   RO         3517    i.HAL_UART_Transmit_DMA  stm32f4xx_hal_uart.o
    0x08002e14   0x08002e14   0x00000002   Code   RO         3519    i.HAL_UART_TxCpltCallback  stm32f4xx_hal_uart.o
    0x08002e16   0x08002e16   0x00000002   Code   RO         3520    i.HAL_UART_TxHalfCpltCallback  stm32f4xx_hal_uart.o
    0x08002e18   0x08002e18   0x00000108   Code   RO          430    i.Host_DataHandler  host.o
    0x08002f20   0x08002f20   0x0000017c   Code   RO          431    i.Host_Init         host.o
    0x0800309c   0x0800309c   0x00000378   Code   RO          432    i.Host_ProcessStream  host.o
    0x08003414   0x08003414   0x00000034   Code   RO          433    i.Host_RunTask      host.o
    0x08003448   0x08003448   0x00000020   Code   RO          436    i.Host_SendStream   host.o
    0x08003468   0x08003468   0x000000d0   Code   RO          437    i.Host_Task         host.o
    0x08003538   0x08003538   0x0000007c   Code   RO          900    i.Kinematic_SetSpeed  kinematic.o
    0x080035b4   0x080035b4   0x00000144   Code   RO          901    i.Kinematic_UpdateDisplacement  kinematic.o
    0x080036f8   0x080036f8   0x00000020   Code   RO          505    i.Motor_ClearEncoder  motor.o
    0x08003718   0x08003718   0x0000013c   Code   RO          506    i.Motor_Encoder_Init  motor.o
    0x08003854   0x08003854   0x000000d4   Code   RO          507    i.Motor_Init        motor.o
    0x08003928   0x08003928   0x00000024   Code   RO          508    i.Motor_ReadEncoder  motor.o
    0x0800394c   0x0800394c   0x0000003c   Code   RO          509    i.Motor_RunTask     motor.o
    0x08003988   0x08003988   0x00000110   Code   RO          510    i.Motor_SetPWM      motor.o
    0x08003a98   0x08003a98   0x00000030   Code   RO          511    i.Motor_SetSpeedPPS  motor.o
    0x08003ac8   0x08003ac8   0x000001c8   Code   RO          512    i.Motor_Task        motor.o
    0x08003c90   0x08003c90   0x000000ec   Code   RO          513    i.Motor_Timer_Init  motor.o
    0x08003d7c   0x08003d7c   0x00000020   Code   RO          586    i.Observer_RunTask  observer.o
    0x08003d9c   0x08003d9c   0x00000054   Code   RO          587    i.Observer_Task     observer.o
    0x08003df0   0x08003df0   0x000000b0   Code   RO          624    i.Servo_Init        servo.o
    0x08003ea0   0x08003ea0   0x00000048   Code   RO          625    i.Servo_RunTask     servo.o
    0x08003ee8   0x08003ee8   0x00000018   Code   RO          626    i.Servo_SendByte    servo.o
    0x08003f00   0x08003f00   0x00000068   Code   RO          627    i.Servo_SendControlStream  servo.o
    0x08003f68   0x08003f68   0x00000040   Code   RO          628    i.Servo_SetAngle    servo.o
    0x08003fa8   0x08003fa8   0x00000060   Code   RO          629    i.Servo_Task        servo.o
    0x08004008   0x08004008   0x00000002   Code   RO          942    i.Slamware_DataHandler  slamware.o
    0x0800400a   0x0800400a   0x00000002   PAD
    0x0800400c   0x0800400c   0x000000e4   Code   RO          830    i.Sonar_DataHandler  sonar.o
    0x080040f0   0x080040f0   0x00000118   Code   RO          831    i.Sonar_Init        sonar.o
    0x08004208   0x08004208   0x00000048   Code   RO          832    i.Sonar_Multiplexer_Init  sonar.o
    0x08004250   0x08004250   0x00000118   Code   RO          833    i.Sonar_Multiplexer_SetChannel  sonar.o
    0x08004368   0x08004368   0x00000048   Code   RO          834    i.Sonar_RunTask     sonar.o
    0x080043b0   0x080043b0   0x00000018   Code   RO          835    i.Sonar_SendByte    sonar.o
    0x080043c8   0x080043c8   0x000000a4   Code   RO          836    i.Sonar_Task        sonar.o
    0x0800446c   0x0800446c   0x00000026   Code   RO          979    i.StreamBuilder_AddCheckSum  streambuilder.o
    0x08004492   0x08004492   0x00000002   PAD
    0x08004494   0x08004494   0x0000004c   Code   RO          980    i.StreamBuilder_AddFloat  streambuilder.o
    0x080044e0   0x080044e0   0x00000054   Code   RO          981    i.StreamBuilder_AddInt  streambuilder.o
    0x08004534   0x08004534   0x0000004c   Code   RO          982    i.StreamBuilder_AddUnsignedFloat  streambuilder.o
    0x08004580   0x08004580   0x00000052   Code   RO          983    i.StreamBuilder_AddUnsignedInt  streambuilder.o
    0x080045d2   0x080045d2   0x00000002   PAD
    0x080045d4   0x080045d4   0x00000078   Code   RO          984    i.StreamBuilder_GetFloat  streambuilder.o
    0x0800464c   0x0800464c   0x00000046   Code   RO          985    i.StreamBuilder_GetInt  streambuilder.o
    0x08004692   0x08004692   0x00000046   Code   RO          987    i.StreamBuilder_GetUnsignedInt  streambuilder.o
    0x080046d8   0x080046d8   0x00000020   Code   RO          988    i.StreamBuilder_VerifyCheckSum  streambuilder.o
    0x080046f8   0x080046f8   0x00000034   Code   RO         5467    i.SysTick_Handler   port.o
    0x0800472c   0x0800472c   0x0000001c   Code   RO         3815    i.SystemInit        system_stm32f4xx_1.o
    0x08004748   0x08004748   0x000000dc   Code   RO          376    i.System_Clock_Config  system.o
    0x08004824   0x08004824   0x0000004e   Code   RO          377    i.System_GPIO_Alt_Init  system.o
    0x08004872   0x08004872   0x00000002   PAD
    0x08004874   0x08004874   0x000001a8   Code   RO          378    i.System_GPIO_CLK_Config  system.o
    0x08004a1c   0x08004a1c   0x0000004a   Code   RO          379    i.System_GPIO_Init  system.o
    0x08004a66   0x08004a66   0x00000014   Code   RO          381    i.System_GPIO_Write  system.o
    0x08004a7a   0x08004a7a   0x00000002   PAD
    0x08004a7c   0x08004a7c   0x00000010   Code   RO          162    i.TIM4_IRQHandler   stm32f4xx_it.o
    0x08004a8c   0x08004a8c   0x000000d8   Code   RO         2634    i.TIM_Base_SetConfig  stm32f4xx_hal_tim.o
    0x08004b64   0x08004b64   0x00000022   Code   RO         2635    i.TIM_CCxChannelCmd  stm32f4xx_hal_tim.o
    0x08004b86   0x08004b86   0x00000002   PAD
    0x08004b88   0x08004b88   0x00000070   Code   RO         2647    i.TIM_OC1_SetConfig  stm32f4xx_hal_tim.o
    0x08004bf8   0x08004bf8   0x0000007c   Code   RO         2648    i.TIM_OC2_SetConfig  stm32f4xx_hal_tim.o
    0x08004c74   0x08004c74   0x00000078   Code   RO         2649    i.TIM_OC3_SetConfig  stm32f4xx_hal_tim.o
    0x08004cec   0x08004cec   0x00000054   Code   RO         2650    i.TIM_OC4_SetConfig  stm32f4xx_hal_tim.o
    0x08004d40   0x08004d40   0x00000016   Code   RO         4971    i.TimerCallback     cmsis_os2.o
    0x08004d56   0x08004d56   0x00000002   PAD
    0x08004d58   0x08004d58   0x00000014   Code   RO          163    i.UART4_IRQHandler  stm32f4xx_it.o
    0x08004d6c   0x08004d6c   0x00000014   Code   RO         3521    i.UART_DMAAbortOnError  stm32f4xx_hal_uart.o
    0x08004d80   0x08004d80   0x00000050   Code   RO         3522    i.UART_DMAError     stm32f4xx_hal_uart.o
    0x08004dd0   0x08004dd0   0x00000046   Code   RO         3523    i.UART_DMAReceiveCplt  stm32f4xx_hal_uart.o
    0x08004e16   0x08004e16   0x0000000e   Code   RO         3525    i.UART_DMARxHalfCplt  stm32f4xx_hal_uart.o
    0x08004e24   0x08004e24   0x00000036   Code   RO         3527    i.UART_DMATransmitCplt  stm32f4xx_hal_uart.o
    0x08004e5a   0x08004e5a   0x0000000e   Code   RO         3529    i.UART_DMATxHalfCplt  stm32f4xx_hal_uart.o
    0x08004e68   0x08004e68   0x00000020   Code   RO         3531    i.UART_EndRxTransfer  stm32f4xx_hal_uart.o
    0x08004e88   0x08004e88   0x00000020   Code   RO         3532    i.UART_EndTransmit_IT  stm32f4xx_hal_uart.o
    0x08004ea8   0x08004ea8   0x00000014   Code   RO         3533    i.UART_EndTxTransfer  stm32f4xx_hal_uart.o
    0x08004ebc   0x08004ebc   0x000000a6   Code   RO         3534    i.UART_Receive_IT   stm32f4xx_hal_uart.o
    0x08004f62   0x08004f62   0x00000002   PAD
    0x08004f64   0x08004f64   0x000000cc   Code   RO          164    i.UART_RxIdleCallback  stm32f4xx_it.o
    0x08005030   0x08005030   0x000003e8   Code   RO         3535    i.UART_SetConfig    stm32f4xx_hal_uart.o
    0x08005418   0x08005418   0x00000068   Code   RO         3536    i.UART_Transmit_IT  stm32f4xx_hal_uart.o
    0x08005480   0x08005480   0x0000006c   Code   RO         3537    i.UART_WaitOnFlagUntilTimeout  stm32f4xx_hal_uart.o
    0x080054ec   0x080054ec   0x00000010   Code   RO          165    i.USART1_IRQHandler  stm32f4xx_it.o
    0x080054fc   0x080054fc   0x00000014   Code   RO          166    i.USART2_IRQHandler  stm32f4xx_it.o
    0x08005510   0x08005510   0x00000014   Code   RO          167    i.USART3_IRQHandler  stm32f4xx_it.o
    0x08005524   0x08005524   0x00000010   Code   RO          737    i.Watchdog_Feed     watchdog.o
    0x08005534   0x08005534   0x00000024   Code   RO          738    i.Watchdog_Init     watchdog.o
    0x08005558   0x08005558   0x00000030   Code   RO         5652    i.__ARM_fpclassify  m_wm.l(fpclassify.o)
    0x08005588   0x08005588   0x00000010   Code   RO         2134    i.__NVIC_GetPriorityGrouping  stm32f4xx_hal_cortex.o
    0x08005598   0x08005598   0x00000028   Code   RO         2135    i.__NVIC_SetPriority  stm32f4xx_hal_cortex.o
    0x080055c0   0x080055c0   0x00000006   Code   RO         4972    i.__get_BASEPRI     cmsis_os2.o
    0x080055c6   0x080055c6   0x00000006   Code   RO         4973    i.__get_IPSR        cmsis_os2.o
    0x080055cc   0x080055cc   0x00000006   Code   RO         4974    i.__get_PRIMASK     cmsis_os2.o
    0x080055d2   0x080055d2   0x00000006   PAD
    0x080055d8   0x080055d8   0x000000c8   Code   RO         5543    i.__hardfp_cos      m_wm.l(cos.o)
    0x080056a0   0x080056a0   0x000000c8   Code   RO         5555    i.__hardfp_sin      m_wm.l(sin.o)
    0x08005768   0x08005768   0x00000438   Code   RO         5603    i.__ieee754_rem_pio2  m_wm.l(rred.o)
    0x08005ba0   0x08005ba0   0x00000170   Code   RO         5586    i.__kernel_cos      m_wm.l(cos_i.o)
    0x08005d10   0x08005d10   0x000000f8   Code   RO         5654    i.__kernel_poly     m_wm.l(poly.o)
    0x08005e08   0x08005e08   0x00000130   Code   RO         5608    i.__kernel_sin      m_wm.l(sin_i.o)
    0x08005f38   0x08005f38   0x00000014   Code   RO         5590    i.__mathlib_dbl_infnan  m_wm.l(dunder.o)
    0x08005f4c   0x08005f4c   0x00000004   PAD
    0x08005f50   0x08005f50   0x00000020   Code   RO         5592    i.__mathlib_dbl_invalid  m_wm.l(dunder.o)
    0x08005f70   0x08005f70   0x00000020   Code   RO         5595    i.__mathlib_dbl_underflow  m_wm.l(dunder.o)
    0x08005f90   0x08005f90   0x0000000e   Code   RO         5672    i.__scatterload_copy  mc_w.l(handlers.o)
    0x08005f9e   0x08005f9e   0x00000002   Code   RO         5673    i.__scatterload_null  mc_w.l(handlers.o)
    0x08005fa0   0x08005fa0   0x0000000e   Code   RO         5674    i.__scatterload_zeroinit  mc_w.l(handlers.o)
    0x08005fae   0x08005fae   0x00000002   PAD
    0x08005fb0   0x08005fb0   0x0000000c   Code   RO         5634    i.__set_errno       mc_w.l(errno.o)
    0x08005fbc   0x08005fbc   0x00000018   Code   RO         5648    i.fabs              m_wm.l(fabs.o)
    0x08005fd4   0x08005fd4   0x0000004e   Code   RO          341    i.main              main.o
    0x08006022   0x08006022   0x00000002   PAD
    0x08006024   0x08006024   0x00000038   Code   RO         4975    i.osDelay           cmsis_os2.o
    0x0800605c   0x0800605c   0x00000040   Code   RO         4989    i.osKernelInitialize  cmsis_os2.o
    0x0800609c   0x0800609c   0x00000048   Code   RO         4992    i.osKernelStart     cmsis_os2.o
    0x080060e4   0x080060e4   0x00000098   Code   RO         4995    i.osMessageQueueGet  cmsis_os2.o
    0x0800617c   0x0800617c   0x000000b4   Code   RO         5000    i.osMessageQueueNew  cmsis_os2.o
    0x08006230   0x08006230   0x0000009c   Code   RO         5001    i.osMessageQueuePut  cmsis_os2.o
    0x080062cc   0x080062cc   0x00000040   Code   RO         5002    i.osMessageQueueReset  cmsis_os2.o
    0x0800630c   0x0800630c   0x0000007c   Code   RO         5003    i.osMutexAcquire    cmsis_os2.o
    0x08006388   0x08006388   0x000000cc   Code   RO         5006    i.osMutexNew        cmsis_os2.o
    0x08006454   0x08006454   0x00000068   Code   RO         5007    i.osMutexRelease    cmsis_os2.o
    0x080064bc   0x080064bc   0x000000d4   Code   RO         5025    i.osThreadNew       cmsis_os2.o
    0x08006590   0x08006590   0x000000c8   Code   RO         5034    i.osTimerNew        cmsis_os2.o
    0x08006658   0x08006658   0x00000054   Code   RO         5035    i.osTimerStart      cmsis_os2.o
    0x080066ac   0x080066ac   0x0000007c   Code   RO         4432    i.prvAddCurrentTaskToDelayedList  tasks.o
    0x08006728   0x08006728   0x000000b8   Code   RO         4433    i.prvAddNewTaskToReadyList  tasks.o
    0x080067e0   0x080067e0   0x00000074   Code   RO         4796    i.prvCheckForValidListAndQueue  timers.o
    0x08006854   0x08006854   0x00000048   Code   RO         4434    i.prvCheckTasksWaitingTermination  tasks.o
    0x0800689c   0x0800689c   0x0000002a   Code   RO         4019    i.prvCopyDataFromQueue  queue.o
    0x080068c6   0x080068c6   0x0000007e   Code   RO         4020    i.prvCopyDataToQueue  queue.o
    0x08006944   0x08006944   0x00000050   Code   RO         4435    i.prvDeleteTCB      tasks.o
    0x08006994   0x08006994   0x00000014   Code   RO         4021    i.prvGetDisinheritPriorityAfterTimeout  queue.o
    0x080069a8   0x080069a8   0x00000028   Code   RO         4797    i.prvGetNextExpireTime  timers.o
    0x080069d0   0x080069d0   0x0000007c   Code   RO         5417    i.prvHeapInit       heap_4.o
    0x08006a4c   0x08006a4c   0x00000028   Code   RO         4436    i.prvIdleTask       tasks.o
    0x08006a74   0x08006a74   0x0000001e   Code   RO         4022    i.prvInitialiseMutex  queue.o
    0x08006a92   0x08006a92   0x0000002a   Code   RO         4023    i.prvInitialiseNewQueue  queue.o
    0x08006abc   0x08006abc   0x000000be   Code   RO         4437    i.prvInitialiseNewTask  tasks.o
    0x08006b7a   0x08006b7a   0x0000005a   Code   RO         4798    i.prvInitialiseNewTimer  timers.o
    0x08006bd4   0x08006bd4   0x00000068   Code   RO         4438    i.prvInitialiseTaskLists  tasks.o
    0x08006c3c   0x08006c3c   0x00000068   Code   RO         5418    i.prvInsertBlockIntoFreeList  heap_4.o
    0x08006ca4   0x08006ca4   0x00000058   Code   RO         4799    i.prvInsertTimerInActiveList  timers.o
    0x08006cfc   0x08006cfc   0x0000001a   Code   RO         4024    i.prvIsQueueEmpty   queue.o
    0x08006d16   0x08006d16   0x0000001e   Code   RO         4025    i.prvIsQueueFull    queue.o
    0x08006d34   0x08006d34   0x00000074   Code   RO         4800    i.prvProcessExpiredTimer  timers.o
    0x08006da8   0x08006da8   0x00000164   Code   RO         4801    i.prvProcessReceivedCommands  timers.o
    0x08006f0c   0x08006f0c   0x00000074   Code   RO         4802    i.prvProcessTimerOrBlockTask  timers.o
    0x08006f80   0x08006f80   0x00000034   Code   RO         4440    i.prvResetNextTaskUnblockTime  tasks.o
    0x08006fb4   0x08006fb4   0x0000002c   Code   RO         4803    i.prvSampleTimeNow  timers.o
    0x08006fe0   0x08006fe0   0x000000a4   Code   RO         4804    i.prvSwitchTimerLists  timers.o
    0x08007084   0x08007084   0x00000040   Code   RO         5468    i.prvTaskExitError  port.o
    0x080070c4   0x080070c4   0x0000001a   Code   RO         4805    i.prvTimerTask      timers.o
    0x080070de   0x080070de   0x0000007e   Code   RO         4026    i.prvUnlockQueue    queue.o
    0x0800715c   0x0800715c   0x0000013c   Code   RO         5419    i.pvPortMalloc      heap_4.o
    0x08007298   0x08007298   0x00000020   Code   RO         4443    i.pvTaskIncrementMutexHeldCount  tasks.o
    0x080072b8   0x080072b8   0x0000002c   Code   RO         4806    i.pvTimerGetTimerID  timers.o
    0x080072e4   0x080072e4   0x0000002c   Code   RO         5469    i.pxPortInitialiseStack  port.o
    0x08007310   0x08007310   0x00000028   Code   RO         3979    i.uxListRemove      list.o
    0x08007338   0x08007338   0x00000018   Code   RO         5037    i.vApplicationGetIdleTaskMemory  cmsis_os2.o
    0x08007350   0x08007350   0x00000018   Code   RO         5038    i.vApplicationGetTimerTaskMemory  cmsis_os2.o
    0x08007368   0x08007368   0x0000001a   Code   RO         3980    i.vListInitialise   list.o
    0x08007382   0x08007382   0x00000006   Code   RO         3981    i.vListInitialiseItem  list.o
    0x08007388   0x08007388   0x00000034   Code   RO         3982    i.vListInsert       list.o
    0x080073bc   0x080073bc   0x00000018   Code   RO         3983    i.vListInsertEnd    list.o
    0x080073d4   0x080073d4   0x00000054   Code   RO         5471    i.vPortEnterCritical  port.o
    0x08007428   0x08007428   0x0000003c   Code   RO         5472    i.vPortExitCritical  port.o
    0x08007464   0x08007464   0x00000094   Code   RO         5420    i.vPortFree         heap_4.o
    0x080074f8   0x080074f8   0x00000028   Code   RO         5473    i.vPortSetupTimerInterrupt  port.o
    0x08007520   0x08007520   0x00000078   Code   RO         5474    i.vPortValidateInterruptPriority  port.o
    0x08007598   0x08007598   0x0000002c   Code   RO         4032    i.vQueueAddToRegistry  queue.o
    0x080075c4   0x080075c4   0x0000004a   Code   RO         4036    i.vQueueWaitForMessageRestricted  queue.o
    0x0800760e   0x0800760e   0x00000002   PAD
    0x08007610   0x08007610   0x0000005c   Code   RO         4452    i.vTaskDelay        tasks.o
    0x0800766c   0x0800766c   0x00000018   Code   RO         4457    i.vTaskInternalSetTimeOutState  tasks.o
    0x08007684   0x08007684   0x0000000c   Code   RO         4458    i.vTaskMissedYield  tasks.o
    0x08007690   0x08007690   0x00000038   Code   RO         4460    i.vTaskPlaceOnEventList  tasks.o
    0x080076c8   0x080076c8   0x00000040   Code   RO         4461    i.vTaskPlaceOnEventListRestricted  tasks.o
    0x08007708   0x08007708   0x000000d0   Code   RO         4463    i.vTaskPriorityDisinheritAfterTimeout  tasks.o
    0x080077d8   0x080077d8   0x000000b8   Code   RO         4469    i.vTaskStartScheduler  tasks.o
    0x08007890   0x08007890   0x00000010   Code   RO         4471    i.vTaskSuspendAll   tasks.o
    0x080078a0   0x080078a0   0x00000090   Code   RO         4472    i.vTaskSwitchContext  tasks.o
    0x08007930   0x08007930   0x00000168   Code   RO         5475    i.xPortStartScheduler  port.o
    0x08007a98   0x08007a98   0x00000022   Code   RO         4039    i.xQueueCreateMutex  queue.o
    0x08007aba   0x08007aba   0x0000002a   Code   RO         4040    i.xQueueCreateMutexStatic  queue.o
    0x08007ae4   0x08007ae4   0x00000060   Code   RO         4041    i.xQueueGenericCreate  queue.o
    0x08007b44   0x08007b44   0x000000e0   Code   RO         4042    i.xQueueGenericCreateStatic  queue.o
    0x08007c24   0x08007c24   0x00000098   Code   RO         4043    i.xQueueGenericReset  queue.o
    0x08007cbc   0x08007cbc   0x000001a8   Code   RO         4044    i.xQueueGenericSend  queue.o
    0x08007e64   0x08007e64   0x000000f8   Code   RO         4045    i.xQueueGenericSendFromISR  queue.o
    0x08007f5c   0x08007f5c   0x00000048   Code   RO         4049    i.xQueueGiveMutexRecursive  queue.o
    0x08007fa4   0x08007fa4   0x00000168   Code   RO         4054    i.xQueueReceive     queue.o
    0x0800810c   0x0800810c   0x000000ca   Code   RO         4055    i.xQueueReceiveFromISR  queue.o
    0x080081d6   0x080081d6   0x00000002   PAD
    0x080081d8   0x080081d8   0x000001b8   Code   RO         4056    i.xQueueSemaphoreTake  queue.o
    0x08008390   0x08008390   0x0000004e   Code   RO         4057    i.xQueueTakeMutexRecursive  queue.o
    0x080083de   0x080083de   0x00000002   PAD
    0x080083e0   0x080083e0   0x0000008c   Code   RO         4473    i.xTaskCheckForTimeOut  tasks.o
    0x0800846c   0x0800846c   0x00000064   Code   RO         4474    i.xTaskCreate       tasks.o
    0x080084d0   0x080084d0   0x000000ba   Code   RO         4475    i.xTaskCreateStatic  tasks.o
    0x0800858a   0x0800858a   0x00000002   PAD
    0x0800858c   0x0800858c   0x0000000c   Code   RO         4478    i.xTaskGetCurrentTaskHandle  tasks.o
    0x08008598   0x08008598   0x00000020   Code   RO         4479    i.xTaskGetSchedulerState  tasks.o
    0x080085b8   0x080085b8   0x0000000c   Code   RO         4480    i.xTaskGetTickCount  tasks.o
    0x080085c4   0x080085c4   0x00000144   Code   RO         4482    i.xTaskIncrementTick  tasks.o
    0x08008708   0x08008708   0x000000a4   Code   RO         4485    i.xTaskPriorityDisinherit  tasks.o
    0x080087ac   0x080087ac   0x000000a4   Code   RO         4486    i.xTaskPriorityInherit  tasks.o
    0x08008850   0x08008850   0x00000098   Code   RO         4487    i.xTaskRemoveFromEventList  tasks.o
    0x080088e8   0x080088e8   0x00000104   Code   RO         4488    i.xTaskResumeAll    tasks.o
    0x080089ec   0x080089ec   0x00000036   Code   RO         4811    i.xTimerCreate      timers.o
    0x08008a22   0x08008a22   0x00000072   Code   RO         4812    i.xTimerCreateStatic  timers.o
    0x08008a94   0x08008a94   0x00000078   Code   RO         4813    i.xTimerCreateTimerTask  timers.o
    0x08008b0c   0x08008b0c   0x00000084   Code   RO         4814    i.xTimerGenericCommand  timers.o
    0x08008b90   0x08008b90   0x0000003c   Data   RO          439    .constdata          host.o
    0x08008bcc   0x08008bcc   0x00000020   Data   RO          515    .constdata          motor.o
    0x08008bec   0x08008bec   0x00000024   Data   RO          588    .constdata          observer.o
    0x08008c10   0x08008c10   0x0000004c   Data   RO          631    .constdata          servo.o
    0x08008c5c   0x08008c5c   0x0000004c   Data   RO          691    .constdata          beep.o
    0x08008ca8   0x08008ca8   0x00000034   Data   RO          779    .constdata          battery.o
    0x08008cdc   0x08008cdc   0x0000004c   Data   RO          838    .constdata          sonar.o
    0x08008d28   0x08008d28   0x00000008   Data   RO         1851    .constdata          stm32f4xx_hal_dma.o
    0x08008d30   0x08008d30   0x00000018   Data   RO         3816    .constdata          system_stm32f4xx_1.o
    0x08008d48   0x08008d48   0x00000030   Data   RO         5587    .constdata          m_wm.l(cos_i.o)
    0x08008d78   0x08008d78   0x000000c8   Data   RO         5605    .constdata          m_wm.l(rred.o)
    0x08008e40   0x08008e40   0x00000028   Data   RO         5609    .constdata          m_wm.l(sin_i.o)
    0x08008e68   0x08008e68   0x00000019   Data   RO          440    .conststring        host.o
    0x08008e81   0x08008e81   0x00000003   PAD
    0x08008e84   0x08008e84   0x00000027   Data   RO          516    .conststring        motor.o
    0x08008eab   0x08008eab   0x00000001   PAD
    0x08008eac   0x08008eac   0x0000000d   Data   RO          589    .conststring        observer.o
    0x08008eb9   0x08008eb9   0x00000003   PAD
    0x08008ebc   0x08008ebc   0x0000002c   Data   RO          632    .conststring        servo.o
    0x08008ee8   0x08008ee8   0x0000002f   Data   RO          692    .conststring        beep.o
    0x08008f17   0x08008f17   0x00000001   PAD
    0x08008f18   0x08008f18   0x00000025   Data   RO          780    .conststring        battery.o
    0x08008f3d   0x08008f3d   0x00000003   PAD
    0x08008f40   0x08008f40   0x0000002b   Data   RO          839    .conststring        sonar.o
    0x08008f6b   0x08008f6b   0x00000001   PAD
    0x08008f6c   0x08008f6c   0x00000020   Data   RO         5670    Region$$Table       anon$$obj.o


    Execution Region RW_IRAM2 (Exec base: 0x10000000, Load base: 0x0800908c, Size: 0x00000000, Max: 0x00010000, ABSOLUTE)

    **** No section assigned to this execution region ****


    Execution Region RW_IRAM1 (Exec base: 0x20000000, Load base: 0x08008f8c, Size: 0x00009760, Max: 0x00020000, ABSOLUTE)

    Exec Addr    Load Addr    Size         Type   Attr      Idx    E Section Name        Object

    0x20000000   0x08008f8c   0x00000014   Data   RW          441    .data               host.o
    0x20000014   0x08008fa0   0x00000008   Data   RW          517    .data               motor.o
    0x2000001c   0x08008fa8   0x00000004   Data   RW          590    .data               observer.o
    0x20000020   0x08008fac   0x00000010   Data   RW          633    .data               servo.o
    0x20000030   0x08008fbc   0x00000010   Data   RW          693    .data               beep.o
    0x20000040   0x08008fcc   0x00000008   Data   RW          781    .data               battery.o
    0x20000048   0x08008fd4   0x00000028   Data   RW          840    .data               sonar.o
    0x20000070   0x08008ffc   0x00000001   Data   RW          945    .data               slamware.o
    0x20000071   0x08008ffd   0x00000003   PAD
    0x20000074   0x08009000   0x00000009   Data   RW         2283    .data               stm32f4xx_hal.o
    0x2000007d   0x08009009   0x00000003   PAD
    0x20000080   0x0800900c   0x00000004   Data   RW         3817    .data               system_stm32f4xx_1.o
    0x20000084   0x08009010   0x0000003c   Data   RW         4491    .data               tasks.o
    0x200000c0   0x0800904c   0x00000014   Data   RW         4822    .data               timers.o
    0x200000d4   0x08009060   0x00000004   Data   RW         5040    .data               cmsis_os2.o
    0x200000d8   0x08009064   0x00000018   Data   RW         5425    .data               heap_4.o
    0x200000f0   0x0800907c   0x0000000c   Data   RW         5476    .data               port.o
    0x200000fc   0x08009088   0x00000004   Data   RW         5635    .data               mc_w.l(errno.o)
    0x20000100        -       0x00000040   Zero   RW           16    .bss                stm32f4xx_hal_timebase_tim.o
    0x20000140        -       0x00000200   Zero   RW          438    .bss                host.o
    0x20000340        -       0x000000f8   Zero   RW          514    .bss                motor.o
    0x20000438        -       0x00000040   Zero   RW          630    .bss                servo.o
    0x20000478        -       0x0000000c   Zero   RW          739    .bss                watchdog.o
    0x20000484        -       0x00000058   Zero   RW          778    .bss                battery.o
    0x200004dc        -       0x000000a0   Zero   RW          837    .bss                sonar.o
    0x2000057c        -       0x0000000c   Zero   RW          902    .bss                kinematic.o
    0x20000588        -       0x00000500   Zero   RW          944    .bss                slamware.o
    0x20000a88        -       0x00000040   Zero   RW         4058    .bss                queue.o
    0x20000ac8        -       0x000004c4   Zero   RW         4490    .bss                tasks.o
    0x20000f8c        -       0x00000118   Zero   RW         4821    .bss                timers.o
    0x200010a4        -       0x00000ab8   Zero   RW         5039    .bss                cmsis_os2.o
    0x20001b5c        -       0x00007800   Zero   RW         5424    .bss                heap_4.o
    0x2000935c   0x0800908c   0x00000004   PAD
    0x20009360        -       0x00000400   Zero   RW            1    STACK               startup_stm32f407xx.o


==============================================================================

Image component sizes


      Code (inc. data)   RO Data    RW Data    ZI Data      Debug   Object Name

       460         74         89          8         88       4672   battery.o
       244         62        123         16          0       3102   beep.o
      1760         90          0          4       2744      43575   cmsis_os2.o
         0          0          0          0          0      21016   event_groups.o
       692         62          0         24      30720       4987   heap_4.o
      1824        172         85         20        512       5985   host.o
       448         42          0          0         12       2842   kinematic.o
       148          0          0          0          0       3778   list.o
        78          0          0          0          0        591   main.o
      1668        160         71          8        248       8381   motor.o
       116         28         49          4          0       1780   observer.o
      1014         92          0         12          0      12113   port.o
      2932         26          0          0         64      26827   queue.o
       536         88        120         16         64       5374   servo.o
         2          0          0          1       1280       1401   slamware.o
      1120        146        119         40        160       6869   sonar.o
        36          8        392          0       1024        872   startup_stm32f407xx.o
        74         12          0          9          0       8290   stm32f4xx_hal.o
      1756         54          0          0          0       9402   stm32f4xx_hal_adc.o
         2          0          0          0          0       1081   stm32f4xx_hal_adc_ex.o
       252         22          0          0          0      33890   stm32f4xx_hal_cortex.o
      1434         16          8          0          0       7350   stm32f4xx_hal_dma.o
       524         46          0          0          0       2416   stm32f4xx_hal_gpio.o
        94          0          0          0          0       1851   stm32f4xx_hal_iwdg.o
      1868         94          0          0          0       6549   stm32f4xx_hal_rcc.o
      1862         90          0          0          0      16460   stm32f4xx_hal_tim.o
       300         30          0          0          0       3497   stm32f4xx_hal_tim_ex.o
       140         18          0          0         64     708683   stm32f4xx_hal_timebase_tim.o
      2850         40          0          0          0      18584   stm32f4xx_hal_uart.o
       440        102          0          0          0      18759   stm32f4xx_it.o
         0          0          0          0          0        392   stream_buffer.o
       648         28          0          0          0       8078   streambuilder.o
       816         46          0          0          0       4553   system.o
        28          4         24          4          0       1279   system_stm32f4xx_1.o
      3224        386          0         60       1220      31731   tasks.o
      1620        124          0         20        280      37543   timers.o
        52         16          0          0         12       1304   watchdog.o

    ----------------------------------------------------------------------
     31108       2178       1124        252      38496    1075857   Object Totals
         0          0         32          0          0          0   (incl. Generated)
        46          0         12          6          4          0   (incl. Padding)

    ----------------------------------------------------------------------

      Code (inc. data)   RO Data    RW Data    ZI Data      Debug   Library Member Name

       200         20          0          0          0        164   cos.o
       368         46         48          0          0        200   cos_i.o
        84         16          0          0          0        372   dunder.o
        24          0          0          0          0        124   fabs.o
        48          0          0          0          0        124   fpclassify.o
       248          0          0          0          0        152   poly.o
      1080        142        200          0          0        188   rred.o
       200         20          0          0          0        164   sin.o
       304         24         40          0          0        208   sin_i.o
         0          0          0          0          0          0   entry.o
         0          0          0          0          0          0   entry10a.o
         0          0          0          0          0          0   entry11a.o
         8          4          0          0          0          0   entry2.o
         4          0          0          0          0          0   entry5.o
         0          0          0          0          0          0   entry7b.o
         0          0          0          0          0          0   entry8b.o
         8          4          0          0          0          0   entry9a.o
        12          6          0          4          0         68   errno.o
        30          0          0          0          0          0   handlers.o
        36          8          0          0          0         68   init.o
         0          0          0          0          0          0   iusefp.o
        30          0          0          0          0         68   llshl.o
        36          0          0          0          0         68   llsshr.o
        32          0          0          0          0         68   llushr.o
        36          0          0          0          0         68   memcpya.o
        36          0          0          0          0        108   memseta.o
        98          0          0          0          0         92   uldiv.o
        56          0          0          0          0         88   d2f.o
       334          0          0          0          0        148   dadd.o
       222          0          0          0          0        100   ddiv.o
       186          0          0          0          0        176   depilogue.o
        62          0          0          0          0         80   dfixi.o
        34          0          0          0          0         76   dflti.o
        26          0          0          0          0         76   dfltui.o
       228          0          0          0          0         96   dmul.o
        38          0          0          0          0         68   f2d.o
       110          0          0          0          0        168   fepilogue.o

    ----------------------------------------------------------------------
      4228        290        288          4          0       3380   Library Totals
        10          0          0          0          0          0   (incl. Padding)

    ----------------------------------------------------------------------

      Code (inc. data)   RO Data    RW Data    ZI Data      Debug   Library Name

      2556        268        288          0          0       1696   m_wm.l
       366         22          0          4          0        608   mc_w.l
      1296          0          0          0          0       1076   mf_w.l

    ----------------------------------------------------------------------
      4228        290        288          4          0       3380   Library Totals

    ----------------------------------------------------------------------

==============================================================================


      Code (inc. data)   RO Data    RW Data    ZI Data      Debug   

     35336       2468       1412        256      38496    1051461   Grand Totals
     35336       2468       1412        256      38496    1051461   ELF Image Totals
     35336       2468       1412        256          0          0   ROM Totals

==============================================================================

    Total RO  Size (Code + RO Data)                36748 (  35.89kB)
    Total RW  Size (RW Data + ZI Data)             38752 (  37.84kB)
    Total ROM Size (Code + RO Data + RW Data)      37004 (  36.14kB)

==============================================================================

